
[!p[?3;4l[4l>[0m(B[?1h=[H[2J[?12l[?25h
Welcome to minicom 2.7

OPTIONS: I18n 
Compiled on Jan  1 2014, 17:13:19.
Port /dev/ttyUSB1, 17:26:56

Press CTRL-A Z for help on special keys


YX-UBOOT # reset
reset
resetting ...


U-Boot 2010.06 (Aug 14 2014 - 21:58:33)

TI8168-GP rev 2.1

HDVICP clk     : 533MHz
L3 Fast clk    : 500MHz
HDVPSS clk     : 250MHz
Ducati M3 clk  : 250MHz
DSP clk        : 800MHz
ARM clk        : 987MHz
[23;80H [24;1HDDR clk        : 796MHz
[23;80H [24;1H
[23;80H [24;1HI2C:   ready
[23;80H [24;1HDRAM:  2 GiB
[23;80H [24;1HNAND:  HW ECC BCH8 Selected
[23;80H [24;1H256 MiB
[23;80H [24;1HMMC:   OMAP SD/MMC: 0
[23;80H [24;1H                                                                 
[23;80H [24;1H                                                                 
[23;80H [24;1H                   D S P D S P D S P D S                         
[23;80H [24;1H               P D S P D S P D S P D S P D                       
[23;80H [24;1H             S P D S P D S P D S P D S P D                       
[23;80H [24;1H             S P D S P D S P D S P D S P D   S P D               
[23;80H [24;1H               S P D S P D S P D S P D S     P D S P             
[23;80H [24;1H                 D S P D S P D S P D S P   D S P D S P           
[23;80H [24;1H                   D S P D S P D S P D S P D S P D S P           
[23;80H [24;1H                     D S P D S P D S P D S P D S P D S P         
[23;80H [24;1H                     D S P D S P D S P D S P D S P D S P         
[23;80H [24;1H                       D S P D S P D S P D S P D S P D S P       
[23;80H [24;1H                       D S P D S P D S P D S P D S P D S P       
[23;80H [24;1H                       D S P D S P D S P D S P D S P D S P       
[23;80H [24;1H                       D S P D S P D S P D S P D S P D S P       
[23;80H [24;1H                       D S P D S P D S P D S P D S P D S P       
[23;80H [24;1H                       D S P D S P D S P D S P D S P D S P       
[23;80H [24;1H                       D S P D S P D S P D S P D S P D S P       
[23;80H [24;1H                     D S P D S P D S P D S P D S P D S P D       
[23;80H [24;1H                     S P D S P D S         P D S P D S P D       
[23;80H [24;1H                   S P D S P D               S P D S P D         
[23;80H [24;1H                   S P D S P                   D S P D S         
[23;80H [24;1H                 P D S P D                       S P D S         
[23;80H [24;1H                 P D S P                         D S P           
[23;80H [24;1H               D S P D                           S P D           
[23;80H [24;1H             S P D S                             P D             
[23;80H [24;1H             S P D                                               
[23;80H [24;1H             S P D                                               
[23;80H [24;1H                                                                 
[23;80H [24;1H
[23;80H [24;1HNet:   Ethernet PHY: GENERIC @ 0x01
[23;80H [24;1HDaVinci EMAC
[23;80H [24;1HHit any key to stop autoboot:
  3  0 
[23;80H [24;1HYX-UBOOT # setenv ipaddr 192.168.1.146
setenv ipaddr 192.168.1.146
[23;80H [24;1HYX-UBOOT #setenv gatewayip 192.168.1.9
 setenv gatewayip 192.168.1.9
[23;80H [24;1HYX-UBOOT # setenv netmask 255.255.255.0
setenv netmask 255.255.255.0
[23;80H [24;1HYX-UBOOT #setenv serverip 192.168.1.9
 setenv serverip 192.168.1.9
[23;80H [24;1HYX-UBOOT # setenv bootargs 'mem=512M console=ttyO2,115200n8 rootwait=1 rw ubi.mtd=4,2048 rootfstype=ubifs root=ubi0:rootfs ip=192.168.1.146 vram=20M notifyk.vpssm3_sva=0xbfb00000 vmalloc=476M ddr_mem=2048M'
setenv bootargs 'mem=512M console=ttyO2,115200n8 rootwait=1 rw ubi.m[24;80H[24;80H[24;80H[24;80H[24;80H[24;80H[24;80H[24;80H[24;80H[24;80H[24;80H[24;80H[24;80H[24;80H[24;80H[24;80H[24;80H[24;80H[24;80H[24;80H[24;80H[24;80H[24;80H[24;80H[24;80H[24;80H[24;80H[24;80H[24;80H[24;80H[24;80H[24;80H[24;80H[24;80H[24;80H[24;80H[24;80H[24;80H[24;80H[24;80H[24;80H[24;80H[24;80H[24;80H[24;80H[24;80H[24;80H[24;80H[24;80H[24;80H[24;80H[24;80H[24;80H[24;80H[24;80H[24;80H[24;80H[24;80H[24;80H[24;80H[24;80H[24;80H[24;80H[24;80H[24;80H[24;80H[24;80H[24;80H[24;80H[24;80H[24;80H[24;80H[24;80H[24;80H[24;80H[24;80H[24;80H[24;80H[24;80H[24;80H[24;80H[24;80H[24;80H[24;80H[24;80H[24;80H[24;80H[24;80H[24;80H[24;80H[24;80H[24;80H[24;80H[24;80H[24;80H[24;80H[24;80H[24;80H[24;80H[24;80H[24;80H[24;80H[24;80H[24;80H[24;80H[24;80H[24;80H[24;80H[24;80H[24;80H[24;80H[24;80H[24;80H[24;80H[24;80H[24;80H[24;80H[24;80H[24;80H[24;80H[24;80H[24;80H[24;80H[24;80H[24;80H[24;80H[24;80H
[23;80H'[24;1HYX-UBOOT # setenv bootcmd 'nand read 0x81000000 0x00580000 0x300000; bootm 0x81000000'
setenv bootcmd 'nand read 0x81000000 0x00580000 0x300000; bootm 0x81[24;80H[24;80H[24;80H[24;80H[24;80H[24;80H[24;80H
[23;80H'[24;1HYX-UBOOT # setenv 'noinitrd rw ubi.mtd'
setenv 'noinitrd rw ubi.mtd'
[23;80H [24;1HYX-UBOOT # setenv ip
setenv ip
[23;80H [24;1HYX-UBOOT # saveenv
saveenv
[23;80H [24;1HSaving Environment to NAND...
[23;80H [24;1HErasing Nand...
[23;80H [24;1HWarning: Erase size 0x00002000 smaller than one erase block 0x00020000
[23;80H [24;1H         Erasing 0x00020000 instead
[23;80H [24;1HErasing at 0x240000 -- 100% complete.
[23;80H [24;1HWriting to Nand... done
[23;80H [24;1HYX-UBOOT #nand scrub
 nand scrub
[23;80H [24;1H
[23;80H [24;1HNAND scrub: device 0 whole chip
[23;80H [24;1HWarning: scrub option will erase all factory set bad blocks!
[23;80H [24;1H         There is no reliable way to recover them.
[23;80H [24;1H         Use this command only for testing purposes if you
[23;80H [24;1H         are sure of what you are doing!
[23;80H [24;1H
[23;80H [24;1HReally scrub this NAND flash? <y/N>
[23;80H [24;1HyyErasing at 0x0 --   0% complete.Erasing at 0x280000 --   1% complete.Erasing at 0x500000 --   2% complete.Erasing at 0x7a0000 --   3% complete.Erasing at 0xa20000 --   4% complete.Erasing at 0xcc0000 --   5% complete.Erasing at 0xf40000 --   6% complete.Erasing at 0x11e0000 --   7% complete.Erasing at 0x1460000 --   8% complete.Erasing at 0x1700000 --   9% complete.Erasing at 0x1980000 --  10% complete.Erasing at 0x1c20000 --  11% complete.Erasing at 0x1ea0000 --  12% complete.Erasing at 0x2140000 --  13% complete.Erasing at 0x23c0000 --  14% complete.Erasing at 0x2660000 --  15% complete.Erasing at 0x28e0000 --  16% complete.Erasing at 0x2b80000 --  17% complete.Erasing at 0x2e00000 --  18% complete.Erasing at 0x30a0000 --  19% complete.Erasing at 0x3320000 --  20% complete.Erasing at 0x35c0000 --  21% complete.Erasing at 0x3840000 --  22% complete.Erasing at 0x3ae0000 --  23% complete.Erasing at 0x3d60000 --  24% complete.Erasing at 0x3fe0000 --  25% complete.Erasing at 0x4280000 --  26% complete.Erasing at 0x4500000 --  27% complete.Erasing at 0x47a0000 --  28% complete.Erasing at 0x4a20000 --  29% complete.Erasing at 0x4cc0000 --  30% complete.Erasing at 0x4f40000 --  31% complete.Erasing at 0x51e0000 --  32% complete.Erasing at 0x5460000 --  33% complete.Erasing at 0x5700000 --  34% complete.Erasing at 0x5980000 --  35% complete.Erasing at 0x5c20000 --  36% complete.Erasing at 0x5ea0000 --  37% complete.Erasing at 0x6140000 --  38% complete.Erasing at 0x63c0000 --  39% complete.Erasing at 0x6660000 --  40% complete.Erasing at 0x68e0000 --  41% complete.Erasing at 0x6b80000 --  42% complete.Erasing at 0x6e00000 --  43% complete.Erasing at 0x70a0000 --  44% complete.Erasing at 0x7320000 --  45% complete.Erasing at 0x75c0000 --  46% complete.Erasing at 0x7840000 --  47% complete.Erasing at 0x7ae0000 --  48% complete.Erasing at 0x7d60000 --  49% complete.Erasing at 0x7fe0000 --  50% complete.Erasing at 0x8280000 --  51% complete.Erasing at 0x8500000 --  52% complete.Erasing at 0x87a0000 --  53% complete.Erasing at 0x8a20000 --  54% complete.Erasing at 0x8cc0000 --  55% complete.Erasing at 0x8f40000 --  56% complete.Erasing at 0x91e0000 --  57% complete.Erasing at 0x9460000 --  58% complete.Erasing at 0x9700000 --  59% complete.Erasing at 0x9980000 --  60% complete.Erasing at 0x9c20000 --  61% complete.Erasing at 0x9ea0000 --  62% complete.Erasing at 0xa140000 --  63% complete.Erasing at 0xa3c0000 --  64% complete.Erasing at 0xa660000 --  65% complete.Erasing at 0xa8e0000 --  66% complete.Erasing at 0xab80000 --  67% complete.Erasing at 0xae00000 --  68% complete.Erasing at 0xb0a0000 --  69% complete.Erasing at 0xb320000 --  70% complete.Erasing at 0xb5c0000 --  71% complete.Erasing at 0xb840000 --  72% complete.Erasing at 0xbae0000 --  73% complete.Erasing at 0xbd60000 --  74% complete.Erasing at 0xbfe0000 --  75% complete.Erasing at 0xc280000 --  76% complete.Erasing at 0xc500000 --  77% complete.Erasing at 0xc7a0000 --  78% complete.Erasing at 0xca20000 --  79% complete.Erasing at 0xccc0000 --  80% complete.Erasing at 0xcf40000 --  81% complete.Erasing at 0xd1e0000 --  82% complete.Erasing at 0xd460000 --  83% complete.Erasing at 0xd700000 --  84% complete.Erasing at 0xd980000 --  85% complete.Erasing at 0xdc20000 --  86% complete.Erasing at 0xdea0000 --  87% complete.Erasing at 0xe140000 --  88% complete.Erasing at 0xe3c0000 --  89% complete.Erasing at 0xe660000 --  90% complete.Erasing at 0xe8e0000 --  91% complete.Erasing at 0xeb80000 --  92% complete.Erasing at 0xee00000 --  93% complete.Erasing at 0xf0a0000 --  94% complete.Erasing at 0xf320000 --  95% complete.Erasing at 0xf5c0000 --  96% complete.Erasing at 0xf840000 --  97% complete.Erasing at 0xfae0000 --  98% complete.Erasing at 0xfd60000 --  99% complete.Erasing at 0xffe0000 -- 100% complete.
[23;80H [24;1HOKls

[23;80H [24;1HYX-UBOOT # lsmw.b 0x81000000 0xFF 0x260000

[23;80H [24;1HUnknown command 'ls' - try 'help'
[23;80H [24;1HYX-UBOOT # mw.b 0x81000000 0xFF 0x260000tftp 0x81000000 2015-12-03/xzrs_uboot.bin

[23;80H [24;1HYX-UBOOT # tftp 0x81000000 2015-12-03/xzrs_uboot.bin
[23;80H [24;1HConnect speed 100M Full
[23;80H [24;1HUsing DaVinci EMAC device
[23;80H [24;1HTFTP from server 192.168.1.9; our IP address is 192.168.1.146
[23;80H [24;1HFilename '2015-12-03/xzrs_uboot.bin'.
[23;80H [24;1HLoad address: 0x81000000
[23;80H [24;1HLoading: *WARN: emac_send_packet: No link
[23;80H [24;1HT T T T T T T ###############
[23;80H [24;1Hdone
[23;80H [24;1HBytes transferred = 211156 (0x338d4)nandecc hw 2

[23;80H [24;1HYX-UBOOT # nandecc hw 2nand erase 0x0 0x34000

[23;80H [24;1HHW ECC BCH8 Selected
[23;80H [24;1HYX-UBOOT # nand erase 0x0 0x34000nand write.i 0x81000000  0x0 0x34000

[23;80H [24;1H
[23;80H [24;1HNAND erase: device 0 offset 0x0, size 0x34000
[23;80H [24;1HErasing at 0x0 --  61% complete.Erasing at 0x20000 -- 123% complete.
[23;80H [24;1HOK
[23;80H [24;1HYX-UBOOT # nand write.i 0x81000000  0x0 0x34000
[23;80H [24;1H
[23;80H [24;1HNAND write: device 0 offset 0x0, size 0x34000
[23;80H [24;1H 212992 bytes written: OKsetenv ipaddr 192.168.1.146

[23;80H [24;1HYX-UBOOT # setenv ipaddr 192.168.1.146setenv gatewayip 192.168.1.9

[23;80H [24;1HYX-UBOOT # setenv gatewayip 192.168.1.9setenv netmask 255.255.255.0

[23;80H [24;1HYX-UBOOT # setenv netmask 255.255.255.0setenv serverip 192.168.1.9

[23;80H [24;1HYX-UBOOT # setenv serverip 192.168.1.9setenv bootargs 'mem=512M console=ttyO2,115200n8 rootwait=1 rw ubi.mtd=4,2048 rootfstype=ubifs root=ubi0:rootfs ip=192.168.1.146 vram=20M notifyk.vpssm3_sva=0xbfb00000 vmalloc=476M ddr_mem=2048M'

[23;80H [24;1HYX-UBOOT # setenv bootargs 'mem=512M console=ttyO2,115200n8 rootwait=1 rw ubi.m[24;80H[24;80H[24;80H[24;80H[24;80H[24;80H[24;80H[24;80H[24;80H[24;80H[24;80H[24;80H[24;80H[24;80H[24;80H[24;80H[24;80H[24;80H[24;80H[24;80H[24;80H[24;80H[24;80H[24;80H[24;80H[24;80H[24;80H[24;80H[24;80H[24;80H[24;80H[24;80H[24;80H[24;80H[24;80H[24;80H[24;80H[24;80H[24;80H[24;80H[24;80H[24;80H[24;80H[24;80H[24;80H[24;80H[24;80H[24;80H[24;80H[24;80H[24;80H[24;80H[24;80H[24;80H[24;80H[24;80H[24;80H[24;80H[24;80H[24;80H[24;80H[24;80H[24;80H[24;80H[24;80H[24;80H[24;80H[24;80H[24;80H[24;80H[24;80H[24;80H[24;80H[24;80H[24;80H[24;80H[24;80H[24;80H[24;80H[24;80H[24;80H[24;80H[24;80H[24;80H[24;80H[24;80H[24;80H[24;80H[24;80H[24;80H[24;80H[24;80H[24;80H[24;80H[24;80H[24;80H[24;80H[24;80H[24;80H[24;80H[24;80H[24;80H[24;80H[24;80H[24;80H[24;80H[24;80H[24;80H[24;80H[24;80H[24;80H[24;80H[24;80H[24;80H[24;80H[24;80H[24;80H[24;80H[24;80H[24;80H[24;80H[24;80H[24;80H[24;80H[24;80H[24;80H[24;80Hsetenv bootcmd 'nand read 0x81000000 0x00580000 0x300000; bootm 0x81000000'

[23;80H'[24;1HYX-UBOOT # setenv bootcmd 'nand read 0x81000000 0x00580000 0x300000; bootm 0x81[24;80H[24;80H[24;80H[24;80H[24;80H[24;80H[24;80Hsetenv 'noinitrd rw ubi.mtd'

[23;80H'[24;1HYX-UBOOT # setenv 'noinitrd rw ubi.mtd'setenv ip

[23;80H [24;1HYX-UBOOT # setenv ipsaveenv

[23;80H [24;1HYX-UBOOT # saveenv

[23;80H [24;1HSaving Environment to NAND...
[23;80H [24;1HErasing Nand...
[23;80H [24;1HWarning: Erase size 0x00002000 smaller than one erase block 0x00020000
[23;80H [24;1H         Erasing 0x00020000 instead
[23;80H [24;1HErasing at 0x240000 -- 100% complete.
[23;80H [24;1HWriting to Nand... done
[23;80H [24;1HYX-UBOOT # reset

[23;80H [24;1HYX-UBOOT # reset
[23;80H [24;1Hresetting ...
[23;80H [24;1H
[23;80H [24;1H
[23;80H [24;1HU-Boot 2010.06 (Nov 23 2015 - 13:12:40)
[23;80H [24;1H
[23;80H [24;1HCDXZRS-GP rev 1.0
[23;80H [24;1H
[23;80H [24;1HI2C:   ready
[23;80H [24;1HDRAM:  2 GiB
[23;80H [24;1HNAND:  HW ECC BCH8 Selected
[23;80H [24;1H256 MiB
[23;80H [24;1HMMC:   OMAP SD/MMC: 0
[23;80H [24;1HEricDebug: CONFIG_MISC_INIT_R 
[23;80H [24;1H:,;;:;:;;;;;;;;r;;:,;;:;:;;;;;;;;:,;;:;:;;;;;;;;:,;;:;:;;;;;;;;:;;;;;;;;:,;;:;:
[23;80H [24;1H;,;:::;;;;r;;;rssiSiS552X5252525259GX2X9hX9X9XX2325S55252i5:,;;:;:;;;;;;;;:,;;:
[23;80H [24;1H;:;;;;;;;rrssSsS52S22h52299GGAAMHMM#BBH#B#HMM#HMBA&&XX2255S2S5Si:,;;:;:;;;;;;;;
[23;80H [24;1H;:;;r;;rsrrriiXS5S329&A&MH#BMB#A&9XXA252GXiSXX39AAMMMBB&G22S5i2SSiiiisi:,;;:;:;
[23;80H [24;1H;;;;;r;rr2iisiih393HB#B#AA99i22irrrX3X52AGsisss2Xii2299HBMA&X2S5S5iSiisSsi:,;;:
[23;80H [24;1Hr:r;rrsrsihXSi2&##MHB&Ahh3AGHGA9G9h&#H##@@@##MAMMXXX9SSS29&&HGGX2i5iisiiisisi:,
[23;80H [24;1H;;rrrrsSiiiA&ABH&A9GAGhAhBAMHA9HM@@@@@@@@@@@@@@@@@@@HHhAh2S2SX9&Gh22SSiisiiisii
[23;80H [24;1Hr:rrssisiS2XM##&h3AGAX&3GG3Ssr5H@M#HM2; ;2X&&&MHMB###GBB#B&XXSSs529XX55iSsisisi
[23;80H [24;1Hr;rsrisSi2XHAhX99A3XXG&&XS;:,rH#HGhAS   @@@@3rs2XBM@@A552&&AHA2XiisSS252SSsisSs
[23;80H [24;1Hr;issi5S22&&3iSSX292&hXsr;;:;h@&G339&S9@@@@2@MA&9&HB##Xris29ABMAAX2ir;rsSi5iss5
[23;80H [24;1HrrsSi2XhG&9GXh399&X99i;;;;;;r#H&293H9X#@@@@@@@B&9GhAH@XrrsrsiXABHB&HG2rr;rrSiSi
[23;80H [24;1H;:rsisS599&AA9XG&3A35r;:::;,;BMh&&2iX5A@@@@@@@&392X5GB2;;;r;iSX393A##A&Xi:::rsi
[23;80H [24;1H;:rss552222X553&XHMhir;;::,:,h#HhGSXhG3#@@@@#AXXS2XAHA;::;;;;ss55XShBA3239r:,;;
[23;80H [24;1Hr;ii2S5SSi2i53hirsh2srr::,,,,;MMXX359&Ah3h&Si59SX99A#i:,::::;;sri2,.2r;:SGAr;,:
[23;80H [24;1H;:;rrrrssiriXGSi::shs;;;,,,:,,rBBA9h5s5h5iS5isi2SAHB5:,,,:::;rrs5&SrisSX5Srrr:,
[23;80H [24;1H;,r;;;;rsriSSrrrr;;5Xrr;;,:,,.,;9AA2SsisS5323XXXG9&i:.,,::;;r;;;srrrrrr;;:;::::
[23;80H [24;1H:,;r;r;rrissrrr;:;::;s;;;;,:,,..,r293h222hXXAAGGGX;:,,,:,:,::;:;::,:,,,,...,,,,
[23;80H [24;1H;,;;;;rrrrrrrrirr;,.,,:::::::,,,,.,;SX&ABAB2hhXir:,,.,,.,,:,,,,..,,,..,..,,,..:
[23;80H [24;1H:.:;:;;;:;;;;r;rrs;:.. ,,:::::,:,:,,.::rrsrr;;,,.......,..,....,,,,,,,...,.,,:,
[23;80H [24;1H:.:::,::::::;;r;rrr;:.......,.,.,,:::,,...............,,::.,,,,:,::,,:,:,,,:,;:
[23;80H [24;1H,.::,:,,,,,;;;;;;;;r;;::,..............................;;;:;::::,:::::::,:,:,,,
[23;80H [24;1H: ,,:,,,,,,,,,,,,,:;rrr;;:;,,,,,,,::,.,.:.,.,;s,:;;;;:;:;;;;;::::,:::,:::,:,:,:
[23;80H [24;1H,.,,,,,,,...,,.,,....................................:,............:,,,:,:,,,,,
[23;80H [24;1H
[23;80H [24;1HEricDebug: didn't CONFIG_DRIVER_SMC91111 
[23;80H [24;1HEricDebug: didn't CONFIG_DRIVER_LAN91C96 
[23;80H [24;1HEricDebug: CONFIG_CMD_NET 
[23;80H [24;1HEricDebug: CONFIG_CMD_NET 
[23;80H [24;1HEricDebug: CONFIG_NET_MULTI 
[23;80H [24;1HNet:   EricDebug: eth.c ,204 
[23;80H [24;1HEricDebug: CONFIG_MII 
[23;80H [24;1HEricDebug: didn't CONFIG_CMD_MII 
[23;80H [24;1HEricDebug: didn't CONFIG_DB64360 
[23;80H [24;1HEricDebug: didn't CONFIG_CPCI750 
[23;80H [24;1HEricDebug: didn't CONFIG_DB64460 
[23;80H [24;1HEricDebug: didn't CONFIG_P3Mx 
[23;80H [24;1HEricDebug: CONFIG_NET_MULTI 
[23;80H [24;1Hset mac addr : ba:28: 0:27:aa:44
[23;80H [24;1Hset mac addr1 : bb:28: 0:27:aa:44
[23;80H [24;1HEthernet PHY: GENERIC @ 0x01
[23;80H [24;1HEricDebug : dev->write_hwaddr  =(null) 
[23;80H [24;1HDaVinci EMACEricDebug : 0x44,0xaa,0x27,0x00,0x28,0xba 
[23;80H [24;1HEricDebug :is_valid_ether_addr 
[23;80H [24;1H
[23;80H [24;1H JTAG ID is equal to 0x3b81e02f  
[23;80H [24;1H JTAG ID is equal to 0x3b81e02f  
[23;80H [24;1H JTAG ID is equal to 0x3b81e02f  
[23;80H [24;1H JTAG ID is equal to 0x3b81e02f  
[23;80H [24;1H JTAG ID is equal to 0x3b81e02f  
[23;80H [24;1H JTAG ID is equal to 0x3b81e02f  
[23;80H [24;1H JTAG ID is equal to 0x3b81e02f  
[23;80H [24;1H JTAG ID is equal to 0x3b81e02f  
[23;80H [24;1H JTAG ID is equal to 0x3b81e02f  
[23;80H [24;1H JTAG ID is equal to 0x3b81e02f  
[23;80H [24;1H JTAG ID is equal to 0x3b81e02f  
[23;80H [24;1H JTAG ID is equal to 0x3b81e02f  
[23;80H [24;1H JTAG ID is equal to 0x3b81e02f  
[23;80H [24;1H MAC_ID0_LO is equal to 0xba28  
[23;80H [24;1H MAC_ID0_LO is equal to 0xba28  
[23;80H [24;1H MAC_ID0_LO is equal to 0xba28  
[23;80H [24;1H MAC_ID0_HI is equal to 0x937239d0  
[23;80H [24;1H MAC_ID0_HI is equal to 0x937239d0  
[23;80H [24;1H MAC_ID0_HI is equal to 0x937239d0  
[23;80H [24;1H MAC_ID1_LO is equal to 0xbb28  
[23;80H [24;1H MAC_ID1_LO is equal to 0xbb28  
[23;80H [24;1H MAC_ID1_LO is equal to 0xbb28  
[23;80H [24;1H MAC_ID1_HI is equal to 0x937239d0  
[23;80H [24;1H MAC_ID1_HI is equal to 0x937239d0  
[23;80H [24;1H MAC_ID1_HI is equal to 0x937239d0  
[23;80H [24;1HHit any key to stop autoboot:
  3  0 
[23;80H [24;1HXZ-UBOOT # ls
ls
[23;80H [24;1HUnknown command 'ls' - try 'help'
[23;80H [24;1HXZ-UBOOT #mw.b 0x81000000 0xFF 0x300000
 mw.b 0x81000000 0xFF 0x300000
[23;80H [24;1HXZ-UBOOT # tftp 0x81000000 2015-12-03/xzrs_uimage.bin
tftp 0x81000000 2015-12-03/xzrs_uimage.bin
[23;80H [24;1HConnect speed 100M Full
[23;80H [24;1HUsing DaVinci EMAC device
[23;80H [24;1HTFTP from server 192.168.1.9; our IP address is 192.168.1.146
[23;80H [24;1HFilename '2015-12-03/xzrs_uimage.bin'.
[23;80H [24;1HLoad address: 0x81000000
[23;80H [24;1HLoading: *WARN: emac_send_packet: No link
[23;80H [24;1HT T T T T T T #################################################################
[23;80H [24;1H[24;9H #################################################################
[23;80H [24;1H[24;9H #################################################
[23;80H [24;1Hdone
[23;80H [24;1HBytes transferred = 2627272 (0x2816c8)nand erase 0x00580000 0x282000

[23;80H [24;1HXZ-UBOOT # nand erase 0x00580000 0x282000nand write.i 0x81000000  0x00580000 0x282000

[23;80H [24;1H
[23;80H [24;1HNAND erase: device 0 offset 0x580000, size 0x282000
[23;80H [24;1HErasing at 0x580000 --   4% complete.Erasing at 0x5a0000 --   9% complete.Erasing at 0x5c0000 --  14% complete.Erasing at 0x5e0000 --  19% complete.Erasing at 0x600000 --  24% complete.Erasing at 0x620000 --  29% complete.Erasing at 0x640000 --  34% complete.Erasing at 0x660000 --  39% complete.Erasing at 0x680000 --  44% complete.Erasing at 0x6a0000 --  49% complete.Erasing at 0x6c0000 --  54% complete.Erasing at 0x6e0000 --  59% complete.Erasing at 0x700000 --  64% complete.Erasing at 0x720000 --  69% complete.Erasing at 0x740000 --  74% complete.Erasing at 0x760000 --  79% complete.Erasing at 0x780000 --  84% complete.Erasing at 0x7a0000 --  89% complete.Erasing at 0x7c0000 --  94% complete.Erasing at 0x7e0000 --  99% complete.Erasing at 0x800000 -- 104% complete.
[23;80H [24;1HOK
[23;80H [24;1HXZ-UBOOT # nand write.i 0x81000000  0x00580000 0x282000
[23;80H [24;1H
[23;80H [24;1HNAND write: device 0 offset 0x580000, size 0x282000
[23;80H [24;1H 2629632 bytes written: OKls

[23;80H [24;1HXZ-UBOOT # lsmw.b 0x81000000 0xFF 0xB420000

[23;80H [24;1HUnknown command 'ls' - try 'help'
[23;80H [24;1HXZ-UBOOT # mw.b 0x81000000 0xFF 0xB420000tftp 0x81000000 2015-12-03/xzrs_fs.bin

[23;80H [24;1HXZ-UBOOT # tftp 0x81000000 2015-12-03/xzrs_fs.bin
[23;80H [24;1HConnect speed 100M Full
[23;80H [24;1HUsing DaVinci EMAC device
[23;80H [24;1HTFTP from server 192.168.1.9; our IP address is 192.168.1.146
[23;80H [24;1HFilename '2015-12-03/xzrs_fs.bin'.
[23;80H [24;1HLoad address: 0x81000000
[23;80H [24;1HLoading: *WARN: emac_send_packet: No link
[23;80H [24;1HT T T T T T T #################################################################
[23;80H [24;1H[24;9H #################################################################
[23;80H [24;1H[24;9H #################################################################
[23;80H [24;1H[24;9H #################################################################
[23;80H [24;1H[24;9H #################################################################
[23;80H [24;1H[24;9H #################################################################
[23;80H [24;1H[24;9H #################################################################
[23;80H [24;1H[24;9H #################################################################
[23;80H [24;1H[24;9H #################################################################
[23;80H [24;1H[24;9H #################################################################
[23;80H [24;1H[24;9H #################################################################
[23;80H [24;1H[24;9H #################################################################
[23;80H [24;1H[24;9H #################################################################
[23;80H [24;1H[24;9H #################################################################
[23;80H [24;1H[24;9H #################################################################
[23;80H [24;1H[24;9H #################################################################
[23;80H [24;1H[24;9H #################################################################
[23;80H [24;1H[24;9H #################################################################
[23;80H [24;1H[24;9H #################################################################
[23;80H [24;1H[24;9H #################################################################
[23;80H [24;1H[24;9H #################################################################
[23;80H [24;1H[24;9H #################################################################
[23;80H [24;1H[24;9H #################################################################
[23;80H [24;1H[24;9H #################################################################
[23;80H [24;1H[24;9H #################################################################
[23;80H [24;1H[24;9H #################################################################
[23;80H [24;1H[24;9H #################################################################
[23;80H [24;1H[24;9H #################################################################
[23;80H [24;1H[24;9H #################################################################
[23;80H [24;1H[24;9H #################################################################
[23;80H [24;1H[24;9H #################################################################
[23;80H [24;1H[24;9H #################################################################
[23;80H [24;1H[24;9H #################################################################
[23;80H [24;1H[24;9H #################################################################
[23;80H [24;1H[24;9H #################################################################
[23;80H [24;1H[24;9H #################################################################
[23;80H [24;1H[24;9H #################################################################
[23;80H [24;1H[24;9H #################################################################
[23;80H [24;1H[24;9H #################################################################
[23;80H [24;1H[24;9H #################################################################
[23;80H [24;1H[24;9H #################################################################
[23;80H [24;1H[24;9H #################################################################
[23;80H [24;1H[24;9H #################################################################
[23;80H [24;1H[24;9H #################################################################
[23;80H [24;1H[24;9H #################################################################
[23;80H [24;1H[24;9H #################################################################
[23;80H [24;1H[24;9H #################################################################
[23;80H [24;1H[24;9H #################################################################
[23;80H [24;1H[24;9H #################################################################
[23;80H [24;1H[24;9H #################################################################
[23;80H [24;1H[24;9H #################################################################
[23;80H [24;1H[24;9H #################################################################
[23;80H [24;1H[24;9H #################################################################
[23;80H [24;1H[24;9H #################################################################
[23;80H [24;1H[24;9H #################################################################
[23;80H [24;1H[24;9H #################################################################
[23;80H [24;1H[24;9H #################################################################
[23;80H [24;1H[24;9H #################################################################
[23;80H [24;1H[24;9H #################################################################
[23;80H [24;1H[24;9H #################################################################
[23;80H [24;1H[24;9H #################################################################
[23;80H [24;1H[24;9H #################################################################
[23;80H [24;1H[24;9H #################################################################
[23;80H [24;1H[24;9H #################################################################
[23;80H [24;1H[24;9H #################################################################
[23;80H [24;1H[24;9H #################################################################
[23;80H [24;1H[24;9H #################################################################
[23;80H [24;1H[24;9H #################################################################
[23;80H [24;1H[24;9H #################################################################
[23;80H [24;1H[24;9H #################################################################
[23;80H [24;1H[24;9H #################################################################
[23;80H [24;1H[24;9H #################################################################
[23;80H [24;1H[24;9H #################################################################
[23;80H [24;1H[24;9H #################################################################
[23;80H [24;1H[24;9H #################################################################
[23;80H [24;1H[24;9H #################################################################
[23;80H [24;1H[24;9H #################################################################
[23;80H [24;1H[24;9H #################################################################
[23;80H [24;1H[24;9H #################################################################
[23;80H [24;1H[24;9H #################################################################
[23;80H [24;1H[24;9H #################################################################
[23;80H [24;1H[24;9H #################################################################
[23;80H [24;1H[24;9H #################################################################
[23;80H [24;1H[24;9H #################################################################
[23;80H [24;1H[24;9H #################################################################
[23;80H [24;1H[24;9H #################################################################
[23;80H [24;1H[24;9H #################################################################
[23;80H [24;1H[24;9H #################################################################
[23;80H [24;1H[24;9H #################################################################
[23;80H [24;1H[24;9H #################################################################
[23;80H [24;1H[24;9H #################################################################
[23;80H [24;1H[24;9H #################################################################
[23;80H [24;1H[24;9H #################################################################
[23;80H [24;1H[24;9H #################################################################
[23;80H [24;1H[24;9H #################################
[23;80H [24;1Hdone
[23;80H [24;1HBytes transferred = 90177536 (0x5600000)nand erase 0x009c0000 0x5610000

[23;80H [24;1HXZ-UBOOT # nand erase 0x009c0000 0x5610000nand write 0x81000000 0x009c0000 0x5610000

[23;80H [24;1H
[23;80H [24;1HNAND erase: device 0 offset 0x9c0000, size 0x5610000
[23;80H [24;1HErasing at 0x9c0000 --   0% complete.Erasing at 0xa80000 --   1% complete.Erasing at 0xb60000 --   2% complete.Erasing at 0xc40000 --   3% complete.Erasing at 0xd20000 --   4% complete.Erasing at 0xe00000 --   5% complete.Erasing at 0xee0000 --   6% complete.Erasing at 0xfc0000 --   7% complete.Erasing at 0x10a0000 --   8% complete.Erasing at 0x1160000 --   9% complete.Erasing at 0x1240000 --  10% complete.Erasing at 0x1320000 --  11% complete.Erasing at 0x1400000 --  12% complete.Erasing at 0x14e0000 --  13% complete.Erasing at 0x15c0000 --  14% complete.Erasing at 0x16a0000 --  15% complete.Erasing at 0x1780000 --  16% complete.Erasing at 0x1860000 --  17% complete.Erasing at 0x1920000 --  18% complete.Erasing at 0x1a00000 --  19% complete.Erasing at 0x1ae0000 --  20% complete.Erasing at 0x1bc0000 --  21% complete.Erasing at 0x1ca0000 --  22% complete.Erasing at 0x1d80000 --  23% complete.Erasing at 0x1e60000 --  24% complete.Erasing at 0x1f40000 --  25% complete.Erasing at 0x2020000 --  26% complete.Erasing at 0x20e0000 --  27% complete.Erasing at 0x21c0000 --  28% complete.Erasing at 0x22a0000 --  29% complete.Erasing at 0x2380000 --  30% complete.Erasing at 0x2460000 --  31% complete.Erasing at 0x2540000 --  32% complete.Erasing at 0x2620000 --  33% complete.Erasing at 0x2700000 --  34% complete.Erasing at 0x27c0000 --  35% complete.Erasing at 0x28a0000 --  36% complete.Erasing at 0x2980000 --  37% complete.Erasing at 0x2a60000 --  38% complete.Erasing at 0x2b40000 --  39% complete.Erasing at 0x2c20000 --  40% complete.Erasing at 0x2d00000 --  41% complete.Erasing at 0x2de0000 --  42% complete.Erasing at 0x2ec0000 --  43% complete.Erasing at 0x2f80000 --  44% complete.Erasing at 0x3060000 --  45% complete.Erasing at 0x3140000 --  46% complete.Erasing at 0x3220000 --  47% complete.Erasing at 0x3300000 --  48% complete.Erasing at 0x33e0000 --  49% complete.Erasing at 0x34c0000 --  50% complete.Erasing at 0x35a0000 --  51% complete.Erasing at 0x3680000 --  52% complete.Erasing at 0x3740000 --  53% complete.Erasing at 0x3820000 --  54% complete.Erasing at 0x3900000 --  55% complete.Erasing at 0x39e0000 --  56% complete.Erasing at 0x3ac0000 --  57% complete.Erasing at 0x3ba0000 --  58% complete.Erasing at 0x3c80000 --  59% complete.Erasing at 0x3d60000 --  60% complete.Erasing at 0x3e20000 --  61% complete.Erasing at 0x3f00000 --  62% complete.Erasing at 0x3fe0000 --  63% complete.Erasing at 0x40c0000 --  64% complete.Erasing at 0x41a0000 --  65% complete.Erasing at 0x4280000 --  66% complete.Erasing at 0x4360000 --  67% complete.Erasing at 0x4440000 --  68% complete.Erasing at 0x4520000 --  69% complete.Erasing at 0x45e0000 --  70% complete.Erasing at 0x46c0000 --  71% complete.Erasing at 0x47a0000 --  72% complete.Erasing at 0x4880000 --  73% complete.Erasing at 0x4960000 --  74% complete.Erasing at 0x4a40000 --  75% complete.Erasing at 0x4b20000 --  76% complete.Erasing at 0x4c00000 --  77% complete.Erasing at 0x4ce0000 --  78% complete.Erasing at 0x4da0000 --  79% complete.Erasing at 0x4e80000 --  80% complete.Erasing at 0x4f60000 --  81% complete.Erasing at 0x5040000 --  82% complete.Erasing at 0x5120000 --  83% complete.Erasing at 0x5200000 --  84% complete.Erasing at 0x52e0000 --  85% complete.Erasing at 0x53c0000 --  86% complete.Erasing at 0x5480000 --  87% complete.Erasing at 0x5560000 --  88% complete.Erasing at 0x5640000 --  89% complete.Erasing at 0x5720000 --  90% complete.Erasing at 0x5800000 --  91% complete.Erasing at 0x58e0000 --  92% complete.Erasing at 0x59c0000 --  93% complete.Erasing at 0x5aa0000 --  94% complete.Erasing at 0x5b80000 --  95% complete.Erasing at 0x5c40000 --  96% complete.Erasing at 0x5d20000 --  97% complete.Erasing at 0x5e00000 --  98% complete.Erasing at 0x5ee0000 --  99% complete.Erasing at 0x5fc0000 -- 100% complete.
[23;80H [24;1HOK
[23;80H [24;1HXZ-UBOOT # nand write 0x81000000 0x009c0000 0x5610000
[23;80H [24;1H
[23;80H [24;1HNAND write: device 0 offset 0x9c0000, size 0x5610000
[23;80H [24;1H 90243072 bytes written: OKls


[23;80H [24;1HXZ-UBOOT # ls
[23;80H [24;1HUnknown command 'ls' - try 'help'
[23;80H [24;1HXZ-UBOOT # reset

[23;80H [24;1HXZ-UBOOT # reset
[23;80H [24;1Hresetting ...
[23;80H [24;1H
[23;80H [24;1H
[23;80H [24;1HU-Boot 2010.06 (Nov 23 2015 - 13:12:40)
[23;80H [24;1H
[23;80H [24;1HCDXZRS-GP rev 1.0
[23;80H [24;1H
[23;80H [24;1HI2C:   ready
[23;80H [24;1HDRAM:  2 GiB
[23;80H [24;1HNAND:  HW ECC BCH8 Selected
[23;80H [24;1H256 MiB
[23;80H [24;1HMMC:   OMAP SD/MMC: 0
[23;80H [24;1HEricDebug: CONFIG_MISC_INIT_R 
[23;80H [24;1H:,;;:;:;;;;;;;;r;;:,;;:;:;;;;;;;;:,;;:;:;;;;;;;;:,;;:;:;;;;;;;;:;;;;;;;;:,;;:;:
[23;80H [24;1H;,;:::;;;;r;;;rssiSiS552X5252525259GX2X9hX9X9XX2325S55252i5:,;;:;:;;;;;;;;:,;;:
[23;80H [24;1H;:;;;;;;;rrssSsS52S22h52299GGAAMHMM#BBH#B#HMM#HMBA&&XX2255S2S5Si:,;;:;:;;;;;;;;
[23;80H [24;1H;:;;r;;rsrrriiXS5S329&A&MH#BMB#A&9XXA252GXiSXX39AAMMMBB&G22S5i2SSiiiisi:,;;:;:;
[23;80H [24;1H;;;;;r;rr2iisiih393HB#B#AA99i22irrrX3X52AGsisss2Xii2299HBMA&X2S5S5iSiisSsi:,;;:
[23;80H [24;1Hr:r;rrsrsihXSi2&##MHB&Ahh3AGHGA9G9h&#H##@@@##MAMMXXX9SSS29&&HGGX2i5iisiiisisi:,
[23;80H [24;1H;;rrrrsSiiiA&ABH&A9GAGhAhBAMHA9HM@@@@@@@@@@@@@@@@@@@HHhAh2S2SX9&Gh22SSiisiiisii
[23;80H [24;1Hr:rrssisiS2XM##&h3AGAX&3GG3Ssr5H@M#HM2; ;2X&&&MHMB###GBB#B&XXSSs529XX55iSsisisi
[23;80H [24;1Hr;rsrisSi2XHAhX99A3XXG&&XS;:,rH#HGhAS   @@@@3rs2XBM@@A552&&AHA2XiisSS252SSsisSs
[23;80H [24;1Hr;issi5S22&&3iSSX292&hXsr;;:;h@&G339&S9@@@@2@MA&9&HB##Xris29ABMAAX2ir;rsSi5iss5
[23;80H [24;1HrrsSi2XhG&9GXh399&X99i;;;;;;r#H&293H9X#@@@@@@@B&9GhAH@XrrsrsiXABHB&HG2rr;rrSiSi
[23;80H [24;1H;:rsisS599&AA9XG&3A35r;:::;,;BMh&&2iX5A@@@@@@@&392X5GB2;;;r;iSX393A##A&Xi:::rsi
[23;80H [24;1H;:rss552222X553&XHMhir;;::,:,h#HhGSXhG3#@@@@#AXXS2XAHA;::;;;;ss55XShBA3239r:,;;
[23;80H [24;1Hr;ii2S5SSi2i53hirsh2srr::,,,,;MMXX359&Ah3h&Si59SX99A#i:,::::;;sri2,.2r;:SGAr;,:
[23;80H [24;1H;:;rrrrssiriXGSi::shs;;;,,,:,,rBBA9h5s5h5iS5isi2SAHB5:,,,:::;rrs5&SrisSX5Srrr:,
[23;80H [24;1H;,r;;;;rsriSSrrrr;;5Xrr;;,:,,.,;9AA2SsisS5323XXXG9&i:.,,::;;r;;;srrrrrr;;:;::::
[23;80H [24;1H:,;r;r;rrissrrr;:;::;s;;;;,:,,..,r293h222hXXAAGGGX;:,,,:,:,::;:;::,:,,,,...,,,,
[23;80H [24;1H;,;;;;rrrrrrrrirr;,.,,:::::::,,,,.,;SX&ABAB2hhXir:,,.,,.,,:,,,,..,,,..,..,,,..:
[23;80H [24;1H:.:;:;;;:;;;;r;rrs;:.. ,,:::::,:,:,,.::rrsrr;;,,.......,..,....,,,,,,,...,.,,:,
[23;80H [24;1H:.:::,::::::;;r;rrr;:.......,.,.,,:::,,...............,,::.,,,,:,::,,:,:,,,:,;:
[23;80H [24;1H,.::,:,,,,,;;;;;;;;r;;::,..............................;;;:;::::,:::::::,:,:,,,
[23;80H [24;1H: ,,:,,,,,,,,,,,,,:;rrr;;:;,,,,,,,::,.,.:.,.,;s,:;;;;:;:;;;;;::::,:::,:::,:,:,:
[23;80H [24;1H,.,,,,,,,...,,.,,....................................:,............:,,,:,:,,,,,
[23;80H [24;1H
[23;80H [24;1HEricDebug: didn't CONFIG_DRIVER_SMC91111 
[23;80H [24;1HEricDebug: didn't CONFIG_DRIVER_LAN91C96 
[23;80H [24;1HEricDebug: CONFIG_CMD_NET 
[23;80H [24;1HEricDebug: CONFIG_CMD_NET 
[23;80H [24;1HEricDebug: CONFIG_NET_MULTI 
[23;80H [24;1HNet:   EricDebug: eth.c ,204 
[23;80H [24;1HEricDebug: CONFIG_MII 
[23;80H [24;1HEricDebug: didn't CONFIG_CMD_MII 
[23;80H [24;1HEricDebug: didn't CONFIG_DB64360 
[23;80H [24;1HEricDebug: didn't CONFIG_CPCI750 
[23;80H [24;1HEricDebug: didn't CONFIG_DB64460 
[23;80H [24;1HEricDebug: didn't CONFIG_P3Mx 
[23;80H [24;1HEricDebug: CONFIG_NET_MULTI 
[23;80H [24;1Hset mac addr : ba:28: 0:27:aa:44
[23;80H [24;1Hset mac addr1 : bb:28: 0:27:aa:44
[23;80H [24;1HEthernet PHY: GENERIC @ 0x01
[23;80H [24;1HEricDebug : dev->write_hwaddr  =(null) 
[23;80H [24;1HDaVinci EMACEricDebug : 0x44,0xaa,0x27,0x00,0x28,0xba 
[23;80H [24;1HEricDebug :is_valid_ether_addr 
[23;80H [24;1H
[23;80H [24;1H JTAG ID is equal to 0x3b81e02f  
[23;80H [24;1H JTAG ID is equal to 0x3b81e02f  
[23;80H [24;1H JTAG ID is equal to 0x3b81e02f  
[23;80H [24;1H JTAG ID is equal to 0x3b81e02f  
[23;80H [24;1H JTAG ID is equal to 0x3b81e02f  
[23;80H [24;1H JTAG ID is equal to 0x3b81e02f  
[23;80H [24;1H JTAG ID is equal to 0x3b81e02f  
[23;80H [24;1H JTAG ID is equal to 0x3b81e02f  
[23;80H [24;1H JTAG ID is equal to 0x3b81e02f  
[23;80H [24;1H JTAG ID is equal to 0x3b81e02f  
[23;80H [24;1H JTAG ID is equal to 0x3b81e02f  
[23;80H [24;1H JTAG ID is equal to 0x3b81e02f  
[23;80H [24;1H JTAG ID is equal to 0x3b81e02f  
[23;80H [24;1H MAC_ID0_LO is equal to 0xba28  
[23;80H [24;1H MAC_ID0_LO is equal to 0xba28  
[23;80H [24;1H MAC_ID0_LO is equal to 0xba28  
[23;80H [24;1H MAC_ID0_HI is equal to 0x937239d0  
[23;80H [24;1H MAC_ID0_HI is equal to 0x937239d0  
[23;80H [24;1H MAC_ID0_HI is equal to 0x937239d0  
[23;80H [24;1H MAC_ID1_LO is equal to 0xbb28  
[23;80H [24;1H MAC_ID1_LO is equal to 0xbb28  
[23;80H [24;1H MAC_ID1_LO is equal to 0xbb28  
[23;80H [24;1H MAC_ID1_HI is equal to 0x937239d0  
[23;80H [24;1H MAC_ID1_HI is equal to 0x937239d0  
[23;80H [24;1H MAC_ID1_HI is equal to 0x937239d0  
[23;80H [24;1HHit any key to stop a
utoboot:  3  2  1  0 
[23;80H [24;1H
[23;80H [24;1HNAND read: device 0 offset 0x580000, size 0x300000
[23;80H [24;1H 3145728 bytes read: OK
[23;80H [24;1H## Booting kernel from Legacy Image at 81000000 ...
[23;80H [24;1H   Image Name:   Linux-2.6.37
[23;80H [24;1H   Created:      2015-11-17   5:22:03 UTC
[23;80H [24;1H   Image Type:   ARM Linux Kernel Image (uncompressed)
[23;80H [24;1H   Data Size:    2627208 Bytes = 2.5 MiB
[23;80H [24;1H   Load Address: c0008000
[23;80H [24;1H   Entry Point:  c0008000
[23;80H [24;1H   Verifying Checksum ... OK
[23;80H [24;1H   Loading Kernel Image ... OK
[23;80H [24;1HOK
[23;80H [24;1H
[23;80H [24;1HStarting kernel ...
[23;80H [24;1H
[23;80H [24;1HLinux version 2.6.37 (hsw@ubuntu) (gcc version 4.5.3 20110311 (prerelease) (GCC[24;80H[24;80H[24;80H[24;80H[24;80H[24;80H[24;80H[24;80H[24;80H[24;80H[24;80H[24;80H[24;80H[24;80H[24;80H[24;80H[24;80H[24;80H[24;80H[24;80H[24;80H[24;80H[24;80H[24;80H[24;80H[24;80H[24;80H[24;80H[24;80H[24;80H[24;80H[24;80H[24;80H[24;80H[24;80H[24;80H
[23;80H5[24;1HCPU: ARMv7 Processor [413fc082] revision 2 (ARMv7), cr=10c53c7f
[23;80H [24;1HCPU: VIPT nonaliasing data cache, VIPT aliasing instruction cache
[23;80H [24;1HMachine: ud8168_dvr
[23;80H [24;1Hvram size = 20971520 at 0x0
[23;80H [24;1Hti81xx_reserve: ### Reserved DDR region @dff00000
[23;80H [24;1Hreserved size = 20971520 at 0x0
[23;80H [24;1HFB: Reserving 20971520 bytes SDRAM for VRAM
[23;80H [24;1HMemory policy: ECC disabled, Data cache writeback
[23;80H [24;1HOMAP chip is TI8168 2.1
[23;80H [24;1HBuilt 1 zonelists in Zone order, mobility grouping on.  Total pages: 124672
[23;80H [24;1HKernel command line: mem=512M console=ttyO2,115200n8 rootwait=1 rw ubi.mtd=4,20[24;80H[24;80H[24;80H[24;80H[24;80H[24;80H[24;80H[24;80H[24;80H[24;80H[24;80H[24;80H[24;80H[24;80H[24;80H[24;80H[24;80H[24;80H[24;80H[24;80H[24;80H[24;80H[24;80H[24;80H[24;80H[24;80H[24;80H[24;80H[24;80H[24;80H[24;80H[24;80H[24;80H[24;80H[24;80H[24;80H[24;80H[24;80H[24;80H[24;80H[24;80H[24;80H[24;80H[24;80H[24;80H[24;80H[24;80H[24;80H[24;80H[24;80H[24;80H[24;80H[24;80H[24;80H[24;80H[24;80H[24;80H[24;80H[24;80H[24;80H[24;80H[24;80H[24;80H[24;80H[24;80H[24;80H[24;80H[24;80H[24;80H[24;80H[24;80H[24;80H[24;80H[24;80H[24;80H[24;80H[24;80H[24;80H[24;80H[24;80H[24;80H[24;80H[24;80H[24;80H[24;80H[24;80H[24;80H[24;80H[24;80H[24;80H[24;80H[24;80H[24;80H[24;80H[24;80H[24;80H[24;80H[24;80H[24;80H[24;80H[24;80H[24;80H[24;80H[24;80H[24;80H[24;80H[24;80H[24;80H[24;80H[24;80H[24;80H[24;80H[24;80H[24;80H[24;80H[24;80H[24;80H[24;80H[24;80H
[23;80HM[24;1HPID hash table entries: 2048 (order: 1, 8192 bytes)
[23;80H [24;1HDentry cache hash table entries: 65536 (order: 6, 262144 bytes)
[23;80H [24;1HInode-cache hash table entries: 32768 (order: 5, 131072 bytes)
[23;80H [24;1HMemory: 490MB 1MB = 491MB total
[23;80H [24;1HMemory: 492612k/492612k available, 31676k reserved, 72704K highmem
[23;80H [24;1HVirtual kernel memory layout:
[23;80H [24;1H    vector  : 0xffff0000 - 0xffff1000   (   4 kB)
[23;80H [24;1H    fixmap  : 0xfff00000 - 0xfffe0000   ( 896 kB)
[23;80H [24;1H    DMA     : 0xffc00000 - 0xffe00000   (   2 MB)
[23;80H [24;1H    vmalloc : 0xda800000 - 0xf8000000   ( 472 MB)
[23;80H [24;1H    lowmem  : 0xc0000000 - 0xda400000   ( 420 MB)
[23;80H [24;1H    pkmap   : 0xbfe00000 - 0xc0000000   (   2 MB)
[23;80H [24;1H    modules : 0xbf000000 - 0xbfe00000   (  14 MB)
[23;80H [24;1H      .init : 0xc0008000 - 0xc0040000   ( 224 kB)
[23;80H [24;1H      .text : 0xc0040000 - 0xc04f8000   (4832 kB)
[23;80H [24;1H      .data : 0xc04f8000 - 0xc05473c0   ( 317 kB)
[23;80H [24;1HSLUB: Genslabs=11, HWalign=64, Order=0-3, MinObjects=0, CPUs=1, Nodes=1
[23;80H [24;1HNR_IRQS:375
[23;80H [24;1HIRQ: Found an INTC at 0xfa200000 (revision 5.0) with 128 interrupts
[23;80H [24;1HTotal of 128 interrupts on 1 active controller
[23;80H [24;1HGPMC revision 6.0
[23;80H [24;1HTrying to install interrupt handler for IRQ368
[23;80H [24;1HTrying to install interrupt handler for IRQ369
[23;80H [24;1HTrying to install interrupt handler for IRQ370
[23;80H [24;1HTrying to install interrupt handler for IRQ371
[23;80H [24;1HTrying to install interrupt handler for IRQ372
[23;80H [24;1HTrying to install interrupt handler for IRQ373
[23;80H [24;1HTrying to install interrupt handler for IRQ374
[23;80H [24;1HTrying to install type control for IRQ375
[23;80H [24;1HTrying to set irq flags for IRQ375
[23;80H [24;1HOMAP clockevent source: GPTIMER1 at 27000000 Hz
[23;80H [24;1HConsole: colour dummy device 80x30
[23;80H [24;1HCalibrating delay loop... 986.31 BogoMIPS (lpj=4931584)
[23;80H [24;1Hpid_max: default: 32768 minimum: 301
[23;80H [24;1HSecurity Framework initialized
[23;80H [24;1HMount-cache hash table entries: 512
[23;80H [24;1HCPU: Testing write buffer coherency: ok
[23;80H [24;1Hdevtmpfs: initialized
[23;80H [24;1HTI81XX: Map 0xdff00000 to 0xfe500000 for dram barrier
[23;80H [24;1HTI81XX: Map 0x40300000 to 0xfe600000 for sram barrier
[23;80H [24;1Homap_voltage_early_init: voltage driver support not added
[23;80H [24;1Hregulator: core version 0.5
[23;80H [24;1Hregulator: dummy: 
[23;80H [24;1HNET: Registered protocol family 16
[23;80H [24;1Homap_voltage_domain_lookup: Voltage driver init not yet happened.Faulting!
[23;80H [24;1Homap_voltage_add_dev: VDD specified does not exist!
[23;80H [24;1HOMAP GPIO hardware version 0.1
[23;80H [24;1HOMAP GPIO hardware version 0.1
[23;80H [24;1Homap_mux_init: Add partition: #1: core, flags: 0
[23;80H [24;1H3-wired eeprom init done. (H/W ver:ffff)
[23;80H [24;1H_omap_mux_get_by_name: Could not find signal i2c2_scl.i2c2_scl
[23;80H [24;1H_omap_mux_get_by_name: Could not find signal i2c2_sda.i2c2_sda
[23;80H [24;1Hhw-breakpoint: debug architecture 0x4 unsupported.
[23;80H [24;1Hhw perfevents: enabled with ARMv7 Cortex-A8 PMU driver, 5 counters available
[23;80H [24;1HCannot clk_get ck_32
[23;80H [24;1Hpm_dbg_init: only OMAP3 supported
[23;80H [24;1Hregistered ti81xx_vpss device
[23;80H [24;1Hregistered ti81xx_vidout device
[23;80H [24;1Hregistered ti81xx on-chip HDMI device
[23;80H [24;1Hregistered ti81xx_fb device
[23;80H [24;1HNSS Crypto DMA hardware revision 1.9 @ IRQ 116
[23;80H [24;1Hbio: create slab <bio-0> at 0
[23;80H [24;1HSCSI subsystem initialized
[23;80H [24;1Husbcore: registered new interface driver usbfs
[23;80H [24;1Husbcore: registered new interface driver hub
[23;80H [24;1Husbcore: registered new device driver usb
[23;80H [24;1HUSBSS revision 4ea20809
[23;80H [24;1Hregisterd cppi-dma Intr @ IRQ 17
[23;80H [24;1HCppi41 Init Done
[23;80H [24;1Homap_i2c omap_i2c.1: bus 1 rev4.0 at 100 kHz
[23;80H [24;1Homap_i2c omap_i2c.2: bus 2 rev4.0 at 100 kHz
[23;80H [24;1HAdvanced Linux Sound Architecture Driver Version 1.0.23.
[23;80H [24;1HSwitching to clocksource gp timer
[23;80H [24;1Hmusb-hdrc: version 6.0, host, debug=0
[23;80H [24;1Hmusb-hdrc musb-hdrc.0: dma type: dma-cppi41
[23;80H [24;1HMUSB controller-0 revision 4ea20800
[23;80H [24;1Hmusb-hdrc musb-hdrc.0: MUSB HDRC host driver
[23;80H [24;1Hmusb-hdrc musb-hdrc.0: new USB bus registered, assigned bus number 1
[23;80H [24;1Husb usb1: New USB device found, idVendor=1d6b, idProduct=0002
[23;80H [24;1Husb usb1: New USB device strings: Mfr=3, Product=2, SerialNumber=1
[23;80H [24;1Husb usb1: Product: MUSB HDRC host driver
[23;80H [24;1Husb usb1: Manufacturer: Linux 2.6.37 musb-hcd
[23;80H [24;1Husb usb1: SerialNumber: musb-hdrc.0
[23;80H [24;1Hhub 1-0:1.0: USB hub found
[23;80H [24;1Hhub 1-0:1.0: 1 port detected
[23;80H [24;1Hmusb-hdrc musb-hdrc.0: USB Host mode controller at da81e000 using DMA, IRQ 18
[23;80H [24;1Hmusb-hdrc musb-hdrc.1: dma type: dma-cppi41
[23;80H [24;1HMUSB controller-1 revision 4ea20800
[23;80H [24;1Hmusb-hdrc musb-hdrc.1: MUSB HDRC host driver
[23;80H [24;1Hmusb-hdrc musb-hdrc.1: new USB bus registered, assigned bus number 2
[23;80H [24;1Husb usb2: New USB device found, idVendor=1d6b, idProduct=0002
[23;80H [24;1Husb usb2: New USB device strings: Mfr=3, Product=2, SerialNumber=1
[23;80H [24;1Husb usb2: Product: MUSB HDRC host driver
[23;80H [24;1Husb usb2: Manufacturer: Linux 2.6.37 musb-hcd
[23;80H [24;1Husb usb2: SerialNumber: musb-hdrc.1
[23;80H [24;1Hhub 2-0:1.0: USB hub found
[23;80H [24;1Hhub 2-0:1.0: 1 port detected
[23;80H [24;1Hmusb-hdrc musb-hdrc.1: USB Host mode controller at da82a800 using DMA, IRQ 19
[23;80H [24;1HNET: Registered protocol family 2
[23;80H [24;1HIP route cache hash table entries: 4096 (order: 2, 16384 bytes)
[23;80H [24;1HTCP established hash table entries: 16384 (order: 5, 131072 bytes)
[23;80H [24;1HTCP bind hash table entries: 16384 (order: 4, 65536 bytes)
[23;80H [24;1HTCP: Hash tables configured (established 16384 bind 16384)
[23;80H [24;1HTCP reno registered
[23;80H [24;1HUDP hash table entries: 256 (order: 0, 4096 bytes)
[23;80H [24;1HUDP-Lite hash table entries: 256 (order: 0, 4096 bytes)
[23;80H [24;1HNET: Registered protocol family 1
[23;80H [24;1HRPC: Registered udp transport module.
[23;80H [24;1HRPC: Registered tcp transport module.
[23;80H [24;1HRPC: Registered tcp NFSv4.1 backchannel transport module.
[23;80H [24;1HNetWinder Floating Point Emulator V0.97 (double precision)
[23;80H [24;1HPMU: registered new PMU device of type 0
[23;80H [24;1Homap-iommu omap-iommu.0: ducati registered
[23;80H [24;1Homap-iommu omap-iommu.1: sys registered
[23;80H [24;1Hhighmem bounce pool size: 64 pages
[23;80H [24;1HJFFS2 version 2.2. (NAND) ÂÂ© 2001-2006 Red Hat, Inc.
[23;80H [24;1Hmsgmni has been set to 820
[23;80H [24;1Halg: No test for stdrng (krng)
[23;80H [24;1Hio scheduler noop registered
[23;80H [24;1Hio scheduler deadline registered
[23;80H [24;1Hio scheduler cfq registered (default)
[23;80H [24;1Hnss_rng nss_rng: NSS Random Number Generator ver. 2.0
[23;80H [24;1HSerial: 8250/16550 driver, 4 ports, IRQ sharing enabled
[23;80H [24;1Homap_uart.0: ttyO0 at MMIO 0x48020000 (irq = 72) is a OMAP UART0
[23;80H [24;1Homap_uart.1: ttyO1 at MMIO 0x48022000 (irq = 73) is a OMAP UART1
[23;80H [24;1Homap_uart.2: ttyO2 at MMIO 0x48024000 (irq = 74) is a OMAP UART2
[23;80H [24;1Hconsole [ttyO2] enabled
[23;80H [24;1Hbrd: module loaded
[23;80H [24;1Hloop: module loaded
[23;80H [24;1Hahci probe: devid name is ahci
[23;80H [24;1Hahci CAP register dump =0x6726ff81
[23;80H [24;1HModified ahci CAP register dump =0x6f26ff81
[23;80H [24;1Hahci ahci.0: forcing PORTS_IMPL to 0x3
[23;80H [24;1Hahci: SSS flag set, parallel bus scan disabled
[23;80H [24;1Hahci ahci.0: AHCI 0001.0100 32 slots 2 ports 3 Gbps 0x3 impl platform mode
[23;80H [24;1Hahci ahci.0: flags: ncq sntf stag pm led clo only pmp pio slum part ccc 
[23;80H [24;1Hscsi0 : ahci_platform
[23;80H [24;1Hscsi1 : ahci_platform
[23;80H [24;1Hata1: SATA max UDMA/133 mmio [mem 0x4a140000-0x4a150fff] port 0x100 irq 16
[23;80H [24;1Hata2: SATA max UDMA/133 mmio [mem 0x4a140000-0x4a150fff] port 0x180 irq 16
[23;80H [24;1Homap2-nand driver initializing
[23;80H [24;1HNAND device: Maf ID: 0xec, Chip ID: 0xda (Samsung, )
[23;80H [24;1H erasesize: 0x20000, writesize: 2048, oobsize: 64
[23;80H [24;1Homap2-nand: detected x8 NAND flash 
[23;80H [24;1HCreating 6 MTD partitions on "omap2-nand.0":
[23;80H [24;1H0x000000000000-0x000000240000 : "U-Boot"
[23;80H [24;1H0x000000240000-0x000000280000 : "U-Boot Env"
[23;80H [24;1H0x000000280000-0x000000580000 : "U-Boot Logo"
[23;80H [24;1H0x000000580000-0x0000009c0000 : "Kernel"
[23;80H [24;1H0x0000009c0000-0x00000d1e0000 : "File System"
[23;80H [24;1H0x00000d1e0000-0x000010000000 : "Reserved"
[23;80H [24;1HUBI: attaching mtd4 to ubi0
[23;80H [24;1HUBI: physical eraseblock size:   131072 bytes (128 KiB)
[23;80H [24;1HUBI: logical eraseblock size:    126976 bytes
[23;80H [24;1HUBI: smallest flash I/O unit:    2048
[23;80H [24;1HUBI: sub-page size:              512
[23;80H [24;1HUBI: VID header offset:          2048 (aligned 2048)
[23;80H [24;1HUBI: data offset:                4096
[23;80H [24;1Hhub 2-0:1.0: over-current change on port 1
[23;80H [24;1Hata1: SATA link down (SStatus 0 SControl 300)
[23;80H [24;1Hhub 1-0:1.0: over-current change on port 1
[23;80H [24;1HUBI: max. sequence number:       0
[23;80H [24;1HUBI warning: print_rsvd_warning: cannot reserve enough PEBs for bad PEB handlin[24;80H[24;80H[24;80H[24;80H[24;80H[24;80H[24;80H[24;80H[24;80H[24;80H[24;80H[24;80H[24;80H[24;80H[24;80H[24;80H[24;80H[24;80H[24;80H[24;80H[24;80H[24;80H[24;80H
[23;80H6[24;1HUBI: volume 0 ("rootfs") re-sized from 1586 to 1586 LEBs
[23;80H [24;1HUBI: attached mtd4 to ubi0
[23;80H [24;1HUBI: MTD device name:            "File System"
[23;80H [24;1HUBI: MTD device size:            200 MiB
[23;80H [24;1HUBI: number of good PEBs:        1601
[23;80H [24;1HUBI: number of bad PEBs:         0
[23;80H [24;1HUBI: number of corrupted PEBs:   0
[23;80H [24;1HUBI: max. allowed volumes:       128
[23;80H [24;1HUBI: wear-leveling threshold:    4096
[23;80H [24;1HUBI: number of internal volumes: 1
[23;80H [24;1HUBI: number of user volumes:     1
[23;80H [24;1HUBI: available PEBs:             0
[23;80H [24;1HUBI: total number of reserved PEBs: 1601
[23;80H [24;1HUBI: number of PEBs reserved for bad PEB handling: 11
[23;80H [24;1HUBI: max/mean erase counter: 1/0
[23;80H [24;1HUBI: image sequence number:  1003728722
[23;80H [24;1Hata2: SATA link down (SStatus 0 SControl 300)
[23;80H [24;1HUBI: background thread "ubi_bgt0d" started, PID 47
[23;80H [24;1Hdavinci_mdio davinci_mdio.0: davinci mdio revision 1.6
[23;80H [24;1Hdavinci_mdio davinci_mdio.0: detected phy mask fffffff5
[23;80H [24;1Hdavinci_mdio.0: probed
[23;80H [24;1Hdavinci_mdio davinci_mdio.0: phy[1]: device 0:01, driver unknown
[23;80H [24;1Hdavinci_mdio davinci_mdio.0: phy[3]: device 0:03, driver unknown
[23;80H [24;1Husbcore: registered new interface driver cdc_ether
[23;80H [24;1Husbcore: registered new interface driver dm9601
[23;80H [24;1HInitializing USB Mass Storage driver...
[23;80H [24;1Husbcore: registered new interface driver usb-storage
[23;80H [24;1HUSB Mass Storage support registered.
[23;80H [24;1Hmice: PS/2 mouse device common for all mice
[23;80H [24;1Hrtc-ds1307 1-0068: rtc core: registered ds1337 as rtc0
[23;80H [24;1Homap_rtc omap_rtc: rtc core: registered omap_rtc as rtc1
[23;80H [24;1Hi2c /dev entries driver
[23;80H [24;1HLinux video capture interface: v2.00
[23;80H [24;1Husbcore: registered new interface driver uvcvideo
[23;80H [24;1HUSB Video Class driver (v1.0.0)
[23;80H [24;1HOMAP Watchdog Timer Rev 0x00: initial timeout 60 sec
[23;80H [24;1Hnss_aes_mod_init: loading NSS AES driver
[23;80H [24;1Hnss-aes nss-aes: NSS AES hw accel rev: 3.2 (context 0 @0x41140000)
[23;80H [24;1Hnss-aes nss-aes: NSS AES hw accel rev: 3.2 (context 1 @0x41141000)
[23;80H [24;1Hnss-aes nss-aes: NSS AES hw accel rev: 3.2 (context 2 @0x411a0000)
[23;80H [24;1Hnss-aes nss-aes: NSS AES hw accel rev: 3.2 (context 3 @0x411a1000)
[23;80H [24;1Hnss_aes_probe: probe() done
[23;80H [24;1Hnss_des_mod_init: loading NSS DES driver
[23;80H [24;1Hnss-des nss-des: NSS DES hw accel rev: 2.2 (context 0 @0x41160000)
[23;80H [24;1Hnss-des nss-des: NSS DES hw accel rev: 2.2 (context 1 @0x41161000)
[23;80H [24;1Hnss_des_probe: probe() done
[23;80H [24;1Hnss_sham_mod_init: loading NSS SHA/MD5 driver
[23;80H [24;1Hnss-sham nss-sham: NSS SHA/MD5 hw accel rev: 4.03 (context 0 @0x41100000)
[23;80H [24;1Hnss-sham nss-sham: NSS SHA/MD5 hw accel rev: 4.03 (context 1 @0x41101000)
[23;80H [24;1Hnss-sham nss-sham: NSS SHA/MD5 hw accel rev: 4.03 (context 2 @0x411c0000)
[23;80H [24;1Hnss-sham nss-sham: NSS SHA/MD5 hw accel rev: 4.03 (context 3 @0x411c1000)
[23;80H [24;1Hnss_sham_probe: probe() done
[23;80H [24;1Husbcore: registered new interface driver usbhid
[23;80H [24;1Husbhid: USB HID core driver
[23;80H [24;1Hnotify_init : notify drivercreated  for  remote proc id 2 at physical Address 0[24;80H[24;80H[24;80H[24;80H[24;80H[24;80H[24;80H[24;80H[24;80H
[23;80H0[24;1Husbcore: registered new interface driver snd-usb-audio
[23;80H [24;1HRegistered tvp5158 audio codec
[23;80H [24;1Hasoc: tvp5158-hifi <-> davinci-mcasp.0 mapping ok
[23;80H [24;1Hasoc: tlv320aic3x-hifi <-> davinci-mcasp.2 mapping ok
[23;80H [24;1Hasoc: HDMI-DAI-CODEC <-> hdmi-dai mapping ok
[23;80H [24;1HALSA device list:
[23;80H [24;1H  #0: TI81XX_DVR_CARD0
[23;80H [24;1H  #1: TI81XX_DVR_CARD1
[23;80H [24;1Hoprofile: using arm/armv7
[23;80H [24;1HTCP cubic registered
[23;80H [24;1HNET: Registered protocol family 17
[23;80H [24;1HVFP support v0.3: implementor 41 architecture 3 part 30 variant c rev 3
[23;80H [24;1Homap_voltage_late_init: Voltage driver support not added
[23;80H [24;1HPower Management for TI81XX.
[23;80H [24;1Hdavinci_emac_probe: