
[!p[?3;4l[4l>[0m(B[?1h=[H[2J[?12l[?25h
Welcome to minicom 2.7

OPTIONS: I18n 
Compiled on Jan  1 2014, 17:13:19.
Port /dev/ttyUSB1, 15:26:16

Press CTRL-A Z for help on special keys


TI8148_EVM#

TI8148_EVM#reset
reset
resetting ...


U-Boot 2010.06 (Jun 07 2016 - 14:11:40)

TI8148-GP rev 1.0

DRAM:  1 GiB
NAND:  HW ECC BCH8 Selected
256 MiB
Using default environment

[23;80H [24;1HThe 2nd stage U-Boot will now be auto-loaded
[23;80H [24;1HPlease do not interrupt the countdown till TI8148_EVM prompt if 2nd stage is al[24;80H[24;80H[24;80H[24;80H[24;80H[24;80H[24;80H[24;80H[24;80H[24;80H[24;80H[24;80H[24;80H
[23;80Hd[24;1HEricDebug uboot WDT timeout is 600 seconds 
[23;80H [24;1HHit any key to stop autoboot:  1  0 
[23;80H [24;1H
[23;80H [24;1HNAND read: device 0 offset 0x20000, size 0x40000
[23;80H [24;1H 262144 bytes read: OK
[23;80H [24;1H## Starting application at 0x81000000 ...
[23;80H [24;1H
[23;80H [24;1H
[23;80H [24;1HU-Boot 2010.06 (Jun 07 2016 - 14:12:09)
[23;80H [24;1H
[23;80H [24;1HTI8148-GP rev 1.0
[23;80H [24;1H
[23;80H [24;1HI2C:   ready
[23;80H [24;1HDRAM:  1 GiB
[23;80H [24;1HNAND:  HW ECC BCH8 Selected
[23;80H [24;1H256 MiB
[23;80H [24;1HMMC:   OMAP SD/MMC: 0
[23;80H [24;1H*** Warning - bad CRC or NAND, using default environment
[23;80H [24;1H
[23;80H [24;1H                          .:;rrr;;.                   
[23;80H [24;1H                    ,5#@@@@#####@@@@@@#2,             
[23;80H [24;1H                 ,A@@@hi;;;r5;;;;r;rrSG@@@A,          
[23;80H [24;1H               r@@#i;:;s222hG;rrsrrrrrr;ri#@@r        
[23;80H [24;1H             :@@hr:r;SG3ssrr2r;rrsrsrsrsrr;rh@@:      
[23;80H [24;1H            B@H;;rr;3Hs;rrr;sr;;rrsrsrsrsrsr;;H@B     
[23;80H [24;1H           @@s:rrs;5#;;rrrr;r#@H:;;rrsrsrsrsrr:s@@    
[23;80H [24;1H          @@;;srs&X#9;r;r;;,2@@@rrr:;;rrsrsrsrr;;@@   
[23;80H [24;1H         @@;;rrsrrs@MB#@@@@@###@@@@@@#rsrsrsrsrr;;@@  
[23;80H [24;1H        G@r;rrsrsr;#X;SX25Ss#@@#M@#9H9rrsrsrsrsrs;r@G 
[23;80H [24;1H        @9:srsrsrs;2@;:;;:.X@@@@@H::;rrsrsrsrsrsrr:3@ 
[23;80H [24;1H       X@;rrsrsrsrr;XAi;;:&@@#@Bs:rrsrsrsrsrsrsrsrr;@X
[23;80H [24;1H       @#;rsrsrsrsrr;r2ir@@@###::rrsrsrsrsrsrsrsrsr:@@
[23;80H [24;1H       @A:rrsrsrsrr;:2@29@@M@@@;:;rrrrsrsrsrsrsrsrs;H@
[23;80H [24;1H       @&;rsrsrsrr;A@@@@@@###@@@s::;:;;rrsrsrsrsrsr;G@
[23;80H [24;1H       @#:rrsrsrsr;G@5Hr25@@@#@@@#9XG9s:rrrrsrsrsrs:#@
[23;80H [24;1H       M@;rsrsrsrs;r@&#;::S@@@@@@@M@@@@Grr:;rsrsrsr;@#
[23;80H [24;1H       :@s;rsrsrsrr:M#Msrr;;&#@@@@@@@@@@H@@5;rsrsr;s@,
[23;80H [24;1H        @@:rrsrsrsr;S@rrrsr;:;r3MH@@#@M5,S@@irrsrr:@@ 
[23;80H [24;1H         @A:rrsrsrsrrrrrsrsrrr;::;@##@r:;rH@h;srr:H@  
[23;80H [24;1H         ;@9:rrsrsrsrrrsrsrsrsr;,S@Hi@i:;s;MX;rr:h@;  
[23;80H [24;1H          r@B:rrrrsrsrsrsrsrr;;sA@#i,i@h;r;S5;r:H@r   
[23;80H [24;1H           ,@@r;rrrsrsrsrsrr;2BM3r:;r:G@:rrr;;r@@,    
[23;80H [24;1H             B@Mr;rrrrsrsrsr@@S;;;rrr:5M;rr;rM@H      
[23;80H [24;1H              .@@@i;;rrrrsrs2i;rrrrr;r@M:;i@@@.       
[23;80H [24;1H                .A@@#5r;;;r;;;rrr;r:r#AsM@@H.         
[23;80H [24;1H                   ;&@@@@MhXS5i5SX9B@@@@G;            
[23;80H [24;1H                       :ihM#@@@@@##hs,                
[23;80H [24;1H
[23;80H [24;1HEricDebug uboot WDT timeout is 600 seconds 
[23;80H [24;1HNet:   set mac addr : 72:34: 0:27:aa:44
[23;80H [24;1Hset mac addr1 : 73:34: 0:27:aa:44
[23;80H [24;1HDetected MACID:44:aa:27:0:34:72
[23;80H [24;1Hcpsw
[23;80H [24;1HHit any key to stop autoboot:
  3  0 
[23;80H [24;1HTI8148_EVM#setenv ipaddr 192.168.1.146
setenv ipaddr 192.168.1.146
[23;80H [24;1HTI8148_EVM#setenv gatewayip 192.168.1.9
setenv gatewayip 192.168.1.9
[23;80H [24;1HTI8148_EVM#setenv netmask 255.255.255.0
setenv netmask 255.255.255.0
[23;80H [24;1HTI8148_EVM#setenv serverip 192.168.1.9
setenv serverip 192.168.1.9
[23;80H [24;1HTI8148_EVM#setenv bootcmd 'nand read 0x81000000 0x00580000 0x300000; bootm 0x81000000';
setenv bootcmd 'nand read 0x81000000 0x00580000 0x300000; bootm 0x81[24;80H[24;80H[24;80H[24;80H[24;80H[24;80H[24;80H[24;80H
[23;80H;[24;1HTI8148_EVM#setenv bootargs 'console=ttyO0,115200n8 noinitrd mem=128M rootwait=1 rw ubi.mtd=5,2048 rootfstype=ubifs root=ubi0:rootfs init=/init notifyk.vpssm3_sva=0xBFD00000 earlyprintk ddr_mem=512M vram=20M';
setenv bootargs 'console=ttyO0,115200n8 noinitrd mem=128M rootwait=1[24;80H[24;80H[24;80H[24;80H[24;80H[24;80H[24;80H[24;80H[24;80H[24;80H[24;80H[24;80H[24;80H[24;80H[24;80H[24;80H[24;80H[24;80H[24;80H[24;80H[24;80H[24;80H[24;80H[24;80H[24;80H[24;80H[24;80H[24;80H[24;80H[24;80H[24;80H[24;80H[24;80H[24;80H[24;80H[24;80H[24;80H[24;80H[24;80H[24;80H[24;80H[24;80H[24;80H[24;80H[24;80H[24;80H[24;80H[24;80H[24;80H[24;80H[24;80H[24;80H[24;80H[24;80H[24;80H[24;80H[24;80H[24;80H[24;80H[24;80H[24;80H[24;80H[24;80H[24;80H[24;80H[24;80H[24;80H[24;80H[24;80H[24;80H[24;80H[24;80H[24;80H[24;80H[24;80H[24;80H[24;80H[24;80H[24;80H[24;80H[24;80H[24;80H[24;80H[24;80H[24;80H[24;80H[24;80H[24;80H[24;80H[24;80H[24;80H[24;80H[24;80H[24;80H[24;80H[24;80H[24;80H[24;80H[24;80H[24;80H[24;80H[24;80H[24;80H[24;80H[24;80H[24;80H[24;80H[24;80H[24;80H[24;80H[24;80H[24;80H[24;80H[24;80H[24;80H[24;80H[24;80H[24;80H[24;80H[24;80H[24;80H[24;80H[24;80H[24;80H[24;80H[24;80H[24;80H[24;80H[24;80H
[23;80H;[24;1HTI8148_EVM#ping 192.168.1.9
ping 192.168.1.9
[23;80H [24;1Hlink up on port 0, speed 100, full duplex
[23;80H [24;1HUsing cpsw device
[23;80H [24;1Hhost 192.168.1.9 is alive
[23;80H [24;1HTI8148_EVM#setenv 'noinitrd rw ubi.mtd'
setenv 'noinitrd rw ubi.mtd'
[23;80H [24;1HTI8148_EVM#setenv ip
setenv ip
[23;80H [24;1HTI8148_EVM#saveenv
saveenv
[23;80H [24;1HSaving Environment to NAND...
[23;80H [24;1HErasing Nand...
[23;80H [24;1HErasing at 0x260000 -- 100% complete.
[23;80H [24;1HWriting to Nand... done
[23;80H [24;1HTI8148_EVM#ls
ls
[23;80H [24;1HUnknown command 'ls' - try 'help'
[23;80H [24;1HTI8148_EVM#mw.b 0x81000000 0xFF 0x20000;
mw.b 0x81000000 0xFF 0x20000;
[23;80H [24;1HTI8148_EVM#nand erase 0x0 0x20000;
nand erase 0x0 0x20000;
[23;80H [24;1H
[23;80H [24;1HNAND erase: device 0 offset 0x0, size 0x20000
[23;80H [24;1HErasing at 0x0 -- 100% complete.
[23;80H [24;1HOK
[23;80H [24;1HTI8148_EVM#tftp 0x81000000 2016-7-13/dm8148/xzrs_uboot_nand_dm8148
tftp 0x81000000 2016-7-13/dm8148/xzrs_uboot_nand_dm8148
[23;80H [24;1Hlink up on port 0, speed 100, full duplex
[23;80H [24;1HUsing cpsw device
[23;80H [24;1HTFTP from server 192.168.1.9; our IP address is 192.168.1.146
[23;80H [24;1HFilename '2016-7-13/dm8148/xzrs_uboot_nand_dm8148'.
[23;80H [24;1HLoad address: 0x81000000
[23;80H [24;1HLoading: *######################
[23;80H [24;1Hdonenandecc hw 2

[23;80H [24;1HBytes transferred = 110136 (0x1ae38)
[23;80H [24;1HTI8148_EVM#nanand write.i 0x81000000 0x0 0x20000
ndecc hw 2
[23;80H [24;1HHW ECC BCH8 Selected
[23;80H [24;1HTI8148_EVM#nand write.i 0x81000000 0x0 0x20000
[23;80H [24;1H
[23;80H [24;1HNAND write: device 0 offset 0x0, size 0x20000
[23;80H [24;1H 131072 bytes written: OK
[23;80H [24;1Hls
TI8148_EVM#lsmw.b 0x81000000 0xFF 0x40000

[23;80H [24;1HUnknown command 'ls' - try 'help'
[23;80H [24;1HTI8148_EVM#mw.b 0x81000000 0xFF 0x40000nand erase 0x20000 0x60000;

[23;80H [24;1HTI8148_EVM#nand erase 0x20000 0x60000;tftp 0x81000000 2016-7-13/dm8148/xzrs_uboot_dm8148

[23;80H [24;1H
[23;80H [24;1HNAND erase: device 0 offset 0x20000, size 0x60000
[23;80H [24;1HErasing at 0x20000 --  33% complete.Erasing at 0x40000 --  66% complete.Erasing at 0x60000 -- 100% complete.
[23;80H [24;1HOK
[23;80H [24;1HTI8148_EVM#tftp 0x81000000 2016-7-13/dm8148/xzrs_uboot_dm8148
[23;80H [24;1Hlink up on port 0, speed 100, full duplex
[23;80H [24;1HUsing cpsw device
[23;80H [24;1HTFTP from server 192.168.1.9; our IP address is 192.168.1.146
[23;80H [24;1HFilename '2016-7-13/dm8148/xzrs_uboot_dm8148'.
[23;80H [24;1HLoad address: 0x81000000
[23;80H [24;1HLoading: *########################################
[23;80H [24;1Hdonenandecc hw 2

[23;80H [24;1HBytes transferred = 202212 (0x315e4)
[23;80H [24;1HTI8148_EVM#nnand write.i 0x81000000 0x20000 0x60000
andecc hw 2
[23;80H [24;1HHW ECC BCH8 Selected
[23;80H [24;1HTI8148_EVM#nand write.i 0x81000000 0x20000 0x60000
[23;80H [24;1H
[23;80H [24;1HNAND write: device 0 offset 0x20000, size 0x60000
[23;80H [24;1H 393216 bytes written: OKsetenv ipaddr 192.168.1.146

[23;80H [24;1HTI8148_EVM#setenv ipaddr 192.168.1.146setenv gatewayip 192.168.1.9

[23;80H [24;1HTI8148_EVM#setenv gatewayip 192.168.1.9setenv netmask 255.255.255.0

[23;80H [24;1HTI8148_EVM#setenv netmask 255.255.255.0setenv serverip 192.168.1.9

[23;80H [24;1HTI8148_EVM#setenv serverip 192.168.1.9setenv bootcmd 'nand read 0x81000000 0x00580000 0x300000; bootm 0x81000000';

[23;80H [24;1HTI8148_EVM#setenv bootcmd 'nand read 0x81000000 0x00580000 0x300000; bootm 0x81[24;80H[24;80H[24;80H[24;80H[24;80H[24;80H[24;80H[24;80Hsetenv bootargs 'console=ttyO0,115200n8 noinitrd mem=128M rootwait=1 rw ubi.mtd=5,2048 rootfstype=ubifs root=ubi0:rootfs init=/init notifyk.vpssm3_sva=0xBFD00000 earlyprintk ddr_mem=512M vram=20M';

[23;80H;[24;1HTI8148_EVM#setenv bootargs 'console=ttyO0,115200n8 noinitrd mem=128M rootwait=1[24;80H[24;80H[24;80H[24;80H[24;80H[24;80H[24;80H[24;80H[24;80H[24;80H[24;80H[24;80H[24;80H[24;80H[24;80H[24;80H[24;80H[24;80H[24;80H[24;80H[24;80H[24;80H[24;80H[24;80H[24;80H[24;80H[24;80H[24;80H[24;80H[24;80H[24;80H[24;80H[24;80H[24;80H[24;80H[24;80H[24;80H[24;80H[24;80H[24;80H[24;80H[24;80H[24;80H[24;80H[24;80H[24;80H[24;80H[24;80H[24;80H[24;80H[24;80H[24;80H[24;80H[24;80H[24;80H[24;80H[24;80H[24;80H[24;80H[24;80H[24;80H[24;80H[24;80H[24;80H[24;80H[24;80H[24;80H[24;80H[24;80H[24;80H[24;80H[24;80H[24;80H[24;80H[24;80H[24;80H[24;80H[24;80H[24;80H[24;80H[24;80H[24;80H[24;80H[24;80H[24;80H[24;80H[24;80H[24;80H[24;80H[24;80H[24;80H[24;80H[24;80H[24;80H[24;80H[24;80H[24;80H[24;80H[24;80H[24;80H[24;80H[24;80H[24;80H[24;80H[24;80H[24;80H[24;80H[24;80H[24;80H[24;80H[24;80H[24;80H[24;80H[24;80H[24;80H[24;80H[24;80H[24;80H[24;80H[24;80H[24;80H[24;80H[24;80H[24;80H[24;80H[24;80H[24;80H[24;80H[24;80Hping 192.168.1.9

[23;80H;[24;1HTI8148_EVM#ping 192.168.1.9
[23;80H [24;1Hlink up on port 0, speed 100, full duplex
[23;80H [24;1HUsing cpsw device
[23;80H [24;1Hhost 192.168.1.9 is alive
[23;80H [24;1HTI8148_EVM#setenv 'noinitrd rw ubi.mtd'
setenv 'noinitrd rw ubi.mtd'
[23;80H [24;1HTI8148_EVM#setenv ip
setenv ip
[23;80H [24;1HTI8148_EVM#saveenv
saveenv
[23;80H [24;1HSaving Environment to NAND...
[23;80H [24;1HErasing Nand...
[23;80H [24;1HErasing at 0x260000 -- 100% complete.
[23;80H [24;1HWriting to Nand... done
[23;80H [24;1HTI8148_EVM#

[23;80H [24;1HTI8148_EVM#reset
reset
[23;80H [24;1Hresetting ...
[23;80H [24;1H
[23;80H [24;1H
[23;80H [24;1HU-Boot 2010.06 (Jul 13 2016 - 09:42:19)
[23;80H [24;1H
[23;80H [24;1HTI8148-GP rev 1.0
[23;80H [24;1H
[23;80H [24;1HDRAM:  1 GiB
[23;80H [24;1HNAND:  HW ECC BCH8 Selected
[23;80H [24;1H256 MiB
[23;80H [24;1HUsing default environment
[23;80H [24;1H
[23;80H [24;1HThe 2nd stage U-Boot will now be auto-loaded
[23;80H [24;1HPlease do not interrupt the countdown till TI8148_EVM prompt if 2nd stage is al[24;80H[24;80H[24;80H[24;80H[24;80H[24;80H[24;80H[24;80H[24;80H[24;80H[24;80H[24;80H[24;80H
[23;80Hd[24;1HEricDebug uboot WDT timeout is 600 seconds 
[23;80H [24;1HHit any key to stop autoboot:  1  0 
[23;80H [24;1H
[23;80H [24;1HNAND read: device 0 offset 0x20000, size 0x40000
[23;80H [24;1H 262144 bytes read: OK
[23;80H [24;1H## Starting application at 0x81000000 ...
[23;80H [24;1H
[23;80H [24;1H
[23;80H [24;1HU-Boot 2010.06 (Jul 13 2016 - 09:42:47)
[23;80H [24;1H
[23;80H [24;1HTI8148-GP rev 1.0
[23;80H [24;1H
[23;80H [24;1HI2C:   ready
[23;80H [24;1HDRAM:  1 GiB
[23;80H [24;1HNAND:  HW ECC BCH8 Selected
[23;80H [24;1H256 MiB
[23;80H [24;1HMMC:   OMAP SD/MMC: 0
[23;80H [24;1H                          .:;rrr;;.                   
[23;80H [24;1H                    ,5#@@@@#####@@@@@@#2,             
[23;80H [24;1H                 ,A@@@hi;;;r5;;;;r;rrSG@@@A,          
[23;80H [24;1H               r@@#i;:;s222hG;rrsrrrrrr;ri#@@r        
[23;80H [24;1H             :@@hr:r;SG3ssrr2r;rrsrsrsrsrr;rh@@:      
[23;80H [24;1H            B@H;;rr;3Hs;rrr;sr;;rrsrsrsrsrsr;;H@B     
[23;80H [24;1H           @@s:rrs;5#;;rrrr;r#@H:;;rrsrsrsrsrr:s@@    
[23;80H [24;1H          @@;;srs&X#9;r;r;;,2@@@rrr:;;rrsrsrsrr;;@@   
[23;80H [24;1H         @@;;rrsrrs@MB#@@@@@###@@@@@@#rsrsrsrsrr;;@@  
[23;80H [24;1H        G@r;rrsrsr;#X;SX25Ss#@@#M@#9H9rrsrsrsrsrs;r@G 
[23;80H [24;1H        @9:srsrsrs;2@;:;;:.X@@@@@H::;rrsrsrsrsrsrr:3@ 
[23;80H [24;1H       X@;rrsrsrsrr;XAi;;:&@@#@Bs:rrsrsrsrsrsrsrsrr;@X
[23;80H [24;1H       @#;rsrsrsrsrr;r2ir@@@###::rrsrsrsrsrsrsrsrsr:@@
[23;80H [24;1H       @A:rrsrsrsrr;:2@29@@M@@@;:;rrrrsrsrsrsrsrsrs;H@
[23;80H [24;1H       @&;rsrsrsrr;A@@@@@@###@@@s::;:;;rrsrsrsrsrsr;G@
[23;80H [24;1H       @#:rrsrsrsr;G@5Hr25@@@#@@@#9XG9s:rrrrsrsrsrs:#@
[23;80H [24;1H       M@;rsrsrsrs;r@&#;::S@@@@@@@M@@@@Grr:;rsrsrsr;@#
[23;80H [24;1H       :@s;rsrsrsrr:M#Msrr;;&#@@@@@@@@@@H@@5;rsrsr;s@,
[23;80H [24;1H        @@:rrsrsrsr;S@rrrsr;:;r3MH@@#@M5,S@@irrsrr:@@ 
[23;80H [24;1H         @A:rrsrsrsrrrrrsrsrrr;::;@##@r:;rH@h;srr:H@  
[23;80H [24;1H         ;@9:rrsrsrsrrrsrsrsrsr;,S@Hi@i:;s;MX;rr:h@;  
[23;80H [24;1H          r@B:rrrrsrsrsrsrsrr;;sA@#i,i@h;r;S5;r:H@r   
[23;80H [24;1H           ,@@r;rrrsrsrsrsrr;2BM3r:;r:G@:rrr;;r@@,    
[23;80H [24;1H             B@Mr;rrrrsrsrsr@@S;;;rrr:5M;rr;rM@H      
[23;80H [24;1H              .@@@i;;rrrrsrs2i;rrrrr;r@M:;i@@@.       
[23;80H [24;1H                .A@@#5r;;;r;;;rrr;r:r#AsM@@H.         
[23;80H [24;1H                   ;&@@@@MhXS5i5SX9B@@@@G;            
[23;80H [24;1H                       :ihM#@@@@@##hs,                
[23;80H [24;1H
[23;80H [24;1HEricDebug uboot WDT timeout is 600 seconds 
[23;80H [24;1HNet:   set mac addr : 72:34: 0:27:aa:44
[23;80H [24;1Hset mac addr1 : 73:34: 0:27:aa:44
[23;80H [24;1HDetected MACID:44:aa:27:0:34:72
[23;80H [24;1Hcpsw
[23;80H [24;1HHit any key to stop autoboot: 
 3  0 
[23;80H [24;1HTI8148_EVM#ls
ls
[23;80H [24;1HUnknown command 'ls' - try 'help'
[23;80H [24;1HTI8148_EVM#mw.b 0x81000000 0xFF 0x300000;
mw.b 0x81000000 0xFF 0x300000;
[23;80H [24;1HTI8148_EVM#tftp 0x81000000 2016-7-13/dm8148/xzrs_uimage_dm8148
tftp 0x81000000 2016-7-13/dm8148/xzrs_uimage_dm8148
[23;80H [24;1Hlink up on port 0, speed 100, full duplex
[23;80H [24;1HUsing cpsw device
[23;80H [24;1HTFTP from server 192.168.1.9; our IP address is 192.168.1.146
[23;80H [24;1HFilename '2016-7-13/dm8148/xzrs_uimage_dm8148'.
[23;80H [24;1HLoad address: 0x81000000
[23;80H [24;1HLoading: *#################################################################
[23;80H [24;1H[24;9H #################################################################
[23;80H [24;1H[24;9H #################################################################
[23;80H [24;1H[24;9H #################################################################
[23;80H [24;1H[24;9H #################################################################
[23;80H [24;1H[24;9H #################################################################
[23;80H [24;1H[24;9H #################################################################
[23;80H [24;1H[24;9H #############################################################
[23;80H [24;1Hdone
[23;80H [24;1Hnand erase 0x00580000 0x00440000;
Bytes transferred = 2638636 (0x28432c)
[23;80H [24;1HTI8148_EVM#nanand write.i 0x81000000  0x00580000 0x00400000;
nd erase 0x00580000 0x00440000;
[23;80H [24;1H
[23;80H [24;1HNAND erase: device 0 offset 0x580000, size 0x440000
[23;80H [24;1HErasing at 0x580000 --   2% complete.Erasing at 0x5a0000 --   5% complete.Erasing at 0x5c0000 --   8% complete.Erasing at 0x5e0000 --  11% complete.Erasing at 0x600000 --  14% complete.Erasing at 0x620000 --  17% complete.Erasing at 0x640000 --  20% complete.Erasing at 0x660000 --  23% complete.Erasing at 0x680000 --  26% complete.Erasing at 0x6a0000 --  29% complete.Erasing at 0x6c0000 --  32% complete.Erasing at 0x6e0000 --  35% complete.Erasing at 0x700000 --  38% complete.Erasing at 0x720000 --  41% complete.Erasing at 0x740000 --  44% complete.Erasing at 0x760000 --  47% complete.Erasing at 0x780000 --  50% complete.Erasing at 0x7a0000 --  52% complete.Erasing at 0x7c0000 --  55% complete.Erasing at 0x7e0000 --  58% complete.Erasing at 0x800000 --  61% complete.Erasing at 0x820000 --  64% complete.Erasing at 0x840000 --  67% complete.Erasing at 0x860000 --  70% complete.Erasing at 0x880000 --  73% complete.Erasing at 0x8a0000 --  76% complete.Erasing at 0x8c0000 --  79% complete.Erasing at 0x8e0000 --  82% complete.Erasing at 0x900000 --  85% complete.Erasing at 0x920000 --  88% complete.Erasing at 0x940000 --  91% complete.Erasing at 0x960000 --  94% complete.Erasing at 0x980000 --  97% complete.Erasing at 0x9a0000 -- 100% complete.
[23;80H [24;1HOK
[23;80H [24;1HTI8148_EVM#nand write.i 0x81000000  0x00580000 0x00400000;
[23;80H [24;1H
[23;80H [24;1HNAND write: device 0 offset 0x580000, size 0x400000
[23;80H [24;1H 4194304 bytes written: OKls

[23;80H [24;1HTI8148_EVM#lsmw.b 0x81000000 0xFF 0x5a00000;

[23;80H [24;1HUnknown command 'ls' - try 'help'
[23;80H [24;1HTI8148_EVM#mw.b 0x81000000 0xFF 0x5a00000;tftp 0x81000000 2016-7-13/dm8148/xzrs_fs_dm8148

[23;80H [24;1HTI8148_EVM#tftp 0x81000000 2016-7-13/dm8148/xzrs_fs_dm8148
[23;80H [24;1Hlink up on port 0, speed 100, full duplex
[23;80H [24;1HUsing cpsw device
[23;80H [24;1HTFTP from server 192.168.1.9; our IP address is 192.168.1.146
[23;80H [24;1HFilename '2016-7-13/dm8148/xzrs_fs_dm8148'.
[23;80H [24;1HLoad address: 0x81000000
[23;80H [24;1HLoading: *#################################################################
[23;80H [24;1H[24;9H #################################################################
[23;80H [24;1H[24;9H #################################################################
[23;80H [24;1H[24;9H #################################################################
[23;80H [24;1H[24;9H #################################################################
[23;80H [24;1H[24;9H #################################################################
[23;80H [24;1H[24;9H #################################################################
[23;80H [24;1H[24;9H #################################################################
[23;80H [24;1H[24;9H #################################################################
[23;80H [24;1H[24;9H #################################################################
[23;80H [24;1H[24;9H #################################################################
[23;80H [24;1H[24;9H #################################################################
[23;80H [24;1H[24;9H #################################################################
[23;80H [24;1H[24;9H #################################################################
[23;80H [24;1H[24;9H #################################################################
[23;80H [24;1H[24;9H #################################################################
[23;80H [24;1H[24;9H #################################################################
[23;80H [24;1H[24;9H #################################################################
[23;80H [24;1H[24;9H #################################################################
[23;80H [24;1H[24;9H #################################################################
[23;80H [24;1H[24;9H #################################################################
[23;80H [24;1H[24;9H #################################################################
[23;80H [24;1H[24;9H #################################################################
[23;80H [24;1H[24;9H #################################################################
[23;80H [24;1H[24;9H #################################################################
[23;80H [24;1H[24;9H #################################################################
[23;80H [24;1H[24;9H #################################################################
[23;80H [24;1H[24;9H #################################################################
[23;80H [24;1H[24;9H #################################################################
[23;80H [24;1H[24;9H #################################################################
[23;80H [24;1H[24;9H #################################################################
[23;80H [24;1H[24;9H #################################################################
[23;80H [24;1H[24;9H #################################################################
[23;80H [24;1H[24;9H #################################################################
[23;80H [24;1H[24;9H #################################################################
[23;80H [24;1H[24;9H #################################################################
[23;80H [24;1H[24;9H #################################################################
[23;80H [24;1H[24;9H #################################################################
[23;80H [24;1H[24;9H #################################################################
[23;80H [24;1H[24;9H #################################################################
[23;80H [24;1H[24;9H #################################################################
[23;80H [24;1H[24;9H #################################################################
[23;80H [24;1H[24;9H #################################################################
[23;80H [24;1H[24;9H #################################################################
[23;80H [24;1H[24;9H #################################################################
[23;80H [24;1H[24;9H #################################################################
[23;80H [24;1H[24;9H #################################################################
[23;80H [24;1H[24;9H #################################################################
[23;80H [24;1H[24;9H #################################################################
[23;80H [24;1H[24;9H #################################################################
[23;80H [24;1H[24;9H #################################################################
[23;80H [24;1H[24;9H #################################################################
[23;80H [24;1H[24;9H #################################################################
[23;80H [24;1H[24;9H #################################################################
[23;80H [24;1H[24;9H #################################################################
[23;80H [24;1H[24;9H #################################################################
[23;80H [24;1H[24;9H #################################################################
[23;80H [24;1H[24;9H #################################################################
[23;80H [24;1H[24;9H #################################################################
[23;80H [24;1H[24;9H #################################################################
[23;80H [24;1H[24;9H #################################################################
[23;80H [24;1H[24;9H #################################################################
[23;80H [24;1H[24;9H #################################################################
[23;80H [24;1H[24;9H #################################################################
[23;80H [24;1H[24;9H #################################################################
[23;80H [24;1H[24;9H #################################################################
[23;80H [24;1H[24;9H #################################################################
[23;80H [24;1H[24;9H #################################################################
[23;80H [24;1H[24;9H #################################################################
[23;80H [24;1H[24;9H #################################################################
[23;80H [24;1H[24;9H #################################################################
[23;80H [24;1H[24;9H #################################################################
[23;80H [24;1H[24;9H #################################################################
[23;80H [24;1H[24;9H #################################################################
[23;80H [24;1H[24;9H #################################################################
[23;80H [24;1H[24;9H #################################################################
[23;80H [24;1H[24;9H #################################################################
[23;80H [24;1H[24;9H #################################################################
[23;80H [24;1H[24;9H #################################################################
[23;80H [24;1H[24;9H #################################################################
[23;80H [24;1H[24;9H #################################################################
[23;80H [24;1H[24;9H #################################################################
[23;80H [24;1H[24;9H #################################################################
[23;80H [24;1H[24;9H #################################################################
[23;80H [24;1H[24;9H #################################################################
[23;80H [24;1H[24;9H #################################################################
[23;80H [24;1H[24;9H #################################################################
[23;80H [24;1H[24;9H #################################################################
[23;80H [24;1H[24;9H #################################################################
[23;80H [24;1H[24;9H #################################################################
[23;80H [24;1H[24;9H #################################################################
[23;80H [24;1H[24;9H #################################################################
[23;80H [24;1H[24;9H #################################################################
[23;80H [24;1H[24;9H #################################################################
[23;80H [24;1H[24;9H #################################################################
[23;80H [24;1H[24;9H #################################################################
[23;80H [24;1H[24;9H #################################################################
[23;80H [24;1H[24;9H #################################################################
[23;80H [24;1H[24;9H #################################################################
[23;80H [24;1H[24;9H #################################################################
[23;80H [24;1H[24;9H ######################################################
[23;80H [24;1H[24;9H 32 MB received
[23;80H [24;1H[24;9H #################################################################
[23;80H [24;1H[24;9H #################################################################
[23;80H [24;1H[24;9H #################################################################
[23;80H [24;1H[24;9H #################################################################
[23;80H [24;1H[24;9H #################################################################
[23;80H [24;1H[24;9H #################################################################
[23;80H [24;1H[24;9H #################################################################
[23;80H [24;1H[24;9H #################################################################
[23;80H [24;1H[24;9H #################################################################
[23;80H [24;1H[24;9H #################################################################
[23;80H [24;1H[24;9H #################################################################
[23;80H [24;1H[24;9H #################################################################
[23;80H [24;1H[24;9H #################################################################
[23;80H [24;1H[24;9H #################################################################
[23;80H [24;1H[24;9H #################################################################
[23;80H [24;1H[24;9H #################################################################
[23;80H [24;1H[24;9H #################################################################
[23;80H [24;1H[24;9H #################################################################
[23;80H [24;1H[24;9H #################################################################
[23;80H [24;1H[24;9H #################################################################
[23;80H [24;1H[24;9H #################################################################
[23;80H [24;1H[24;9H #################################################################
[23;80H [24;1H[24;9H #################################################################
[23;80H [24;1H[24;9H #################################################################
[23;80H [24;1H[24;9H #################################################################
[23;80H [24;1H[24;9H #################################################################
[23;80H [24;1H[24;9H #################################################################
[23;80H [24;1H[24;9H #################################################################
[23;80H [24;1H[24;9H #################################################################
[23;80H [24;1H[24;9H #################################################################
[23;80H [24;1H[24;9H #################################################################
[23;80H [24;1H[24;9H #################################################################
[23;80H [24;1H[24;9H #################################################################
[23;80H [24;1H[24;9H #################################################################
[23;80H [24;1H[24;9H #################################################################
[23;80H [24;1H[24;9H #################################################################
[23;80H [24;1H[24;9H #################################################################
[23;80H [24;1H[24;9H #################################################################
[23;80H [24;1H[24;9H #################################################################
[23;80H [24;1H[24;9H #################################################################
[23;80H [24;1H[24;9H #################################################################
[23;80H [24;1H[24;9H #################################################################
[23;80H [24;1H[24;9H #################################################################
[23;80H [24;1H[24;9H #################################################################
[23;80H [24;1H[24;9H #################################################################
[23;80H [24;1H[24;9H #################################################################
[23;80H [24;1H[24;9H #################################################################
[23;80H [24;1H[24;9H #################################################################
[23;80H [24;1H[24;9H #################################################################
[23;80H [24;1H[24;9H #################################################################
[23;80H [24;1H[24;9H #################################################################
[23;80H [24;1H[24;9H #################################################################
[23;80H [24;1H[24;9H #################################################################
[23;80H [24;1H[24;9H #################################################################
[23;80H [24;1H[24;9H #################################################################
[23;80H [24;1H[24;9H #################################################################
[23;80H [24;1H[24;9H #################################################################
[23;80H [24;1H[24;9H #################################################################
[23;80H [24;1H[24;9H #################################################################
[23;80H [24;1H[24;9H #################################################################
[23;80H [24;1H[24;9H #################################################################
[23;80H [24;1H[24;9H #################################################################
[23;80H [24;1H[24;9H #################################################################
[23;80H [24;1H[24;9H #################################################################
[23;80H [24;1H[24;9H #################################################################
[23;80H [24;1H[24;9H #################################################################
[23;80H [24;1H[24;9H #################################################################
[23;80H [24;1H[24;9H #################################################################
[23;80H [24;1H[24;9H #################################################################
[23;80H [24;1H[24;9H #################################################################
[23;80H [24;1H[24;9H #################################################################
[23;80H [24;1H[24;9H #################################################################
[23;80H [24;1H[24;9H #################################################################
[23;80H [24;1H[24;9H #################################################################
[23;80H [24;1H[24;9H #################################################################
[23;80H [24;1H[24;9H #################################################################
[23;80H [24;1H[24;9H #################################################################
[23;80H [24;1H[24;9H #################################################################
[23;80H [24;1H[24;9H #################################################################
[23;80H [24;1H[24;9H #################################################################
[23;80H [24;1H[24;9H #################################################################
[23;80H [24;1H[24;9H #################################################################
[23;80H [24;1H[24;9H #################################################################
[23;80H [24;1H[24;9H #################################################################
[23;80H [24;1H[24;9H #################################################################
[23;80H [24;1H[24;9H #################################################################
[23;80H [24;1H[24;9H #################################################################
[23;80H [24;1H[24;9H #################################################################
[23;80H [24;1H[24;9H #################################################################
[23;80H [24;1H[24;9H #################################################################
[23;80H [24;1H[24;9H #################################################################
[23;80H [24;1H[24;9H #################################################################
[23;80H [24;1H[24;9H #################################################################
[23;80H [24;1H[24;9H #################################################################
[23;80H [24;1H[24;9H #################################################################
[23;80H [24;1H[24;9H #################################################################
[23;80H [24;1H[24;9H #################################################################
[23;80H [24;1H[24;9H #################################################################
[23;80H [24;1H[24;9H #################################################################
[23;80H [24;1H[24;9H #################################################################
[23;80H [24;1H[24;9H ######################################################
[23;80H [24;1H[24;9H 64 MB received
[23;80H [24;1H[24;9H #################################################################
[23;80H [24;1H[24;9H #################################################################
[23;80H [24;1H[24;9H #################################################################
[23;80H [24;1H[24;9H #################################################################
[23;80H [24;1H[24;9H #################################################################
[23;80H [24;1H[24;9H #################################################################
[23;80H [24;1H[24;9H #################################################################
[23;80H [24;1H[24;9H #################################################################
[23;80H [24;1H[24;9H #################################################################
[23;80H [24;1H[24;9H #################################################################
[23;80H [24;1H[24;9H #################################################################
[23;80H [24;1H[24;9H #################################################################
[23;80H [24;1H[24;9H #################################################################
[23;80H [24;1H[24;9H #################################################################
[23;80H [24;1H[24;9H #################################################################
[23;80H [24;1H[24;9H #################################################################
[23;80H [24;1H[24;9H #################################################################
[23;80H [24;1H[24;9H #################################################################
[23;80H [24;1H[24;9H #################################################################
[23;80H [24;1H[24;9H #################################################################
[23;80H [24;1H[24;9H #################################################################
[23;80H [24;1H[24;9H #################################################################
[23;80H [24;1H[24;9H #################################################################
[23;80H [24;1H[24;9H #################################################################
[23;80H [24;1H[24;9H #################################################################
[23;80H [24;1H[24;9H #################################################################
[23;80H [24;1H[24;9H #################################################################
[23;80H [24;1H[24;9H #################################################################
[23;80H [24;1H[24;9H #################################################################
[23;80H [24;1H[24;9H #################################################################
[23;80H [24;1H[24;9H #################################################################
[23;80H [24;1H[24;9H #################################################################
[23;80H [24;1H[24;9H #################################################################
[23;80H [24;1H[24;9H #################################################################
[23;80H [24;1H[24;9H #################################################################
[23;80H [24;1H[24;9H #################################################################
[23;80H [24;1H[24;9H #################################################################
[23;80H [24;1H[24;9H #################################################################
[23;80H [24;1H[24;9H #################################################################
[23;80H [24;1H[24;9H #################################################################
[23;80H [24;1H[24;9H #################################################################
[23;80H [24;1H[24;9H #################################################################
[23;80H [24;1H[24;9H #################################################################
[23;80H [24;1H[24;9H #################################################################
[23;80H [24;1H[24;9H #################################################################
[23;80H [24;1H[24;9H #################################################################
[23;80H [24;1H[24;9H #################################################################
[23;80H [24;1H[24;9H #################################################################
[23;80H [24;1H[24;9H #################################################################
[23;80H [24;1H[24;9H #################################################################
[23;80H [24;1H[24;9H #################################################################
[23;80H [24;1H[24;9H #################################################################
[23;80H [24;1H[24;9H #################################################################
[23;80H [24;1H[24;9H #################################################################
[23;80H [24;1H[24;9H #################################################################
[23;80H [24;1H[24;9H #################################################################
[23;80H [24;1H[24;9H #################################################################
[23;80H [24;1H[24;9H #################################################################
[23;80H [24;1H[24;9H #################################################################
[23;80H [24;1H[24;9H #################################################################
[23;80H [24;1H[24;9H #################################################################
[23;80H [24;1H[24;9H #################################################################
[23;80H [24;1H[24;9H #################################################################
[23;80H [24;1H[24;9H #################################################################
[23;80H [24;1H[24;9H #################################################################
[23;80H [24;1H[24;9H #################################################################
[23;80H [24;1H[24;9H #################################################################
[23;80H [24;1H[24;9H #################################################################
[23;80H [24;1H[24;9H #################################################################
[23;80H [24;1H[24;9H #################################################################
[23;80H [24;1H[24;9H #################################################################
[23;80H [24;1H[24;9H #################################################################
[23;80H [24;1H[24;9H #################################################################
[23;80H [24;1H[24;9H ###########################################
[23;80H [24;1Hdone
[23;80H [24;1HBytes transferred = 91619328 (0x5760000)nand erase 0x009C0000 0xC820000

[23;80H [24;1HTI8148_EVM#nnand write 0x81000000 0x009c0000 0x5770000
and erase 0x009C0000 0xC820000
[23;80H [24;1H
[23;80H [24;1HNAND erase: device 0 offset 0x9c0000, size 0xc820000
[23;80H [24;1HErasing at 0x9c0000 --   0% complete.Erasing at 0xbc0000 --   1% complete.Erasing at 0xdc0000 --   2% complete.Erasing at 0xfc0000 --   3% complete.Erasing at 0x11c0000 --   4% complete.Erasing at 0x13c0000 --   5% complete.Erasing at 0x15c0000 --   6% complete.Erasing at 0x17c0000 --   7% complete.Erasing at 0x19c0000 --   8% complete.Erasing at 0x1bc0000 --   9% complete.Erasing at 0x1dc0000 --  10% complete.Erasing at 0x1fc0000 --  11% complete.Erasing at 0x21c0000 --  12% complete.Erasing at 0x23c0000 --  13% complete.Erasing at 0x25c0000 --  14% complete.Erasing at 0x27c0000 --  15% complete.Erasing at 0x29c0000 --  16% complete.Erasing at 0x2bc0000 --  17% complete.Erasing at 0x2dc0000 --  18% complete.Erasing at 0x2fc0000 --  19% complete.Erasing at 0x31c0000 --  20% complete.Erasing at 0x33c0000 --  21% complete.Erasing at 0x35c0000 --  22% complete.Erasing at 0x37c0000 --  23% complete.Erasing at 0x39c0000 --  24% complete.Erasing at 0x3bc0000 --  25% complete.Erasing at 0x3dc0000 --  26% complete.Erasing at 0x3fc0000 --  27% complete.Erasing at 0x41c0000 --  28% complete.Erasing at 0x43c0000 --  29% complete.Erasing at 0x45c0000 --  30% complete.Erasing at 0x47c0000 --  31% complete.Erasing at 0x49c0000 --  32% complete.Erasing at 0x4bc0000 --  33% complete.Erasing at 0x4dc0000 --  34% complete.Erasing at 0x4fc0000 --  35% complete.Erasing at 0x51c0000 --  36% complete.Erasing at 0x53c0000 --  37% complete.Erasing at 0x55c0000 --  38% complete.Erasing at 0x57c0000 --  39% complete.Erasing at 0x59c0000 --  40% complete.Erasing at 0x5bc0000 --  41% complete.Erasing at 0x5dc0000 --  42% complete.Erasing at 0x5fc0000 --  43% complete.Erasing at 0x61c0000 --  44% complete.Erasing at 0x63c0000 --  45% complete.Erasing at 0x65c0000 --  46% complete.Erasing at 0x67c0000 --  47% complete.Erasing at 0x69c0000 --  48% complete.Erasing at 0x6bc0000 --  49% complete.Erasing at 0x6dc0000 --  50% complete.Erasing at 0x6fc0000 --  51% complete.Erasing at 0x71c0000 --  52% complete.Erasing at 0x73c0000 --  53% complete.Erasing at 0x75c0000 --  54% complete.Erasing at 0x77c0000 --  55% complete.Erasing at 0x79c0000 --  56% complete.Erasing at 0x7bc0000 --  57% complete.Erasing at 0x7dc0000 --  58% complete.Erasing at 0x7fc0000 --  59% complete.Erasing at 0x81c0000 --  60% complete.Erasing at 0x83c0000 --  61% complete.Erasing at 0x85c0000 --  62% complete.Erasing at 0x87c0000 --  63% complete.Erasing at 0x89c0000 --  64% complete.Erasing at 0x8bc0000 --  65% complete.Erasing at 0x8dc0000 --  66% complete.Erasing at 0x8fc0000 --  67% complete.Erasing at 0x91c0000 --  68% complete.Erasing at 0x93c0000 --  69% complete.Erasing at 0x95c0000 --  70% complete.Erasing at 0x97c0000 --  71% complete.Erasing at 0x99c0000 --  72% complete.Erasing at 0x9bc0000 --  73% complete.Erasing at 0x9dc0000 --  74% complete.Erasing at 0x9fc0000 --  75% complete.Erasing at 0xa1c0000 --  76% complete.Erasing at 0xa3c0000 --  77% complete.Erasing at 0xa5c0000 --  78% complete.Erasing at 0xa7c0000 --  79% complete.Erasing at 0xa9c0000 --  80% complete.Erasing at 0xabc0000 --  81% complete.Erasing at 0xadc0000 --  82% complete.Erasing at 0xafc0000 --  83% complete.Erasing at 0xb1c0000 --  84% complete.Erasing at 0xb3c0000 --  85% complete.Erasing at 0xb5c0000 --  86% complete.Erasing at 0xb7c0000 --  87% complete.Erasing at 0xb9c0000 --  88% complete.Erasing at 0xbbc0000 --  89% complete.Erasing at 0xbdc0000 --  90% complete.Erasing at 0xbfc0000 --  91% complete.Erasing at 0xc1c0000 --  92% complete.Erasing at 0xc3c0000 --  93% complete.Erasing at 0xc5c0000 --  94% complete.Erasing at 0xc7c0000 --  95% complete.Erasing at 0xc9c0000 --  96% complete.Erasing at 0xcbc0000 --  97% complete.Erasing at 0xcdc0000 --  98% complete.Erasing at 0xcfc0000 --  99% complete.Erasing at 0xd1c0000 -- 100% complete.
[23;80H [24;1HOK
[23;80H [24;1HTI8148_EVM#nand write 0x81000000 0x009c0000 0x5770000
[23;80H [24;1H
[23;80H [24;1HNAND write: device 0 offset 0x9c0000, size 0x5770000
[23;80H [24;1H 91684864 bytes written: OKls


[23;80H [24;1HTI8148_EVM#ls
[23;80H [24;1HUnknown command 'ls' - try 'help'
[23;80H [24;1HTI8148_EVM#reset

[23;80H [24;1HTI8148_EVM#reset
[23;80H [24;1Hresetting ...
[23;80H [24;1H
[23;80H [24;1H
[23;80H [24;1HU-Boot 2010.06 (Jul 13 2016 - 09:42:19)
[23;80H [24;1H
[23;80H [24;1HTI8148-GP rev 1.0
[23;80H [24;1H
[23;80H [24;1HDRAM:  1 GiB
[23;80H [24;1HNAND:  HW ECC BCH8 Selected
[23;80H [24;1H256 MiB
[23;80H [24;1HUsing default environment
[23;80H [24;1H
[23;80H [24;1HThe 2nd stage U-Boot will now be auto-loaded
[23;80H [24;1HPlease do not interrupt the countdown till TI8148_EVM prompt if 2nd stage is al[24;80H[24;80H[24;80H[24;80H[24;80H[24;80H[24;80H[24;80H[24;80H[24;80H[24;80H[24;80H[24;80H
[23;80Hd[24;1HEricDebug uboot WDT timeout is 600 seconds 
[23;80H [24;1HHit any key to stop autoboot:  1  0 
[23;80H [24;1H
[23;80H [24;1HNAND read:
 device 0 offset 0x20000, size 0x40000
[23;80H [24;1H 262144 bytes read: OK
[23;80H [24;1H## Starting application at 0x81000000 ...
[23;80H [24;1H
[23;80H [24;1H
[23;80H [24;1HU-Boot 2010.06 (Jul 13 2016 - 09:42:47)
[23;80H [24;1H
[23;80H [24;1HTI8148-GP rev 1.0
[23;80H [24;1H
[23;80H [24;1HI2C:   ready
[23;80H [24;1HDRAM:  1 GiB
[23;80H [24;1HNAND:  HW ECC BCH8 Selected
[23;80H [24;1H256 MiB
[23;80H [24;1HMMC:   OMAP SD/MMC: 0
[23;80H [24;1H                          .:;rrr;;.                   
[23;80H [24;1H                    ,5#@@@@#####@@@@@@#2,             
[23;80H [24;1H                 ,A@@@hi;;;r5;;;;r;rrSG@@@A,          
[23;80H [24;1H               r@@#i;:;s222hG;rrsrrrrrr;ri#@@r        
[23;80H [24;1H             :@@hr:r;SG3ssrr2r;rrsrsrsrsrr;rh@@:      
[23;80H [24;1H            B@H;;rr;3Hs;rrr;sr;;rrsrsrsrsrsr;;H@B     
[23;80H [24;1H           @@s:rrs;5#;;rrrr;r#@H:;;rrsrsrsrsrr:s@@    
[23;80H [24;1H          @@;;srs&X#9;r;r;;,2@@@rrr:;;rrsrsrsrr;;@@   
[23;80H [24;1H         @@;;rrsrrs@MB#@@@@@###@@@@@@#rsrsrsrsrr;;@@  
[23;80H [24;1H        G@r;rrsrsr;#X;SX25Ss#@@#M@#9H9rrsrsrsrsrs;r@G 
[23;80H [24;1H        @9:srsrsrs;2@;:;;:.X@@@@@H::;rrsrsrsrsrsrr:3@ 
[23;80H [24;1H       X@;rrsrsrsrr;XAi;;:&@@#@Bs:rrsrsrsrsrsrsrsrr;@X
[23;80H [24;1H       @#;rsrsrsrsrr;r2ir@@@###::rrsrsrsrsrsrsrsrsr:@@
[23;80H [24;1H       @A:rrsrsrsrr;:2@29@@M@@@;:;rrrrsrsrsrsrsrsrs;H@
[23;80H [24;1H       @&;rsrsrsrr;A@@@@@@###@@@s::;:;;rrsrsrsrsrsr;G@
[23;80H [24;1H       @#:rrsrsrsr;G@5Hr25@@@#@@@#9XG9s:rrrrsrsrsrs:#@
[23;80H [24;1H       M@;rsrsrsrs;r@&#;::S@@@@@@@M@@@@Grr:;rsrsrsr;@#
[23;80H [24;1H       :@s;rsrsrsrr:M#Msrr;;&#@@@@@@@@@@H@@5;rsrsr;s@,
[23;80H [24;1H        @@:rrsrsrsr;S@rrrsr;:;r3MH@@#@M5,S@@irrsrr:@@ 
[23;80H [24;1H         @A:rrsrsrsrrrrrsrsrrr;::;@##@r:;rH@h;srr:H@  
[23;80H [24;1H         ;@9:rrsrsrsrrrsrsrsrsr;,S@Hi@i:;s;MX;rr:h@;  
[23;80H [24;1H          r@B:rrrrsrsrsrsrsrr;;sA@#i,i@h;r;S5;r:H@r   
[23;80H [24;1H           ,@@r;rrrsrsrsrsrr;2BM3r:;r:G@:rrr;;r@@,    
[23;80H [24;1H             B@Mr;rrrrsrsrsr@@S;;;rrr:5M;rr;rM@H      
[23;80H [24;1H              .@@@i;;rrrrsrs2i;rrrrr;r@M:;i@@@.       
[23;80H [24;1H                .A@@#5r;;;r;;;rrr;r:r#AsM@@H.         
[23;80H [24;1H                   ;&@@@@MhXS5i5SX9B@@@@G;            
[23;80H [24;1H                       :ihM#@@@@@##hs,                
[23;80H [24;1H
[23;80H [24;1HEricDebug uboot WDT timeout is 600 seconds 
[23;80H [24;1HNet:   set mac addr : 72:34: 0:27:aa:44
[23;80H [24;1Hset mac addr1 : 73:34: 0:27:aa:44
[23;80H [24;1HDetected MACID:44:aa:27:0:34:72
[23;80H [24;1Hcpsw
[23;80H [24;1HHit any key to stop autoboot:  3  2  1  0 
[23;80H [24;1H
[23;80H [24;1HNAND read: device 0 offset 0x580000, size 0x300000
[23;80H [24;1H 3145728 bytes read: OK
[23;80H [24;1H## Booting kernel from Legacy Image at 81000000 ...
[23;80H [24;1H   Image Name:   Linux-2.6.37
[23;80H [24;1H   Image Type:   ARM Linux Kernel Image (uncompressed)
[23;80H [24;1H   Data Size:    2638572 Bytes = 2.5 MiB
[23;80H [24;1H   Load Address: 80008000
[23;80H [24;1H   Entry Point:  80008000
[23;80H [24;1H   Verifying Checksum ... OK
[23;80H [24;1H   Loading Kernel Image ... OK
[23;80H [24;1HOK
[23;80H [24;1H
[23;80H [24;1HStarting kernel ...
[23;80H [24;1H
[23;80H [24;1HUncompressing Linux... done, booting the kernel.
[23;80H [24;1HLinux version 2.6.37 (hsw@ubuntu) (gcc version 4.5.3 20110311 (prerelease) (GCC[24;80H[24;80H[24;80H[24;80H[24;80H[24;80H[24;80H[24;80H[24;80H[24;80H[24;80H[24;80H[24;80H[24;80H[24;80H[24;80H[24;80H[24;80H[24;80H[24;80H[24;80H[24;80H[24;80H[24;80H[24;80H[24;80H[24;80H[24;80H[24;80H[24;80H[24;80H[24;80H[24;80H[24;80H[24;80H[24;80H
[23;80H6[24;1HCPU: ARMv7 Processor [413fc082] revision 2 (ARMv7), cr=10c53c7f
[23;80H [24;1HCPU: VIPT nonaliasing data cache, VIPT aliasing instruction cache
[23;80H [24;1HMachine: ti8148evm
[23;80H [24;1Hbootconsole [earlycon0] enabled
[23;80H [24;1Hvram size = 20971520 at 0x0
[23;80H [24;1Hti81xx_reserve: ### Reserved DDR region @87f00000
[23;80H [24;1Hreserved size = 20971520 at 0x0
[23;80H [24;1HFB: Reserving 20971520 bytes SDRAM for VRAM
[23;80H [24;1HMemory policy: ECC disabled, Data cache writeback
[23;80H [24;1HOMAP chip is TI8148 3.0
[23;80H [24;1HSRAM: Mapped pa 0x402f1000 to va 0xfe400000 size: 0xf000
[23;80H [24;1HBuilt 1 zonelists in Zone order, mobility grouping on.  Total pages: 27136
[23;80H [24;1HKernel command line: console=ttyO0,115200n8 noinitrd mem=128M rootwait=1 rw ubi[24;80H[24;80H[24;80H[24;80H[24;80H[24;80H[24;80H[24;80H[24;80H[24;80H[24;80H[24;80H[24;80H[24;80H[24;80H[24;80H[24;80H[24;80H[24;80H[24;80H[24;80H[24;80H[24;80H[24;80H[24;80H[24;80H[24;80H[24;80H[24;80H[24;80H[24;80H[24;80H[24;80H[24;80H[24;80H[24;80H[24;80H[24;80H[24;80H[24;80H[24;80H[24;80H[24;80H[24;80H[24;80H[24;80H[24;80H[24;80H[24;80H[24;80H[24;80H[24;80H[24;80H[24;80H[24;80H[24;80H[24;80H[24;80H[24;80H[24;80H[24;80H[24;80H[24;80H[24;80H[24;80H[24;80H[24;80H[24;80H[24;80H[24;80H[24;80H[24;80H[24;80H[24;80H[24;80H[24;80H[24;80H[24;80H[24;80H[24;80H[24;80H[24;80H[24;80H[24;80H[24;80H[24;80H[24;80H[24;80H[24;80H[24;80H[24;80H[24;80H[24;80H[24;80H[24;80H[24;80H[24;80H[24;80H[24;80H[24;80H[24;80H[24;80H[24;80H[24;80H[24;80H[24;80H[24;80H[24;80H[24;80H[24;80H[24;80H[24;80H[24;80H[24;80H[24;80H[24;80H[24;80H[24;80H[24;80H[24;80H
[23;80HM[24;1HPID hash table entries: 512 (order: -1, 2048 bytes)
[23;80H [24;1HDentry cache hash table entries: 16384 (order: 4, 65536 bytes)
[23;80H [24;1HInode-cache hash table entries: 8192 (order: 3, 32768 bytes)
[23;80H [24;1HMemory: 106MB 1MB = 107MB total
[23;80H [24;1HMemory: 102732k/102732k available, 28340k reserved, 0K highmem
[23;80H [24;1HVirtual kernel memory layout:
[23;80H [24;1H    vector  : 0xffff0000 - 0xffff1000   (   4 kB)
[23;80H [24;1H    fixmap  : 0xfff00000 - 0xfffe0000   ( 896 kB)
[23;80H [24;1H    DMA     : 0xffc00000 - 0xffe00000   (   2 MB)
[23;80H [24;1H    vmalloc : 0xc8800000 - 0xf8000000   ( 760 MB)
[23;80H [24;1H    lowmem  : 0xc0000000 - 0xc8000000   ( 128 MB)
[23;80H [24;1H    pkmap   : 0xbfe00000 - 0xc0000000   (   2 MB)
[23;80H [24;1H    modules : 0xbf000000 - 0xbfe00000   (  14 MB)
[23;80H [24;1H      .init : 0xc0008000 - 0xc003e000   ( 216 kB)
[23;80H [24;1H      .text : 0xc003e000 - 0xc04fd000   (4860 kB)
[23;80H [24;1H      .data : 0xc04fe000 - 0xc054e880   ( 323 kB)
[23;80H [24;1HSLUB: Genslabs=11, HWalign=64, Order=0-3, MinObjects=0, CPUs=1, Nodes=1
[23;80H [24;1HNR_IRQS:375
[23;80H [24;1HIRQ: Found an INTC at 0xfa200000 (revision 5.0) with 128 interrupts
[23;80H [24;1HTotal of 128 interrupts on 1 active controller
[23;80H [24;1HGPMC revision 6.0
[23;80H [24;1HTrying to install interrupt handler for IRQ368
[23;80H [24;1HTrying to install interrupt handler for IRQ369
[23;80H [24;1HTrying to install interrupt handler for IRQ370
[23;80H [24;1HTrying to install interrupt handler for IRQ371
[23;80H [24;1HTrying to install interrupt handler for IRQ372
[23;80H [24;1HTrying to install interrupt handler for IRQ373
[23;80H [24;1HTrying to install interrupt handler for IRQ374
[23;80H [24;1HTrying to install type control for IRQ375
[23;80H [24;1HTrying to set irq flags for IRQ375
[23;80H [24;1HOMAP clockevent source: GPTIMER1 at 20000000 Hz
[23;80H [24;1HConsole: colour dummy device 80x30
[23;80H [24;1HCalibrating delay loop... 719.25 BogoMIPS (lpj=3596288)
[23;80H [24;1Hpid_max: default: 32768 minimum: 301
[23;80H [24;1HSecurity Framework initialized
[23;80H [24;1HMount-cache hash table entries: 512
[23;80H [24;1HCPU: Testing write buffer coherency: ok
[23;80H [24;1Hdevtmpfs: initialized
[23;80H [24;1HTI81XX: Map 0x87f00000 to 0xfe500000 for dram barrier
[23;80H [24;1HTI81XX: Map 0x40300000 to 0xfe600000 for sram barrier
[23;80H [24;1Homap_voltage_early_init: voltage driver support not added
[23;80H [24;1Hregulator: core version 0.5
[23;80H [24;1Hregulator: dummy: 
[23;80H [24;1HNET: Registered protocol family 16
[23;80H [24;1Homap_voltage_domain_lookup: Voltage driver init not yet happened.Faulting!
[23;80H [24;1Homap_voltage_add_dev: VDD specified does not exist!
[23;80H [24;1HOMAP GPIO hardware version 0.1
[23;80H [24;1HOMAP GPIO hardware version 0.1
[23;80H [24;1HOMAP GPIO hardware version 0.1
[23;80H [24;1HOMAP GPIO hardware version 0.1
[23;80H [24;1Homap_mux_init: Add partition: #1: core, flags: 4
[23;80H [24;1HDebugfs: Only enabling/disabling deep sleep and wakeup timer is supported now
[23;80H [24;1Hregistered ti81xx_vpss device
[23;80H [24;1Hregistered ti81xx_vidout device
[23;80H [24;1Hregistered ti81xx on-chip HDMI device
[23;80H [24;1Hregistered ti81xx_fb device
[23;80H [24;1Hregistered ti81xx_vin device
[23;80H [24;1HNSS Crypto DMA hardware revision 1.9 @ IRQ 116
[23;80H [24;1Hbio: create slab <bio-0> at 0
[23;80H [24;1HSCSI subsystem initialized
[23;80H [24;1Husbcore: registered new interface driver usbfs
[23;80H [24;1Husbcore: registered new interface driver hub
[23;80H [24;1Husbcore: registered new device driver usb
[23;80H [24;1Homap_i2c omap_i2c.1: bus 1 rev4.0 at 400 kHz
[23;80H [24;1Hpcf857x: probe of 1-0021 failed with error -121
[23;80H [24;1Htps65910 1-002d: read from reg 3f failed
[23;80H [24;1Htps65910 1-002d: read from reg 1e failed
[23;80H [24;1Hset_machine_constraints: failed to enable VRTC
[23;80H [24;1Htps65910 1-002d: failed to register tps65910-pmic regulator
[23;80H [24;1Htps65910-pmic: probe of tps65910-pmic failed with error -121
[23;80H [24;1Htps65910 1-002d: No interrupt support, no core IRQ
[23;80H [24;1Homap_i2c omap_i2c.3: bus 3 rev4.0 at 400 kHz
[23;80H [24;1HAdvanced Linux Sound Architecture Driver Version 1.0.23.
[23;80H [24;1HSwitching to clocksource gp timer
[23;80H [24;1Hmusb-hdrc: version 6.0, host, debug=0
[23;80H [24;1HNET: Registered protocol family 2
[23;80H [24;1HIP route cache hash table entries: 1024 (order: 0, 4096 bytes)
[23;80H [24;1HTCP established hash table entries: 4096 (order: 3, 32768 bytes)
[23;80H [24;1HTCP bind hash table entries: 4096 (order: 2, 16384 bytes)
[23;80H [24;1HTCP: Hash tables configured (established 4096 bind 4096)
[23;80H [24;1HTCP reno registered
[23;80H [24;1HUDP hash table entries: 256 (order: 0, 4096 bytes)
[23;80H [24;1HUDP-Lite hash table entries: 256 (order: 0, 4096 bytes)
[23;80H [24;1HNET: Registered protocol family 1
[23;80H [24;1HRPC: Registered udp transport module.
[23;80H [24;1HRPC: Registered tcp transport module.
[23;80H [24;1HRPC: Registered tcp NFSv4.1 backchannel transport module.
[23;80H [24;1HNetWinder Floating Point Emulator V0.97 (double precision)
[23;80H [24;1HPMU: registered new PMU device of type 0
[23;80H [24;1Homap-iommu omap-iommu.0: ducati registered
[23;80H [24;1Homap-iommu omap-iommu.1: sys registered
[23;80H [24;1HJFFS2 version 2.2. (NAND) © 2001-2006 Red Hat, Inc.
[23;80H [24;1Hmsgmni has been set to 200
[23;80H [24;1Halg: No test for stdrng (krng)
[23;80H [24;1Hio scheduler noop registered
[23;80H [24;1Hio scheduler deadline registered
[23;80H [24;1Hio scheduler cfq registered (default)
[23;80H [24;1Hnss_rng nss_rng: NSS Random Number Generator ver. 2.0
[23;80H [24;1HSerial: 8250/16550 driver, 4 ports, IRQ sharing enabled
[23;80H [24;1Homap_uart.0: ttyO0 at MMIO 0x48020000 (irq = 72) is a OMAP UART0
[23;80H [24;1Hconsole [ttyO0] enabled, bootconsole disabled
[23;80H [24;1Hconsole [ttyO0] enabled, bootconsole disabled
[23;80H [24;1Homap_uart.1: ttyO1 at MMIO 0x48022000 (irq = 73) is a OMAP UART1
[23;80H [24;1Homap_uart.2: ttyO2 at MMIO 0x48024000 (irq = 74) is a OMAP UART2
[23;80H [24;1Homap_uart.3: ttyO3 at MMIO 0x481a6000 (irq = 44) is a OMAP UART3
[23;80H [24;1Homap_uart.4: ttyO4 at MMIO 0x481a8000 (irq = 45) is a OMAP UART4
[23;80H [24;1Homap_uart.5: ttyO5 at MMIO 0x481aa000 (irq = 46) is a OMAP UART5
[23;80H [24;1Hbrd: module loaded
[23;80H [24;1Hloop: module loaded
[23;80H [24;1Homap2-nand driver initializing
[23;80H [24;1HONFI param page 0 valid
[23;80H [24;1HONFI flash detected
[23;80H [24;1HNAND device: Maf ID: 0x2c, Chip ID: 0xca (Micron, NAND 256MiB 3,3V 16-bit)
[23;80H [24;1H erasesize: 0x20000, writesize: 2048, oobsize: 64
[23;80H [24;1Homap2-nand: detected x16 NAND flash 
[23;80H [24;1HCreating 7 MTD partitions on "omap2-nand.0":
[23;80H [24;1H0x000000000000-0x000000020000 : "U-Boot-min"
[23;80H [24;1H0x000000020000-0x000000260000 : "U-Boot"
[23;80H [24;1H0x000000260000-0x000000280000 : "U-Boot Env"
[23;80H [24;1H0x000000280000-0x000000580000 : "U-Boot Logo"
[23;80H [24;1H0x000000580000-0x0000009c0000 : "Kernel"
[23;80H [24;1H0x0000009c0000-0x00000d1e0000 : "File System"
[23;80H [24;1H0x00000d1e0000-0x000010000000 : "Reserved"
[23;80H [24;1HUBI: attaching mtd5 to ubi0
[23;80H [24;1HUBI: physical eraseblock size:   131072 bytes (128 KiB)
[23;80H [24;1HUBI: logical eraseblock size:    126976 bytes
[23;80H [24;1HUBI: smallest flash I/O unit:    2048
[23;80H [24;1HUBI: sub-page size:              512
[23;80H [24;1HUBI: VID header offset:          2048 (aligned 2048)
[23;80H [24;1HUBI: data offset:                4096
[23;80H [24;1HUBI: max. sequence number:       0
[23;80H [24;1HUBI warning: print_rsvd_warning: cannot reserve enough PEBs for bad PEB handlin[24;80H[24;80H[24;80H[24;80H[24;80H[24;80H[24;80H[24;80H[24;80H[24;80H[24;80H[24;80H[24;80H[24;80H[24;80H[24;80H[24;80H[24;80H[24;80H[24;80H[24;80H[24;80H[24;80H
[23;80H6[24;1HUBI: volume 0 ("rootfs") re-sized from 1586 to 1586 LEBs
[23;80H [24;1HUBI: attached mtd5 to ubi0
[23;80H [24;1HUBI: MTD device name:            "File System"
[23;80H [24;1HUBI: MTD device size:            200 MiB
[23;80H [24;1HUBI: number of good PEBs:        1601
[23;80H [24;1HUBI: number of bad PEBs:         0
[23;80H [24;1HUBI: number of corrupted PEBs:   0
[23;80H [24;1HUBI: max. allowed volumes:       128
[23;80H [24;1HUBI: wear-leveling threshold:    4096
[23;80H [24;1HUBI: number of internal volumes: 1
[23;80H [24;1HUBI: number of user volumes:     1
[23;80H [24;1HUBI: available PEBs:             0
[23;80H [24;1HUBI: total number of reserved PEBs: 1601
[23;80H [24;1HUBI: number of PEBs reserved for bad PEB handling: 11
[23;80H [24;1HUBI: max/mean erase counter: 1/0
[23;80H [24;1HUBI: image sequence number:  523626930
[23;80H [24;1HUBI: background thread "ubi_bgt0d" started, PID 45
[23;80H [24;1Hdavinci_mdio davinci_mdio.0: davinci mdio revision 1.6
[23;80H [24;1Hdavinci_mdio davinci_mdio.0: detected phy mask fffffffe
[23;80H [24;1Hdavinci_mdio.0: probed
[23;80H [24;1Hdavinci_mdio davinci_mdio.0: phy[0]: device 0:00, driver unknown
[23;80H [24;1Husbcore: registered new interface driver cdc_ether
[23;80H [24;1Husbcore: registered new interface driver dm9601
[23;80H [24;1Husbcore: registered new interface driver cdc_acm
[23;80H [24;1Hcdc_acm: v0.26:USB Abstract Control Model driver for USB modems and ISDN adapte[24;80H[24;80H
[23;80Hs[24;1HInitializing USB Mass Storage driver...
[23;80H [24;1Husbcore: registered new interface driver usb-storage
[23;80H [24;1HUSB Mass Storage support registered.
[23;80H [24;1Hmice: PS/2 mouse device common for all mice
[23;80H [24;1Hqt602240_ts 1-004a: __qt602240_read_reg: i2c transfer failed
[23;80H [24;1Hqt602240_ts: probe of 1-004a failed with error -5
[23;80H [24;1Hrtc-ds1307 1-0068: SET TIME!
[23;80H [24;1Hrtc-ds1307 1-0068: rtc core: registered ds1337 as rtc0
[23;80H [24;1Homap_rtc omap_rtc: rtc core: registered omap_rtc as rtc1
[23;80H [24;1Hi2c /dev entries driver
[23;80H [24;1HLinux video capture interface: v2.00
[23;80H [24;1Husbcore: registered new interface driver uvcvideo
[23;80H [24;1HUSB Video Class driver (v1.0.0)
[23;80H [24;1Hlm75 1-0048: hwmon0: sensor 'tmp175'
[23;80H [24;1Homap_i2c omap_i2c.3: controller timed out
[23;80H [24;1Homap_i2c omap_i2c.3: controller timed out
[23;80H [24;1Homap_i2c omap_i2c.3: controller timed out
[23;80H [24;1Homap_i2c omap_i2c.3: controller timed out
[23;80H [24;1Homap_i2c omap_i2c.3: controller timed out
[23;80H [24;1Homap_i2c omap_i2c.3: controller timed out
[23;80H [24;1Homap_i2c omap_i2c.3: controller timed out
[23;80H [24;1Homap_i2c omap_i2c.3: controller timed out
[23;80H [24;1HOMAP Watchdog Timer Rev 0x00: initial timeout 0 sec
[23;80H [24;1Hnss_aes_mod_init: loading NSS AES driver
[23;80H [24;1Hnss-aes nss-aes: NSS AES hw accel rev: 3.2 (context 0 @0x41140000)
[23;80H [24;1Hnss-aes nss-aes: NSS AES hw accel rev: 3.2 (context 1 @0x41141000)
[23;80H [24;1Hnss-aes nss-aes: NSS AES hw accel rev: 3.2 (context 2 @0x411a0000)
[23;80H [24;1Hnss-aes nss-aes: NSS AES hw accel rev: 3.2 (context 3 @0x411a1000)
[23;80H [24;1Hnss_aes_probe: probe() done
[23;80H [24;1Hnss_des_mod_init: loading NSS DES driver
[23;80H [24;1Hnss-des nss-des: NSS DES hw accel rev: 2.2 (context 0 @0x41160000)
[23;80H [24;1Hnss-des nss-des: NSS DES hw accel rev: 2.2 (context 1 @0x41161000)
[23;80H [24;1Hnss_des_probe: probe() done
[23;80H [24;1Hnss_sham_mod_init: loading NSS SHA/MD5 driver
[23;80H [24;1Hnss-sham nss-sham: NSS SHA/MD5 hw accel rev: 4.03 (context 0 @0x41100000)
[23;80H [24;1Hnss-sham nss-sham: NSS SHA/MD5 hw accel rev: 4.03 (context 1 @0x41101000)
[23;80H [24;1Hnss-sham nss-sham: NSS SHA/MD5 hw accel rev: 4.03 (context 2 @0x411c0000)
[23;80H [24;1Hnss-sham nss-sham: NSS SHA/MD5 hw accel rev: 4.03 (context 3 @0x411c1000)
[23;80H [24;1Hnss_sham_probe: probe() done
[23;80H [24;1Husbcore: registered new interface driver usbhid
[23;80H [24;1Husbhid: USB HID core driver
[23;80H [24;1Hnotify_init : notify drivercreated  for  remote proc id 2 at physical Address 0[24;80H[24;80H[24;80H[24;80H[24;80H[24;80H[24;80H[24;80H[24;80H
[23;80H0[24;1Husbcore: registered new interface driver snd-usb-audio
[23;80H [24;1HALSA device list:
[23;80H [24;1H  No soundcards found.
[23;80H [24;1HTCP cubic registered
[23;80H [24;1HNET: Registered protocol family 17
[23;80H [24;1HRegistering the dns_resolver key type
[23;80H [24;1HVFP support v0.3: implementor 41 architecture 3 part 30 variant c rev 3
[23;80H [24;1Homap_voltage_late_init: Voltage driver support not added
[23;80H [24;1HPower Management for TI81XX.
[23;80H [24;1HDetected MACID=a0:f6:fd:a1:34:72
[23;80H [24;1Hrtc-ds1307 1-0068: setting system clock to 2000-01-01 00:05:00 UTC (946685100)
[23;80H [24;1HUBIFS: start fixing up free space
[23;80H [24;1Hmmc0: host does not support reading read-only switch. assuming write-enable.
[23;80H [24;1Hmmc0: new high speed SDHC card at address 1234
[23;80H [24;1Hmmcblk0: mmc0:1234 SA08G 7.21 GiB 
[23;80H [24;1H mmcblk0: p1
[23;80H [24;1H

[23;80H [24;1HUBIFS: free space fixup complete
[23;80H [24;1HUBIFS: mounted UBI device 0, volume 0, name "rootfs"
[23;80H [24;1HUBIFS: file system size:   199225344 bytes (194556 KiB, 189 MiB, 1569 LEBs)
[23;80H [24;1HUBIFS: journal size:       9023488 bytes (8812 KiB, 8 MiB, 72 LEBs)
[23;80H [24;1HUBIFS: media format:       w4/r0 (latest is w4/r0)
[23;80H [24;1HUBIFS: default compressor: lzo
[23;80H [24;1HUBIFS: reserved for root:  0 bytes (0 KiB)
[23;80H [24;1HVFS: Mounted root (ubifs filesystem) on device 0:13.
[23;80H [24;1Hdevtmpfs: mounted
[23;80H [24;1HFreeing init memory: 216K
[23;80H [24;1HFailed to execute /init.  Attempting defaults...
[23;80H [24;1HINIT: version 2.88 booting
[23;80H [24;1H Mounting /dev/shm              :  Mounting /dev/pts          :  Mounting other[24;80H[24;80H[24;80H[24;80H[24;80H[24;80H[24;80H[24;80H[24;80H[24;80H[24;80H[24;80H[24;80H[24;80H[24;80H[24;80H[24;80H[24;80H[24;80H[24;80H[24;80H[24;80H[24;80H[24;80H[24;80H[24;80H[24;80H[24;80H[24;80H[24;80H[24;80H[24;80H[24;80H[24;80H[24;80H[24;80H[24;80H[24;80H[24;80H[24;80H[24;80H[24;80H[24;80H[24;80H[24;80H[24;80H[24;80H[24;80H[24;80H[24;80H[24;80H[24;80H[24;80H[24;80H[24;80H[24;80H[24;80H[24;80H[24;80H[24;80H[24;80H[24;80H[24;80H[24;80H[24;80H[24;80H[24;80H[24;80H[24;80H[24;80H[24;80H[24;80H[24;80H[24;80H[24;80H[24;80H[24;80H[24;80H[24;80H[24;80H[24;80H[24;80H[24;80H[24;80H[24;80H[24;80H[24;80H[24;80H[24;80H[24;80H[24;80H[24;80H[24;80H[24;80H[24;80H[24;80H[24;80H[24;80H[24;80H[24;80H[24;80H[24;80H[24;80H[24;80H[24;80H[24;80H[24;80H[24;80H[24;80H[24;80H[24;80H[24;80H[24;80H[24;80H[24;80H[24;80H[24;80H[24;80H[24;80H[24;80H[24;80H[24;80H[24;80H[24;80H
[23;80Hy[24;1HSync command ...Error opening /dev/fb0: No such file or directory
[23;80H [24;1HStarting udev
[23;80H [24;1Hudev[110]: starting version 164
[23;80H [24;1HStarting Bootlog daemon: 
[23;80H [24;1HCPSW phy found : id is : 0x4dd074
[23;80H [24;1HPHY 0:01 not found
[23;80H [24;1Hbootlogd.
[23;80H [24;1HApplying sync command
[23;80H [24;1Hsystem SDcard not exist!creat appconfig and backup folder on /home!
[23;80H [24;1Hcreat appconfig folder on /home!
[23;80H [24;1H-------------------Start XZRS application-------------
[23;80H [24;1H*** Bootargs Validated for mem param ***
[23;80H [24;1H*** Bootargs Validated for notifyk.vpssm3 params ***
[23;80H [24;1HKernel bootargs validated
[23;80H [24;1H+++++++++++++++++++++++main,122++++++++++++++++++++++++
[23;80H [24;1HSysLink version : 2.20.02.20
[23;80H [24;1HSysLink module created on Date:Jul  7 2016 Time:16:08:53
[23;80H [24;1HTrace enabled
[23;80H [24;1HTrace SetFailureReason enabled
[23;80H [24;1HPHY: 0:00 - Link is Up - 100/Full
[23;80H [24;1H Setting DMM priority for [DUCATI  ] to [0] ( 0x4e000624 = 0x08000000 )
[23;80H [24;1H Setting DMM priority for [HDVICP0 ] to [2] ( 0x4e000634 = 0x0000000a )
[23;80H [24;1H/home/backup database file didn't exist !
[23;80H [24;1H./write_default_db to create a default database file!
[23;80H [24;1Heth0,This is a test, 
[23;80H [24;1H/home/appconfig database file didn't exist, will create a default database file
[23;80H [24;1Hcp /home/backup/config.db /home/appconfig/config.db
[23;80H [24;1H/home/backup log4plus configuration file didn't exist, will create a default co[24;80H[24;80H[24;80H[24;80H[24;80H[24;80H[24;80H[24;80H[24;80H[24;80H[24;80H[24;80H[24;80H[24;80H[24;80H[24;80H
[23;80He[24;1H/home/appconfig log4plus configuration file didn't exist, will create a default[24;80H[24;80H[24;80H[24;80H[24;80H[24;80H[24;80H[24;80H[24;80H[24;80H[24;80H[24;80H[24;80H[24;80H[24;80H[24;80H[24;80H[24;80H[24;80H
[23;80He[24;1HAttached to slave procId 2.
[23;80H [24;1HLoaded file ../firmware/dvr_rdk_fw_m3vpss_512M_128M.xem3 on slave procId 2.
[23;80H [24;1HStarted slave procId 2.
[23;80H [24;1HAfter Ipc_loadcallback status [0x00000000]
[23;80H [24;1HAfter Ipc_startcallback status [0x00000000]
[23;80H [24;1HAttached to slave procId 1.
[23;80H [24;1HLoaded file ../firmware/dvr_rdk_fw_m3video_512M_128M.xem3 on slave procId 1.
[23;80H [24;1HStarted slave procId 1.
[23;80H [24;1HAfter Ipc_loadcallback status [0x00000000]
[23;80H [24;1HAfter Ipc_startcallback status [0x00000000]
[23;80H [24;1HAttached to slave procId 0.
[23;80H [24;1HLoaded file ../firmware/dvr_rdk_fw_c6xdsp_512M_128M.xe674 on slave procId 0.
[23;80H [24;1HStarted slave procId 0.
[23;80H [24;1HAfter Ipc_loadcallback status [0x00000000]
[23;80H [24;1HAfter Ipc_startcallback status [0x00000000]
[23;80H [24;1HDMA: Module install successful, device major num = 250 
[23;80H [24;1HDRV: Module install successful
[23;80H [24;1HDRV: Module built on Jul  7 2016 16:09:08 
[23;80H [24;1H [c6xdsp ] Remote Debug Shared Memory @ 0xbff00000
[23;80H [24;1H [m3video] Remote Debug Shared Memory @ 0xbff10820
[23;80H [24;1H [m3vpss ] Remote Debug Shared Memory @ 0xbff21040
[23;80H [24;1H [m3vpss ] Received character 's'
[23;80H [24;1H [c6xdsp ] Remote Debug Shared Memory @ 0xbff00000
[23;80H [24;1H [m3video] Remote Debug Shared Memory @ 0xbff10820
[23;80H [24;1H [m3vpss ] Remote Debug Shared Memory @ 0xbff21040
[23;80H [24;1H [m3video] Received character 's'
[23;80H [24;1H [c6xdsp ] Remote Debug Shared Memory @ 0xbff00000
[23;80H [24;1H [m3video] Remote Debug Shared Memory @ 0xbff10820
[23;80H [24;1H [m3vpss ] Remote Debug Shared Memory @ 0xbff21040
[23;80H [24;1H [c6xdsp ] Received character 's'
[23;80H [24;1H/opt/dvr_rdk/ti814x
[23;80H [24;1H[module] vpss probe done.
[23;80H [24;1H[module] ti81xxfb probe done.
[23;80H [24;1HHDMI W1 rev 4.0
[23;80H [24;1HHDMI CEC Spec version 1.2
[23;80H [24;1HI2C No Ack
[23;80H [24;1H
[23;80H [24;1HHDMI failed to read E-EDID
[23;80H [24;1H 
[23;80H [24;1H ORG 0x46c00524: 0
[23;80H [24;1H NEW 0x46c00524: 2
[23;80H [24;1H 
[23;80H [24;1H
[23;80H [24;1H _____                    _____           _         _   
[23;80H [24;1H|  _  |___ ___ ___ ___   |  _  |___ ___  |_|___ ___| |_ 
[23;80H [24;1H|     |  _| .'| . | . |  |   __|  _| . | | | -_|  _|  _|
[23;80H [24;1H|__|__|_| |__,|_  |___|  |__|  |_| |___|_| |___|___|_|  
[23;80H [24;1H              |___|                    |___|            
[23;80H [24;1H
[23;80H [24;1HArago Project http://arago-project.org dm814x ttyO0
[23;80H [24;1H
[23;80H [24;1HArago 2012.10 dm814x ttyO0
[23;80H [24;1H
[23;80H [24;1Hdm814x login: root
root
[23;80H [24;19HPassword: xzrsP@ssw0rd

[23;80H [24;1Hroot@dm814x:~#
 
[23;80H [24;1Hroot@dm814x:~#passwd root
  0: SYSTEM: System Common Init in progress !!!
[23;80H [24;1H 3: SYSTEM: IPC init in progress !!!
[23;80H [24;1Hpasswd root 51: SYSTEM: CPU [DSP] syslink proc ID is [0] !!!
[23;80H [24;1H 52: SYSTEM: CPU [VIDEO-M3] syslink proc ID is [1] !!!
[23;80H [24;1H 52: SYSTEM: CPU [VPSS-M3] syslink proc ID is [2] !!!
[23;80H [24;1H 52: SYSTEM: CPU [HOST] syslink proc ID is [3] !!!
[23;80H [24;1H 54: SYSTEM: Creating MsgQ Heap [IPC_MSGQ_MSG_HEAP_3] ...
[23;80H [24;1H 60: SYSTEM: Creating MsgQ [HOST_MSGQ] ...
[23;80H [24;1H 62: SYSTEM: Creating MsgQ [HOST_ACK_MSGQ] ...
[23;80H [24;1H 63: SYSTEM: Opening MsgQ [DSP_MSGQ] ...
[23;80H [24;1H 63: SYSTEM: Opening MsgQ [VIDEO-M3_MSGQ] ...
[23;80H [24;1H 64: SYSTEM: Opening MsgQ [VPSS-M3_MSGQ] ...
[23;80H [24;1H 66: SYSTEM: Notify register to [DSP] line 0, event 15 ... 
[23;80H [24;1H 67: SYSTEM: Notify register to [VIDEO-M3] line 0, event 15 ... 
[23;80H [24;1H 67: SYSTEM: Notify register to [VPSS-M3] line 0, event 15 ... 
[23;80H [24;1H 68: SYSTEM: IPC init DONE !!!
[23;80H [24;1H
[23;80H [24;1H 75: SYSTEM: Creating ListMP [HOST_IPC_OUT_24] in region 0 ...
[23;80H [24;1H 76: SYSTEM: Creating ListMP [HOST_IPC_IN_24] in region 0 ...
[23;80H [24;1H 78: SYSTEM: ListElem Shared Addr = 0x48a25680
[23;80H [24;1H 78: SYSTEM: Creating ListMP [HOST_IPC_OUT_25] in region 0 ...
[23;80H [24;1H 80: SYSTEM: Creating ListMP [HOST_IPC_IN_25] in region 0 ...
[23;80H [24;1H 82: SYSTEM: ListElem Shared Addr = 0x48a5c480
[23;80H [24;1H 85: SYSTEM: Creating ListMP [HOST_IPC_OUT_19] in region 0 ...
[23;80H [24;1H 87: SYSTEM: Creating ListMP [HOST_IPC_IN_19] in region 0 ...
[23;80H [24;1H 88: SYSTEM: ListElem Shared Addr = 0x48a93280
[23;80H [24;1H 89: SYSTEM: Creating ListMP [HOST_IPC_OUT_20] in region 0 ...
[23;80H [24;1H 91: SYSTEM: Creating ListMP [HOST_IPC_IN_20] in region 0 ...
[23;80H [24;1H 92: SYSTEM: ListElem Shared Addr = 0x48ad6580
[23;80H [24;1H 93: SYSTEM: Creating ListMP [HOST_IPC_OUT_21] in region 0 ...
[23;80H [24;1H 95: SYSTEM: Creating ListMP [HOST_IPC_IN_21] in region 0 ...
[23;80H [24;1H 96: SYSTEM: ListElem Shared Addr = 0x48b19880
[23;80H [24;1H 115: SYSTEM: System Common Init Done !!!
[23;80H [24;1HCreat queue id:65538
[23;80H [24;1Hqueue id:65538
[23;80H [24;1HStream Debug:  Init_Msg_Func 
[23;80H [24;1H
[23;80H [24;1H [host] XZ_IPNC_WAC_IPC  Xzrs_IpncWacIpcCreateChain
[23;80H [24;1H 204: MCFW  : CPU Revision [ES2.1] !!! 
[23;80H [24;1H[HOST] 
[23;80H [24;1HThreadName:IpcBitsOutLink_tskMain_30000018,ThreadID:708
[23;80H [24;1H
[23;80H [24;1H [host]  210: IPC_BITS_OUT   : Create in progress !!!
[23;80H [24;1H
[23;80H [24;1H [host] IPC_BITSOUT:BitBuffer Alloc.ChID:0,Size:0x9E3400
[23;80H [24;1H [host] 
[23;80H [24;1H******* RingBuf 0 created ********
[23;80H [24;1H
[23;80H [24;1H [host] IPCBITSOUTLINK:Translated Addr Virt:0x4b3fbb00 To Phy:0x8a40eb00
[23;80H [24;1H [host] 
[23;80H [24;1H###Bit buff of size from the SR # 1 : 10368000 / bufsize 2073600, maxQueueDepth[24;80H[24;80H[24;80H[24;80H
[23;80H [24;1H
[23;80H [24;1H [host] ###Bit buff BasePtr: 4B3FBB00 / PhyAddr 8A40EB00
[23;80H [24;1H
[23;80H [24;1H [host]  212: IPC_BITS_OUT   : Create Done !!!
[23;80H [24;1H[HOST] 
[23;80H [24;1HThreadName:IpcBitsOutLink_periodicTaskFxn_30000018,ThreadID:718
[23;80H [24;1HChanging password for root
[23;80H [24;1HEnter the new password (minimum of 5, maximum of 8 characters)
[23;80H [24;1HPlease use a combination of upper and lower case letters and numbers.
[23;80H [24;1HNew password:xzrsP@ssw0rd
 
[23;80H [24;1HRe-enter new password: xzrsP@ssw0rd

[23;80H [24;1Hpasswd: password changed.