
[!p[?3;4l[4l>[0m(B[?1h=[H[2J[?12l[?25h
Welcome to minicom 2.7

OPTIONS: I18n 
Compiled on Jan  1 2014, 17:13:19.
Port /dev/ttyUSB4, 11:23:44

Press CTRL-A Z for help on special keys


root@dm816x:~#
 
root@dm816x:~#reboot
 reboot
INIT: INIT: Sending processes the TERM signal
root@dm816x:~# Stopping telnet daemon.
Stopping system message bus: dbus.
Error opening /dev/fb0: No such file or directory
Stopping syslogd/klogd: stopped syslogd (pid 624)
stopped klogd (pid 626)
done
ALSA: Storing mixer settings...
Deconfiguring network interfaces... done.
Sending all processes the TERM signal...
Sending all processes the KILL signal...
Unmounting remote filesystems...
[23;80H [24;1HDeactivating swap...
[23;80H [24;1HUnmounting local filesystems...
[23;80H [24;1HRebooting... musb-hdrc musb-hdrc.1: remove, state 1
[23;80H [24;1Husb usb2: USB disconnect, address 1
[23;80H [24;1Hmusb-hdrc musb-hdrc.1: USB bus 2 deregistered
[23;80H [24;1Hmusb-hdrc musb-hdrc.0: remove, state 1
[23;80H [24;1Husb usb1: USB disconnect, address 1
[23;80H [24;1Hmusb-hdrc musb-hdrc.0: USB bus 1 deregistered
[23;80H [24;1HRestarting system.
[23;80H [24;1H
[23;80H [24;1H
[23;80H [24;1HU-Boot 2010.06 (Aug 14 2014 - 21:58:33)
[23;80H [24;1H
[23;80H [24;1HTI8168-GP rev 2.1
[23;80H [24;1H
[23;80H [24;1HHDVICP clk     : 533MHz
[23;80H [24;1HL3 Fast clk    : 500MHz
[23;80H [24;1HHDVPSS clk     : 250MHz
[23;80H [24;1HDucati M3 clk  : 250MHz
[23;80H [24;1HDSP clk        : 800MHz
[23;80H [24;1HARM clk        : 987MHz
[23;80H [24;1HDDR clk        : 796MHz
[23;80H [24;1H
[23;80H [24;1HI2C:   ready
[23;80H [24;1HDRAM:  2 GiB
[23;80H [24;1HNAND:  HW ECC BCH8 Selected
[23;80H [24;1H256 MiB
[23;80H [24;1HMMC:   OMAP SD/MMC: 0
[23;80H [24;1H                                                                 
[23;80H [24;1H                                                                 
[23;80H [24;1H                   D S P D S P D S P D S                         
[23;80H [24;1H               P D S P D S P D S P D S P D                       
[23;80H [24;1H             S P D S P D S P D S P D S P D                       
[23;80H [24;1H             S P D S P D S P D S P D S P D   S P D               
[23;80H [24;1H               S P D S P D S P D S P D S     P D S P             
[23;80H [24;1H                 D S P D S P D S P D S P   D S P D S P           
[23;80H [24;1H                   D S P D S P D S P D S P D S P D S P           
[23;80H [24;1H                     D S P D S P D S P D S P D S P D S P         
[23;80H [24;1H                     D S P D S P D S P D S P D S P D S P         
[23;80H [24;1H                       D S P D S P D S P D S P D S P D S P       
[23;80H [24;1H                       D S P D S P D S P D S P D S P D S P       
[23;80H [24;1H                       D S P D S P D S P D S P D S P D S P       
[23;80H [24;1H                       D S P D S P D S P D S P D S P D S P       
[23;80H [24;1H                       D S P D S P D S P D S P D S P D S P       
[23;80H [24;1H                       D S P D S P D S P D S P D S P D S P       
[23;80H [24;1H                       D S P D S P D S P D S P D S P D S P       
[23;80H [24;1H                     D S P D S P D S P D S P D S P D S P D       
[23;80H [24;1H                     S P D S P D S         P D S P D S P D       
[23;80H [24;1H                   S P D S P D               S P D S P D         
[23;80H [24;1H                   S P D S P                   D S P D S         
[23;80H [24;1H                 P D S P D                       S P D S         
[23;80H [24;1H                 P D S P                         D S P           
[23;80H [24;1H               D S P D                           S P D           
[23;80H [24;1H             S P D S                             P D             
[23;80H [24;1H             S P D                                               
[23;80H [24;1H             S P D                                               
[23;80H [24;1H                                                                 
[23;80H [24;1H
[23;80H [24;1HNet:   Ethernet PHY: GENERIC @ 0x01
[23;80H [24;1HDaVinci EMAC
[23;80H [24;1HHit any key to stop autoboot

:  1  0 
[23;80H [24;1HYX-UBOOT # setenv ipaddr 192.168.1.210

[23;80H [24;1HYX-UBOOT # setenv ipaddr 192.168.1.210setenv gatewayip 192.168.1.9

[23;80H [24;1HYX-UBOOT # setenv gatewayip 192.168.1.9setenv netmask 255.255.255.0

[23;80H [24;1HYX-UBOOT # setenv netmask 255.255.255.0setenv serverip 192.168.1.9

[23;80H [24;1HYX-UBOOT # setenv serverip 192.168.1.9setenv bootargs 'mem=512M console=ttyO2,115200n8 rootwait=1 rw ubi.mtd=4,2048 rootfstype=ubifs root=ubi0:rootfs ip=192.168.1.210 vram=20M notifyk.vpssm3_sva=0xbfb00000 vmalloc=476M ddr_mem=2048M'

[23;80H [24;1HYX-UBOOT # setenv bootargs 'mem=512M console=ttyO2,115200n8 rootwait=1 rw ubi.m[24;80H[24;80H[24;80H[24;80H[24;80H[24;80H[24;80H[24;80H[24;80H[24;80H[24;80H[24;80H[24;80H[24;80H[24;80H[24;80H[24;80H[24;80H[24;80H[24;80H[24;80H[24;80H[24;80H[24;80H[24;80H[24;80H[24;80H[24;80H[24;80H[24;80H[24;80H[24;80H[24;80H[24;80H[24;80H[24;80H[24;80H[24;80H[24;80H[24;80H[24;80H[24;80H[24;80H[24;80H[24;80H[24;80H[24;80H[24;80H[24;80H[24;80H[24;80H[24;80H[24;80H[24;80H[24;80H[24;80H[24;80H[24;80H[24;80H[24;80H[24;80H[24;80H[24;80H[24;80H[24;80H[24;80H[24;80H[24;80H[24;80H[24;80H[24;80H[24;80H[24;80H[24;80H[24;80H[24;80H[24;80H[24;80H[24;80H[24;80H[24;80H[24;80H[24;80H[24;80H[24;80H[24;80H[24;80H[24;80H[24;80H[24;80H[24;80H[24;80H[24;80H[24;80H[24;80H[24;80H[24;80H[24;80H[24;80H[24;80H[24;80H[24;80H[24;80H[24;80H[24;80H[24;80H[24;80H[24;80H[24;80H[24;80H[24;80H[24;80H[24;80H[24;80H[24;80H[24;80H[24;80H[24;80H[24;80H[24;80H[24;80H[24;80H[24;80H[24;80H[24;80H[24;80H[24;80Hsetenv bootcmd 'nand read 0x81000000 0x00580000 0x300000; bootm 0x81000000'

[23;80H'[24;1HYX-UBOOT # setenv bootcmd 'nand read 0x81000000 0x00580000 0x300000; bootm 0x81[24;80H[24;80H[24;80H[24;80H[24;80H[24;80H[24;80Hsntp 192.168.1.9

[23;80H'[24;1HYX-UBOOT # sntp 192.168.1.9
[23;80H [24;1HConnect speed 100M Full
[23;80H [24;1HDate: 2016-08-31 Time: 12:24:01
[23;80H [24;1HYX-UBOOT # setenv 'noinitrd rw ubi.mtd'
setenv 'noinitrd rw ubi.mtd'
[23;80H [24;1HYX-UBOOT # setenv ip
setenv ip
[23;80H [24;1HYX-UBOOT #saveenv
 saveenv
[23;80H [24;1HSaving Environment to NAND...
[23;80H [24;1HErasing Nand...
[23;80H [24;1HWarning: Erase size 0x00002000 smaller than one erase block 0x00020000
[23;80H [24;1H         Erasing 0x00020000 instead
[23;80H [24;1HErasing at 0x240000 -- 100% complete.
[23;80H [24;1HWriting to Nand... done
[23;80H [24;1HYX-UBOOT #nand scrub
 nand scrub
[23;80H [24;1H
[23;80H [24;1HNAND scrub: device 0 whole chip
[23;80H [24;1HWarning: scrub option will erase all factory set bad blocks!
[23;80H [24;1H         There is no reliable way to recover them.
[23;80H [24;1H         Use this command only for testing purposes if you
[23;80H [24;1H         are sure of what you are doing!
[23;80H [24;1H
[23;80H [24;1HReally scrub this NAND flash? <y/N>y
[23;80H [24;1HyErasing at 0x0 --   0% complete.Erasing at 0x280000 --   1% complete.Erasing at 0x500000 --   2% complete.Erasing at 0x7a0000 --   3% complete.Erasing at 0xa20000 --   4% complete.Erasing at 0xcc0000 --   5% complete.Erasing at 0xf40000 --   6% complete.Erasing at 0x11e0000 --   7% complete.Erasing at 0x1460000 --   8% complete.Erasing at 0x1700000 --   9% complete.Erasing at 0x1980000 --  10% complete.Erasing at 0x1c20000 --  11% complete.Erasing at 0x1ea0000 --  12% complete.Erasing at 0x2140000 --  13% complete.Erasing at 0x23c0000 --  14% complete.Erasing at 0x2660000 --  15% complete.Erasing at 0x28e0000 --  16% complete.Erasing at 0x2b80000 --  17% complete.Erasing at 0x2e00000 --  18% complete.Erasing at 0x30a0000 --  19% complete.Erasing at 0x3320000 --  20% complete.Erasing at 0x35c0000 --  21% complete.Erasing at 0x3840000 --  22% complete.Erasing at 0x3ae0000 --  23% complete.Erasing at 0x3d60000 --  24% complete.Erasing at 0x3fe0000 --  25% complete.Erasing at 0x4280000 --  26% complete.Erasing at 0x4500000 --  27% complete.Erasing at 0x47a0000 --  28% complete.Erasing at 0x4a20000 --  29% complete.Erasing at 0x4cc0000 --  30% complete.Erasing at 0x4f40000 --  31% complete.Erasing at 0x51e0000 --  32% complete.Erasing at 0x5460000 --  33% complete.Erasing at 0x5700000 --  34% complete.Erasing at 0x5980000 --  35% complete.Erasing at 0x5c20000 --  36% complete.Erasing at 0x5ea0000 --  37% complete.Erasing at 0x6140000 --  38% complete.Erasing at 0x63c0000 --  39% complete.Erasing at 0x6660000 --  40% complete.Erasing at 0x68e0000 --  41% complete.Erasing at 0x6b80000 --  42% complete.Erasing at 0x6e00000 --  43% complete.Erasing at 0x70a0000 --  44% complete.Erasing at 0x7320000 --  45% complete.Erasing at 0x75c0000 --  46% complete.Erasing at 0x7840000 --  47% complete.Erasing at 0x7ae0000 --  48% complete.Erasing at 0x7d60000 --  49% complete.Erasing at 0x7fe0000 --  50% complete.Erasing at 0x8280000 --  51% complete.Erasing at 0x8500000 --  52% complete.Erasing at 0x87a0000 --  53% complete.Erasing at 0x8a20000 --  54% complete.Erasing at 0x8cc0000 --  55% complete.Erasing at 0x8f40000 --  56% complete.Erasing at 0x91e0000 --  57% complete.Erasing at 0x9460000 --  58% complete.Erasing at 0x9700000 --  59% complete.Erasing at 0x9980000 --  60% complete.Erasing at 0x9c20000 --  61% complete.Erasing at 0x9ea0000 --  62% complete.Erasing at 0xa140000 --  63% complete.Erasing at 0xa3c0000 --  64% complete.Erasing at 0xa660000 --  65% complete.Erasing at 0xa8e0000 --  66% complete.Erasing at 0xab80000 --  67% complete.Erasing at 0xae00000 --  68% complete.Erasing at 0xb0a0000 --  69% complete.Erasing at 0xb320000 --  70% complete.Erasing at 0xb5c0000 --  71% complete.Erasing at 0xb840000 --  72% complete.Erasing at 0xbae0000 --  73% complete.Erasing at 0xbd60000 --  74% complete.Erasing at 0xbfe0000 --  75% complete.Erasing at 0xc280000 --  76% complete.Erasing at 0xc500000 --  77% complete.Erasing at 0xc7a0000 --  78% complete.Erasing at 0xca20000 --  79% complete.Erasing at 0xccc0000 --  80% complete.Erasing at 0xcf40000 --  81% complete.Erasing at 0xd1e0000 --  82% complete.Erasing at 0xd460000 --  83% complete.Erasing at 0xd700000 --  84% complete.Erasing at 0xd980000 --  85% complete.Erasing at 0xdc20000 --  86% complete.Erasing at 0xdea0000 --  87% complete.Erasing at 0xe140000 --  88% complete.Erasing at 0xe3c0000 --  89% complete.Erasing at 0xe660000 --  90% complete.Erasing at 0xe8e0000 --  91% complete.Erasing at 0xeb80000 --  92% complete.Erasing at 0xee00000 --  93% complete.Erasing at 0xf0a0000 --  94% complete.Erasing at 0xf320000 --  95% complete.Erasing at 0xf5c0000 --  96% complete.Erasing at 0xf840000 --  97% complete.Erasing at 0xfae0000 --  98% complete.Erasing at 0xfd60000 --  99% complete.Erasing at 0xffe0000 -- 100% complete.
[23;80H [24;1HOKls

[23;80H [24;1HYX-UBOOT # lsmw.b 0x81000000 0xFF 0x260000

[23;80H [24;1HUnknown command 'ls' - try 'help'
[23;80H [24;1HYX-UBOOT # mw.b 0x81000000 0xFF 0x260000tftp 0x81000000 2016-7-29/dm8168/xzrs_uboot_dm8168

[23;80H [24;1HYX-UBOOT # tftp 0x81000000 2016-7-29/dm8168/xzrs_uboot_dm8168
[23;80H [24;1HConnect speed 100M Full
[23;80H [24;1HUsing DaVinci EMAC device
[23;80H [24;1HTFTP from server 192.168.1.9; our IP address is 192.168.1.210
[23;80H [24;1HFilename '2016-7-29/dm8168/xzrs_uboot_dm8168'.
[23;80H [24;1HLoad address: 0x81000000
[23;80H [24;1HLoading: *###############
[23;80H [24;1Hdone
[23;80H [24;1HBytes transferred = 210072 (0x33498)nandecc hw 2

[23;80H [24;1HYX-UBOOT # nandecc hw 2nand erase 0x0 0x34000

[23;80H [24;1HHW ECC BCH8 Selected
[23;80H [24;1HYX-UBOOT # nand erase 0x0 0x34000nand write.i 0x81000000  0x0 0x34000

[23;80H [24;1H
[23;80H [24;1HNAND erase: device 0 offset 0x0, size 0x34000
[23;80H [24;1HErasing at 0x0 --  61% complete.Erasing at 0x20000 -- 123% complete.
[23;80H [24;1HOK
[23;80H [24;1HYX-UBOOT # nand write.i 0x81000000  0x0 0x34000
[23;80H [24;1H
[23;80H [24;1HNAND write: device 0 offset 0x0, size 0x34000
[23;80H [24;1H 212992 bytes written: OKsetenv ipaddr 192.168.1.210

[23;80H [24;1HYX-UBOOT # setenv ipaddr 192.168.1.210setenv gatewayip 192.168.1.9

[23;80H [24;1HYX-UBOOT # setenv gatewayip 192.168.1.9setenv netmask 255.255.255.0

[23;80H [24;1HYX-UBOOT # setenv netmask 255.255.255.0setenv serverip 192.168.1.9

[23;80H [24;1HYX-UBOOT # setenv serverip 192.168.1.9setenv bootargs 'mem=512M console=ttyO2,115200n8 rootwait=1 rw ubi.mtd=4,2048 rootfstype=ubifs root=ubi0:rootfs ip=192.168.1.210 vram=20M notifyk.vpssm3_sva=0xbfb00000 vmalloc=476M ddr_mem=2048M'

[23;80H [24;1HYX-UBOOT # setenv bootargs 'mem=512M console=ttyO2,115200n8 rootwait=1 rw ubi.m[24;80H[24;80H[24;80H[24;80H[24;80H[24;80H[24;80H[24;80H[24;80H[24;80H[24;80H[24;80H[24;80H[24;80H[24;80H[24;80H[24;80H[24;80H[24;80H[24;80H[24;80H[24;80H[24;80H[24;80H[24;80H[24;80H[24;80H[24;80H[24;80H[24;80H[24;80H[24;80H[24;80H[24;80H[24;80H[24;80H[24;80H[24;80H[24;80H[24;80H[24;80H[24;80H[24;80H[24;80H[24;80H[24;80H[24;80H[24;80H[24;80H[24;80H[24;80H[24;80H[24;80H[24;80H[24;80H[24;80H[24;80H[24;80H[24;80H[24;80H[24;80H[24;80H[24;80H[24;80H[24;80H[24;80H[24;80H[24;80H[24;80H[24;80H[24;80H[24;80H[24;80H[24;80H[24;80H[24;80H[24;80H[24;80H[24;80H[24;80H[24;80H[24;80H[24;80H[24;80H[24;80H[24;80H[24;80H[24;80H[24;80H[24;80H[24;80H[24;80H[24;80H[24;80H[24;80H[24;80H[24;80H[24;80H[24;80H[24;80H[24;80H[24;80H[24;80H[24;80H[24;80H[24;80H[24;80H[24;80H[24;80H[24;80H[24;80H[24;80H[24;80H[24;80H[24;80H[24;80H[24;80H[24;80H[24;80H[24;80H[24;80H[24;80H[24;80H[24;80H[24;80H[24;80H[24;80Hsetenv bootcmd 'nand read 0x81000000 0x00580000 0x300000; bootm 0x81000000'

[23;80H'[24;1HYX-UBOOT # setenv bootcmd 'nand read 0x81000000 0x00580000 0x300000; bootm 0x81[24;80H[24;80H[24;80H[24;80H[24;80H[24;80H[24;80Hsntp 192.168.1.9

[23;80H'[24;1HYX-UBOOT # sntp 192.168.1.9
[23;80H [24;1HConnect speed 100M Full
[23;80H [24;1HDate: 2016-08-31 Time: 12:24:11
[23;80H [24;1HYX-UBOOT # setenv 'noinitrd rw ubi.mtd'
setenv 'noinitrd rw ubi.mtd'
[23;80H [24;1HYX-UBOOT #setenv ip
 setenv ip
[23;80H [24;1HYX-UBOOT # saveenv
saveenv
[23;80H [24;1HSaving Environment to NAND...
[23;80H [24;1HErasing Nand...
[23;80H [24;1HWarning: Erase size 0x00002000 smaller than one erase block 0x00020000
[23;80H [24;1H         Erasing 0x00020000 instead
[23;80H [24;1HErasing at 0x240000 -- 100% complete.
[23;80H [24;1HWriting to Nand... done
[23;80H [24;1HYX-UBOOT #
 
[23;80H [24;1HYX-UBOOT #reset
 reset
[23;80H [24;1Hresetting ...
[23;80H [24;1H
[23;80H [24;1H
[23;80H [24;1HU-Boot 2010.06 (Jul 29 2016 - 10:17:06)
[23;80H [24;1H
[23;80H [24;1HCDXZRS-GP rev 1.0
[23;80H [24;1H
[23;80H [24;1HI2C:   ready
[23;80H [24;1HDRAM:  2 GiB
[23;80H [24;1HNAND:  HW ECC BCH8 Selected
[23;80H [24;1H256 MiB
[23;80H [24;1HMMC:   OMAP SD/MMC: 0
[23;80H [24;1H:,;;:;:;;;;;;;;r;;:,;;:;:;;;;;;;;:,;;:;:;;;;;;;;:,;;:;:;;;;;;;;:;;;;;;;;:,;;:;:
[23;80H [24;1H;,;:::;;;;r;;;rssiSiS552X5252525259GX2X9hX9X9XX2325S55252i5:,;;:;:;;;;;;;;:,;;:
[23;80H [24;1H;:;;;;;;;rrssSsS52S22h52299GGAAMHMM#BBH#B#HMM#HMBA&&XX2255S2S5Si:,;;:;:;;;;;;;;
[23;80H [24;1H;:;;r;;rsrrriiXS5S329&A&MH#BMB#A&9XXA252GXiSXX39AAMMMBB&G22S5i2SSiiiisi:,;;:;:;
[23;80H [24;1H;;;;;r;rr2iisiih393HB#B#AA99i22irrrX3X52AGsisss2Xii2299HBMA&X2S5S5iSiisSsi:,;;:
[23;80H [24;1Hr:r;rrsrsihXSi2&##MHB&Ahh3AGHGA9G9h&#H##@@@##MAMMXXX9SSS29&&HGGX2i5iisiiisisi:,
[23;80H [24;1H;;rrrrsSiiiA&ABH&A9GAGhAhBAMHA9HM@@@@@@@@@@@@@@@@@@@HHhAh2S2SX9&Gh22SSiisiiisii
[23;80H [24;1Hr:rrssisiS2XM##&h3AGAX&3GG3Ssr5H@M#HM2; ;2X&&&MHMB###GBB#B&XXSSs529XX55iSsisisi
[23;80H [24;1Hr;rsrisSi2XHAhX99A3XXG&&XS;:,rH#HGhAS   @@@@3rs2XBM@@A552&&AHA2XiisSS252SSsisSs
[23;80H [24;1Hr;issi5S22&&3iSSX292&hXsr;;:;h@&G339&S9@@@@2@MA&9&HB##Xris29ABMAAX2ir;rsSi5iss5
[23;80H [24;1HrrsSi2XhG&9GXh399&X99i;;;;;;r#H&293H9X#@@@@@@@B&9GhAH@XrrsrsiXABHB&HG2rr;rrSiSi
[23;80H [24;1H;:rsisS599&AA9XG&3A35r;:::;,;BMh&&2iX5A@@@@@@@&392X5GB2;;;r;iSX393A##A&Xi:::rsi
[23;80H [24;1H;:rss552222X553&XHMhir;;::,:,h#HhGSXhG3#@@@@#AXXS2XAHA;::;;;;ss55XShBA3239r:,;;
[23;80H [24;1Hr;ii2S5SSi2i53hirsh2srr::,,,,;MMXX359&Ah3h&Si59SX99A#i:,::::;;sri2,.2r;:SGAr;,:
[23;80H [24;1H;:;rrrrssiriXGSi::shs;;;,,,:,,rBBA9h5s5h5iS5isi2SAHB5:,,,:::;rrs5&SrisSX5Srrr:,
[23;80H [24;1H;,r;;;;rsriSSrrrr;;5Xrr;;,:,,.,;9AA2SsisS5323XXXG9&i:.,,::;;r;;;srrrrrr;;:;::::
[23;80H [24;1H:,;r;r;rrissrrr;:;::;s;;;;,:,,..,r293h222hXXAAGGGX;:,,,:,:,::;:;::,:,,,,...,,,,
[23;80H [24;1H;,;;;;rrrrrrrrirr;,.,,:::::::,,,,.,;SX&ABAB2hhXir:,,.,,.,,:,,,,..,,,..,..,,,..:
[23;80H [24;1H:.:;:;;;:;;;;r;rrs;:.. ,,:::::,:,:,,.::rrsrr;;,,.......,..,....,,,,,,,...,.,,:,
[23;80H [24;1H:.:::,::::::;;r;rrr;:.......,.,.,,:::,,...............,,::.,,,,:,::,,:,:,,,:,;:
[23;80H [24;1H,.::,:,,,,,;;;;;;;;r;;::,..............................;;;:;::::,:::::::,:,:,,,
[23;80H [24;1H: ,,:,,,,,,,,,,,,,:;rrr;;:;,,,,,,,::,.,.:.,.,;s,:;;;;:;:;;;;;::::,:::,:::,:,:,:
[23;80H [24;1H,.,,,,,,,...,,.,,....................................:,............:,,,:,:,,,,,
[23;80H [24;1H
[23;80H [24;1HEricDebug uboot WDT timeout is 600 seconds 
[23;80H [24;1HNet:   set mac addr : b2:97: 0:27:aa:44
[23;80H [24;1Hset mac addr1 : b3:97: 0:27:aa:44
[23;80H [24;1HEthernet PHY: GENERIC @ 0x01
[23;80H [24;1Hreg 0x1B value = 9 
[23;80H [24;1HDaVinci EMAC
[23;80H [24;1HHit any key to stop autoboot: 
 1  0 
[23;80H [24;1HXZ-UBOOT # ls
ls
[23;80H [24;1HUnknown command 'ls' - try 'help'
[23;80H [24;1HXZ-UBOOT #mw.b 0x81000000 0xFF 0x300000
 mw.b 0x81000000 0xFF 0x300000
[23;80H [24;1HXZ-UBOOT # tftp 0x81000000 2016-7-29/dm8168/xzrs_uimage_dm8168
tftp 0x81000000 2016-7-29/dm8168/xzrs_uimage_dm8168
[23;80H [24;1HConnect speed 100M Full
[23;80H [24;1HUsing DaVinci EMAC device
[23;80H [24;1HTFTP from server 192.168.1.9; our IP address is 192.168.1.210
[23;80H [24;1HFilename '2016-7-29/dm8168/xzrs_uimage_dm8168'.
[23;80H [24;1HLoad address: 0x81000000
[23;80H [24;1HLoading: *#################################################################
[23;80H [24;1H[24;9H #################################################################
[23;80H [24;1H[24;9H ###############################
[23;80H [24;1Hdone
[23;80H [24;1HBytes transferred = 2351712 (0x23e260)nand erase 0x00580000 0x23f000

[23;80H [24;1HXZ-UBOOT # nand erase 0x00580000 0x23f000nand write.i 0x81000000  0x00580000 0x23f000

[23;80H [24;1H
[23;80H [24;1HNAND erase: device 0 offset 0x580000, size 0x23f000
[23;80H [24;1HErasing at 0x580000 --   5% complete.Erasing at 0x5a0000 --  11% complete.Erasing at 0x5c0000 --  16% complete.Erasing at 0x5e0000 --  22% complete.Erasing at 0x600000 --  27% complete.Erasing at 0x620000 --  33% complete.Erasing at 0x640000 --  38% complete.Erasing at 0x660000 --  44% complete.Erasing at 0x680000 --  50% complete.Erasing at 0x6a0000 --  55% complete.Erasing at 0x6c0000 --  61% complete.Erasing at 0x6e0000 --  66% complete.Erasing at 0x700000 --  72% complete.Erasing at 0x720000 --  77% complete.Erasing at 0x740000 --  83% complete.Erasing at 0x760000 --  89% complete.Erasing at 0x780000 --  94% complete.Erasing at 0x7a0000 -- 100% complete.
[23;80H [24;1HOK
[23;80H [24;1HXZ-UBOOT # nand write.i 0x81000000  0x00580000 0x23f000
[23;80H [24;1H
[23;80H [24;1HNAND write: device 0 offset 0x580000, size 0x23f000
[23;80H [24;1H 2355200 bytes written: OKls

[23;80H [24;1HXZ-UBOOT # lsmw.b 0x81000000 0xFF 0xB420000

[23;80H [24;1HUnknown command 'ls' - try 'help'
[23;80H [24;1HXZ-UBOOT # mw.b 0x81000000 0xFF 0xB420000tftp 0x81000000 2016-7-29/dm8168/xzrs_fs_dm8168

[23;80H [24;1HXZ-UBOOT # tftp 0x81000000 2016-7-29/dm8168/xzrs_fs_dm8168
[23;80H [24;1HConnect speed 100M Full
[23;80H [24;1HUsing DaVinci EMAC device
[23;80H [24;1HTFTP from server 192.168.1.9; our IP address is 192.168.1.210
[23;80H [24;1HFilename '2016-7-29/dm8168/xzrs_fs_dm8168'.
[23;80H [24;1HLoad address: 0x81000000
[23;80H [24;1HLoading: *#################################################################
[23;80H [24;1H[24;9H #################################################################
[23;80H [24;1H[24;9H #################################################################
[23;80H [24;1H[24;9H #################################################################
[23;80H [24;1H[24;9H #################################################################
[23;80H [24;1H[24;9H #################################################################
[23;80H [24;1H[24;9H #################################################################
[23;80H [24;1H[24;9H #################################################################
[23;80H [24;1H[24;9H #################################################################
[23;80H [24;1H[24;9H #################################################################
[23;80H [24;1H[24;9H #################################################################
[23;80H [24;1H[24;9H #################################################################
[23;80H [24;1H[24;9H #################################################################
[23;80H [24;1H[24;9H #################################################################
[23;80H [24;1H[24;9H #################################################################
[23;80H [24;1H[24;9H #################################################################
[23;80H [24;1H[24;9H #################################################################
[23;80H [24;1H[24;9H #################################################################
[23;80H [24;1H[24;9H #################################################################
[23;80H [24;1H[24;9H #################################################################
[23;80H [24;1H[24;9H #################################################################
[23;80H [24;1H[24;9H #################################################################
[23;80H [24;1H[24;9H #################################################################
[23;80H [24;1H[24;9H #################################################################
[23;80H [24;1H[24;9H #################################################################
[23;80H [24;1H[24;9H #################################################################
[23;80H [24;1H[24;9H #################################################################
[23;80H [24;1H[24;9H #################################################################
[23;80H [24;1H[24;9H #################################################################
[23;80H [24;1H[24;9H #################################################################
[23;80H [24;1H[24;9H #################################################################
[23;80H [24;1H[24;9H #################################################################
[23;80H [24;1H[24;9H #################################################################
[23;80H [24;1H[24;9H #################################################################
[23;80H [24;1H[24;9H #################################################################
[23;80H [24;1H[24;9H #################################################################
[23;80H [24;1H[24;9H #################################################################
[23;80H [24;1H[24;9H #################################################################
[23;80H [24;1H[24;9H #################################################################
[23;80H [24;1H[24;9H #################################################################
[23;80H [24;1H[24;9H #################################################################
[23;80H [24;1H[24;9H #################################################################
[23;80H [24;1H[24;9H #################################################################
[23;80H [24;1H[24;9H #################################################################
[23;80H [24;1H[24;9H #################################################################
[23;80H [24;1H[24;9H #################################################################
[23;80H [24;1H[24;9H #################################################################
[23;80H [24;1H[24;9H #################################################################
[23;80H [24;1H[24;9H #################################################################
[23;80H [24;1H[24;9H #################################################################
[23;80H [24;1H[24;9H #################################################################
[23;80H [24;1H[24;9H #################################################################
[23;80H [24;1H[24;9H #################################################################
[23;80H [24;1H[24;9H #################################################################
[23;80H [24;1H[24;9H #################################################################
[23;80H [24;1H[24;9H #################################################################
[23;80H [24;1H[24;9H #################################################################
[23;80H [24;1H[24;9H #################################################################
[23;80H [24;1H[24;9H #################################################################
[23;80H [24;1H[24;9H #################################################################
[23;80H [24;1H[24;9H #################################################################
[23;80H [24;1H[24;9H #################################################################
[23;80H [24;1H[24;9H #################################################################
[23;80H [24;1H[24;9H #################################################################
[23;80H [24;1H[24;9H #################################################################
[23;80H [24;1H[24;9H #################################################################
[23;80H [24;1H[24;9H #################################################################
[23;80H [24;1H[24;9H #################################################################
[23;80H [24;1H[24;9H #################################################################
[23;80H [24;1H[24;9H #################################################################
[23;80H [24;1H[24;9H #################################################################
[23;80H [24;1H[24;9H #################################################################
[23;80H [24;1H[24;9H #################################################################
[23;80H [24;1H[24;9H #################################################################
[23;80H [24;1H[24;9H #################################################################
[23;80H [24;1H[24;9H #################################################################
[23;80H [24;1H[24;9H #################################################################
[23;80H [24;1H[24;9H #################################################################
[23;80H [24;1H[24;9H #################################################################
[23;80H [24;1H[24;9H #################################################################
[23;80H [24;1H[24;9H #################################################################
[23;80H [24;1H[24;9H #################################################################
[23;80H [24;1H[24;9H #################################################################
[23;80H [24;1H[24;9H #################################################################
[23;80H [24;1H[24;9H #################################################################
[23;80H [24;1H[24;9H #################################################################
[23;80H [24;1H[24;9H #################################################################
[23;80H [24;1H[24;9H #################################################################
[23;80H [24;1H[24;9H #################################################################
[23;80H [24;1H[24;9H #################################################################
[23;80H [24;1H[24;9H #################################################################
[23;80H [24;1H[24;9H #################################################################
[23;80H [24;1H[24;9H #################################################################
[23;80H [24;1H[24;9H #################################################################
[23;80H [24;1H[24;9H #################################################################
[23;80H [24;1H[24;9H #################################################################
[23;80H [24;1H[24;9H #################################################################
[23;80H [24;1H[24;9H #################################################################
[23;80H [24;1H[24;9H #################################################################
[23;80H [24;1H[24;9H #################################################################
[23;80H [24;1H[24;9H ######################################################
[23;80H [24;1H[24;9H 91 MB received
[23;80H [24;1H[24;9H #################################################################
[23;80H [24;1H[24;9H #################################################################
[23;80H [24;1H[24;9H #################################################################
[23;80H [24;1H[24;9H ##
[23;80H [24;1Hdone
[23;80H [24;1HBytes transferred = 99090432 (0x5e80000)nand erase 0x009c0000 0x5e90000

[23;80H [24;1HXZ-UBOOT # nand erase 0x009c0000 0x5e90000nand write 0x81000000 0x009c0000 0x5e90000

[23;80H [24;1H
[23;80H [24;1HNAND erase: device 0 offset 0x9c0000, size 0x5e90000
[23;80H [24;1HErasing at 0x9c0000 --   0% complete.Erasing at 0xaa0000 --   1% complete.Erasing at 0xba0000 --   2% complete.Erasing at 0xc80000 --   3% complete.Erasing at 0xd80000 --   4% complete.Erasing at 0xe60000 --   5% complete.Erasing at 0xf60000 --   6% complete.Erasing at 0x1040000 --   7% complete.Erasing at 0x1140000 --   8% complete.Erasing at 0x1240000 --   9% complete.Erasing at 0x1320000 --  10% complete.Erasing at 0x1420000 --  11% complete.Erasing at 0x1500000 --  12% complete.Erasing at 0x1600000 --  13% complete.Erasing at 0x16e0000 --  14% complete.Erasing at 0x17e0000 --  15% complete.Erasing at 0x18e0000 --  16% complete.Erasing at 0x19c0000 --  17% complete.Erasing at 0x1ac0000 --  18% complete.Erasing at 0x1ba0000 --  19% complete.Erasing at 0x1ca0000 --  20% complete.Erasing at 0x1d80000 --  21% complete.Erasing at 0x1e80000 --  22% complete.Erasing at 0x1f60000 --  23% complete.Erasing at 0x2060000 --  24% complete.Erasing at 0x2160000 --  25% complete.Erasing at 0x2240000 --  26% complete.Erasing at 0x2340000 --  27% complete.Erasing at 0x2420000 --  28% complete.Erasing at 0x2520000 --  29% complete.Erasing at 0x2600000 --  30% complete.Erasing at 0x2700000 --  31% complete.Erasing at 0x2800000 --  32% complete.Erasing at 0x28e0000 --  33% complete.Erasing at 0x29e0000 --  34% complete.Erasing at 0x2ac0000 --  35% complete.Erasing at 0x2bc0000 --  36% complete.Erasing at 0x2ca0000 --  37% complete.Erasing at 0x2da0000 --  38% complete.Erasing at 0x2ea0000 --  39% complete.Erasing at 0x2f80000 --  40% complete.Erasing at 0x3080000 --  41% complete.Erasing at 0x3160000 --  42% complete.Erasing at 0x3260000 --  43% complete.Erasing at 0x3340000 --  44% complete.Erasing at 0x3440000 --  45% complete.Erasing at 0x3520000 --  46% complete.Erasing at 0x3620000 --  47% complete.Erasing at 0x3720000 --  48% complete.Erasing at 0x3800000 --  49% complete.Erasing at 0x3900000 --  50% complete.Erasing at 0x39e0000 --  51% complete.Erasing at 0x3ae0000 --  52% complete.Erasing at 0x3bc0000 --  53% complete.Erasing at 0x3cc0000 --  54% complete.Erasing at 0x3dc0000 --  55% complete.Erasing at 0x3ea0000 --  56% complete.Erasing at 0x3fa0000 --  57% complete.Erasing at 0x4080000 --  58% complete.Erasing at 0x4180000 --  59% complete.Erasing at 0x4260000 --  60% complete.Erasing at 0x4360000 --  61% complete.Erasing at 0x4460000 --  62% complete.Erasing at 0x4540000 --  63% complete.Erasing at 0x4640000 --  64% complete.Erasing at 0x4720000 --  65% complete.Erasing at 0x4820000 --  66% complete.Erasing at 0x4900000 --  67% complete.Erasing at 0x4a00000 --  68% complete.Erasing at 0x4ae0000 --  69% complete.Erasing at 0x4be0000 --  70% complete.Erasing at 0x4ce0000 --  71% complete.Erasing at 0x4dc0000 --  72% complete.Erasing at 0x4ec0000 --  73% complete.Erasing at 0x4fa0000 --  74% complete.Erasing at 0x50a0000 --  75% complete.Erasing at 0x5180000 --  76% complete.Erasing at 0x5280000 --  77% complete.Erasing at 0x5380000 --  78% complete.Erasing at 0x5460000 --  79% complete.Erasing at 0x5560000 --  80% complete.Erasing at 0x5640000 --  81% complete.Erasing at 0x5740000 --  82% complete.Erasing at 0x5820000 --  83% complete.Erasing at 0x5920000 --  84% complete.Erasing at 0x5a20000 --  85% complete.Erasing at 0x5b00000 --  86% complete.Erasing at 0x5c00000 --  87% complete.Erasing at 0x5ce0000 --  88% complete.Erasing at 0x5de0000 --  89% complete.Erasing at 0x5ec0000 --  90% complete.Erasing at 0x5fc0000 --  91% complete.Erasing at 0x60a0000 --  92% complete.Erasing at 0x61a0000 --  93% complete.Erasing at 0x62a0000 --  94% complete.Erasing at 0x6380000 --  95% complete.Erasing at 0x6480000 --  96% complete.Erasing at 0x6560000 --  97% complete.Erasing at 0x6660000 --  98% complete.Erasing at 0x6740000 --  99% complete.Erasing at 0x6840000 -- 100% complete.
[23;80H [24;1HOK
[23;80H [24;1HXZ-UBOOT # nand write 0x81000000 0x009c0000 0x5e90000
[23;80H [24;1H
[23;80H [24;1HNAND write: device 0 offset 0x9c0000, size 0x5e90000
[23;80H [24;1H 99155968 bytes written: OKls


[23;80H [24;1HXZ-UBOOT # ls
[23;80H [24;1HUnknown command 'ls' - try 'help'
[23;80H [24;1HXZ-UBOOT # reset

[23;80H [24;1HXZ-UBOOT # reset
[23;80H [24;1Hresetting ...
[23;80H [24;1H
[23;80H [24;1H
[23;80H [24;1HU-Boot 2010.06 (Jul 29 2016 - 10:17:06)
[23;80H [24;1H
[23;80H [24;1HCDXZRS-GP rev 1.0
[23;80H [24;1H
[23;80H [24;1HI2C:   ready
[23;80H [24;1HDRAM:  2 GiB
[23;80H [24;1HNAND:  HW ECC BCH8 Selected
[23;80H [24;1H256 MiB
[23;80H [24;1HMMC:   OMAP SD/MMC: 0
[23;80H [24;1H:,;;:;:;;;;;;;;r;;:,;;:;:;;;;;;;;:,;;:;:;;;;;;;;:,;;:;:;;;;;;;;:;;;;;;;;:,;;:;:
[23;80H [24;1H;,;:::;;;;r;;;rssiSiS552X5252525259GX2X9hX9X9XX2325S55252i5:,;;:;:;;;;;;;;:,;;:
[23;80H [24;1H;:;;;;;;;rrssSsS52S22h52299GGAAMHMM#BBH#B#HMM#HMBA&&XX2255S2S5Si:,;;:;:;;;;;;;;
[23;80H [24;1H;:;;r;;rsrrriiXS5S329&A&MH#BMB#A&9XXA252GXiSXX39AAMMMBB&G22S5i2SSiiiisi:,;;:;:;
[23;80H [24;1H;;;;;r;rr2iisiih393HB#B#AA99i22irrrX3X52AGsisss2Xii2299HBMA&X2S5S5iSiisSsi:,;;:
[23;80H [24;1Hr:r;rrsrsihXSi2&##MHB&Ahh3AGHGA9G9h&#H##@@@##MAMMXXX9SSS29&&HGGX2i5iisiiisisi:,
[23;80H [24;1H;;rrrrsSiiiA&ABH&A9GAGhAhBAMHA9HM@@@@@@@@@@@@@@@@@@@HHhAh2S2SX9&Gh22SSiisiiisii
[23;80H [24;1Hr:rrssisiS2XM##&h3AGAX&3GG3Ssr5H@M#HM2; ;2X&&&MHMB###GBB#B&XXSSs529XX55iSsisisi
[23;80H [24;1Hr;rsrisSi2XHAhX99A3XXG&&XS;:,rH#HGhAS   @@@@3rs2XBM@@A552&&AHA2XiisSS252SSsisSs
[23;80H [24;1Hr;issi5S22&&3iSSX292&hXsr;;:;h@&G339&S9@@@@2@MA&9&HB##Xris29ABMAAX2ir;rsSi5iss5
[23;80H [24;1HrrsSi2XhG&9GXh399&X99i;;;;;;r#H&293H9X#@@@@@@@B&9GhAH@XrrsrsiXABHB&HG2rr;rrSiSi
[23;80H [24;1H;:rsisS599&AA9XG&3A35r;:::;,;BMh&&2iX5A@@@@@@@&392X5GB2;;;r;iSX393A##A&Xi:::rsi
[23;80H [24;1H;:rss552222X553&XHMhir;;::,:,h#HhGSXhG3#@@@@#AXXS2XAHA;::;;;;ss55XShBA3239r:,;;
[23;80H [24;1Hr;ii2S5SSi2i53hirsh2srr::,,,,;MMXX359&Ah3h&Si59SX99A#i:,::::;;sri2,.2r;:SGAr;,:
[23;80H [24;1H;:;rrrrssiriXGSi::shs;;;,,,:,,rBBA9h5s5h5iS5isi2SAHB5:,,,:::;rrs5&SrisSX5Srrr:,
[23;80H [24;1H;,r;;;;rsriSSrrrr;;5Xrr;;,:,,.,;9AA2SsisS5323XXXG9&i:.,,::;;r;;;srrrrrr;;:;::::
[23;80H [24;1H:,;r;r;rrissrrr;:;::;s;;;;,:,,..,r293h222hXXAAGGGX;:,,,:,:,::;:;::,:,,,,...,,,,
[23;80H [24;1H;,;;;;rrrrrrrrirr;,.,,:::::::,,,,.,;SX&ABAB2hhXir:,,.,,.,,:,,,,..,,,..,..,,,..:
[23;80H [24;1H:.:;:;;;:;;;;r;rrs;:.. ,,:::::,:,:,,.::rrsrr;;,,.......,..,....,,,,,,,...,.,,:,
[23;80H [24;1H:.:::,::::::;;r;rrr;:.......,.,.,,:::,,...............,,::.,,,,:,::,,:,:,,,:,;:
[23;80H [24;1H,.::,:,,,,,;;;;;;;;r;;::,..............................;;;:;::::,:::::::,:,:,,,
[23;80H [24;1H: ,,:,,,,,,,,,,,,,:;rrr;;:;,,,,,,,::,.,.:.,.,;s,:;;;;:;:;;;;;::::,:::,:::,:,:,:
[23;80H [24;1H,.,,,,,,,...,,.,,....................................:,............:,,,:,:,,,,,
[23;80H [24;1H
[23;80H [24;1HEricDebug uboot WDT timeout is 600 seconds 
[23;80H [24;1HNet:   set mac addr : b2:97: 0:27:aa:44
[23;80H [24;1Hset mac addr1 : b3:97: 0:27:aa:44
[23;80H [24;1HEthernet PHY: GENERIC @ 0x01
[23;80H [24;1Hreg 0x1B value = 9 
[23;80H [24;1HDaVinci EMAC
[23;80H [24;1HHit any key to stop autoboot:  1  0 
[23;80H [24;1H
[23;80H [24;1HNAND read:
 device 0 offset 0x580000, size 0x300000
[23;80H [24;1H 3145728 bytes read: OK
[23;80H [24;1H## Booting kernel from Legacy Image at 81000000 ...
[23;80H [24;1H   Image Name:   Linux-2.6.37
[23;80H [24;1H   Created:      2016-07-29   2:18:17 UTC
[23;80H [24;1H   Image Type:   ARM Linux Kernel Image (uncompressed)
[23;80H [24;1H   Data Size:    2351648 Bytes = 2.2 MiB
[23;80H [24;1H   Load Address: c0008000
[23;80H [24;1H   Entry Point:  c0008000
[23;80H [24;1H   Verifying Checksum ... OK
[23;80H [24;1H   Loading Kernel Image ... OK
[23;80H [24;1HOK
[23;80H [24;1H
[23;80H [24;1HStarting kernel ...
[23;80H [24;1H
[23;80H [24;1HLinux version 2.6.37 (hsw@ubuntu) (gcc version 4.5.3 20110311 (prerelease) (GCC[24;80H[24;80H[24;80H[24;80H[24;80H[24;80H[24;80H[24;80H[24;80H[24;80H[24;80H[24;80H[24;80H[24;80H[24;80H[24;80H[24;80H[24;80H[24;80H[24;80H[24;80H[24;80H[24;80H[24;80H[24;80H[24;80H[24;80H[24;80H[24;80H[24;80H[24;80H[24;80H[24;80H[24;80H[24;80H[24;80H
[23;80H6[24;1HCPU: ARMv7 Processor [413fc082] revision 2 (ARMv7), cr=10c53c7f
[23;80H [24;1HCPU: VIPT nonaliasing data cache, VIPT aliasing instruction cache
[23;80H [24;1HMachine: xzrs_ipnc
[23;80H [24;1Hvram size = 20971520 at 0x0
[23;80H [24;1Hti81xx_reserve: ### Reserved DDR region @dff00000
[23;80H [24;1Hreserved size = 20971520 at 0x0
[23;80H [24;1HFB: Reserving 20971520 bytes SDRAM for VRAM
[23;80H [24;1HMemory policy: ECC disabled, Data cache writeback
[23;80H [24;1HOMAP chip is TI8168 2.1
[23;80H [24;1HBuilt 1 zonelists in Zone order, mobility grouping on.  Total pages: 124672
[23;80H [24;1HKernel command line: mem=512M console=ttyO2,115200n8 rootwait=1 rw ubi.mtd=4,20[24;80H[24;80H[24;80H[24;80H[24;80H[24;80H[24;80H[24;80H[24;80H[24;80H[24;80H[24;80H[24;80H[24;80H[24;80H[24;80H[24;80H[24;80H[24;80H[24;80H[24;80H[24;80H[24;80H[24;80H[24;80H[24;80H[24;80H[24;80H[24;80H[24;80H[24;80H[24;80H[24;80H[24;80H[24;80H[24;80H[24;80H[24;80H[24;80H[24;80H[24;80H[24;80H[24;80H[24;80H[24;80H[24;80H[24;80H[24;80H[24;80H[24;80H[24;80H[24;80H[24;80H[24;80H[24;80H[24;80H[24;80H[24;80H[24;80H[24;80H[24;80H[24;80H[24;80H[24;80H[24;80H[24;80H[24;80H[24;80H[24;80H[24;80H[24;80H[24;80H[24;80H[24;80H[24;80H[24;80H[24;80H[24;80H[24;80H[24;80H[24;80H[24;80H[24;80H[24;80H[24;80H[24;80H[24;80H[24;80H[24;80H[24;80H[24;80H[24;80H[24;80H[24;80H[24;80H[24;80H[24;80H[24;80H[24;80H[24;80H[24;80H[24;80H[24;80H[24;80H[24;80H[24;80H[24;80H[24;80H[24;80H[24;80H[24;80H[24;80H[24;80H[24;80H[24;80H[24;80H[24;80H[24;80H[24;80H
[23;80HM[24;1HPID hash table entries: 2048 (order: 1, 8192 bytes)
[23;80H [24;1HDentry cache hash table entries: 65536 (order: 6, 262144 bytes)
[23;80H [24;1HInode-cache hash table entries: 32768 (order: 5, 131072 bytes)
[23;80H [24;1HMemory: 490MB 1MB = 491MB total
[23;80H [24;1HMemory: 493200k/493200k available, 31088k reserved, 72704K highmem
[23;80H [24;1HVirtual kernel memory layout:
[23;80H [24;1H    vector  : 0xffff0000 - 0xffff1000   (   4 kB)
[23;80H [24;1H    fixmap  : 0xfff00000 - 0xfffe0000   ( 896 kB)
[23;80H [24;1H    DMA     : 0xffc00000 - 0xffe00000   (   2 MB)
[23;80H [24;1H    vmalloc : 0xda800000 - 0xf8000000   ( 472 MB)
[23;80H [24;1H    lowmem  : 0xc0000000 - 0xda400000   ( 420 MB)
[23;80H [24;1H    pkmap   : 0xbfe00000 - 0xc0000000   (   2 MB)
[23;80H [24;1H    modules : 0xbf000000 - 0xbfe00000   (  14 MB)
[23;80H [24;1H      .init : 0xc0008000 - 0xc003c000   ( 208 kB)
[23;80H [24;1H      .text : 0xc003c000 - 0xc0472000   (4312 kB)
[23;80H [24;1H      .data : 0xc0472000 - 0xc04b5980   ( 271 kB)
[23;80H [24;1HSLUB: Genslabs=11, HWalign=64, Order=0-3, MinObjects=0, CPUs=1, Nodes=1
[23;80H [24;1HNR_IRQS:375
[23;80H [24;1HIRQ: Found an INTC at 0xfa200000 (revision 5.0) with 128 interrupts
[23;80H [24;1HTotal of 128 interrupts on 1 active controller
[23;80H [24;1HGPMC revision 6.0
[23;80H [24;1HTrying to install interrupt handler for IRQ368
[23;80H [24;1HTrying to install interrupt handler for IRQ369
[23;80H [24;1HTrying to install interrupt handler for IRQ370
[23;80H [24;1HTrying to install interrupt handler for IRQ371
[23;80H [24;1HTrying to install interrupt handler for IRQ372
[23;80H [24;1HTrying to install interrupt handler for IRQ373
[23;80H [24;1HTrying to install interrupt handler for IRQ374
[23;80H [24;1HTrying to install type control for IRQ375
[23;80H [24;1HTrying to set irq flags for IRQ375
[23;80H [24;1HOMAP clockevent source: GPTIMER1 at 27000000 Hz
[23;80H [24;1HConsole: colour dummy device 80x30
[23;80H [24;1HCalibrating delay loop... 986.31 BogoMIPS (lpj=4931584)
[23;80H [24;1Hpid_max: default: 32768 minimum: 301
[23;80H [24;1HSecurity Framework initialized
[23;80H [24;1HMount-cache hash table entries: 512
[23;80H [24;1HCPU: Testing write buffer coherency: ok
[23;80H [24;1Hdevtmpfs: initialized
[23;80H [24;1HTI81XX: Map 0xdff00000 to 0xfe500000 for dram barrier
[23;80H [24;1HTI81XX: Map 0x40300000 to 0xfe600000 for sram barrier
[23;80H [24;1Homap_voltage_early_init: voltage driver support not added
[23;80H [24;1Hregulator: core version 0.5
[23;80H [24;1Hregulator: dummy: 
[23;80H [24;1HNET: Registered protocol family 16
[23;80H [24;1Homap_voltage_domain_lookup: Voltage driver init not yet happened.Faulting!
[23;80H [24;1Homap_voltage_add_dev: VDD specified does not exist!
[23;80H [24;1HOMAP GPIO hardware version 0.1
[23;80H [24;1HOMAP GPIO hardware version 0.1
[23;80H [24;1Homap_mux_init: Add partition: #1: core, flags: 0
[23;80H [24;1H_omap_mux_get_by_name: Could not find signal i2c2_scl.i2c2_scl
[23;80H [24;1H_omap_mux_get_by_name: Could not find signal i2c2_sda.i2c2_sda
[23;80H [24;1Hpm_dbg_init: only OMAP3 supported
[23;80H [24;1Hregistered ti81xx_vpss device
[23;80H [24;1Hregistered ti81xx_vidout device
[23;80H [24;1Hregistered ti81xx on-chip HDMI device
[23;80H [24;1Hregistered ti81xx_fb device
[23;80H [24;1HNSS Crypto DMA hardware revision 1.9 @ IRQ 116
[23;80H [24;1Hbio: create slab <bio-0> at 0
[23;80H [24;1HSCSI subsystem initialized
[23;80H [24;1Homap_i2c omap_i2c.1: bus 1 rev4.0 at 100 kHz
[23;80H [24;1Homap_i2c omap_i2c.2: bus 2 rev4.0 at 100 kHz
[23;80H [24;1HSwitching to clocksource gp timer
[23;80H [24;1HNET: Registered protocol family 2
[23;80H [24;1HIP route cache hash table entries: 4096 (order: 2, 16384 bytes)
[23;80H [24;1HTCP established hash table entries: 16384 (order: 5, 131072 bytes)
[23;80H [24;1HTCP bind hash table entries: 16384 (order: 4, 65536 bytes)
[23;80H [24;1HTCP: Hash tables configured (established 16384 bind 16384)
[23;80H [24;1HTCP reno registered
[23;80H [24;1HUDP hash table entries: 256 (order: 0, 4096 bytes)
[23;80H [24;1HUDP-Lite hash table entries: 256 (order: 0, 4096 bytes)
[23;80H [24;1HNET: Registered protocol family 1
[23;80H [24;1HRPC: Registered udp transport module.
[23;80H [24;1HRPC: Registered tcp transport module.
[23;80H [24;1HRPC: Registered tcp NFSv4.1 backchannel transport module.
[23;80H [24;1HNetWinder Floating Point Emulator V0.97 (double precision)
[23;80H [24;1HPMU: registered new PMU device of type 0
[23;80H [24;1Homap-iommu omap-iommu.0: ducati registered
[23;80H [24;1Homap-iommu omap-iommu.1: sys registered
[23;80H [24;1Hhighmem bounce pool size: 64 pages
[23;80H [24;1HJFFS2 version 2.2. (NAND) ÂÂ© 2001-2006 Red Hat, Inc.
[23;80H [24;1Hmsgmni has been set to 821
[23;80H [24;1Halg: No test for stdrng (krng)
[23;80H [24;1Hio scheduler noop registered
[23;80H [24;1Hio scheduler deadline registered
[23;80H [24;1Hio scheduler cfq registered (default)
[23;80H [24;1Hnss_rng nss_rng: NSS Random Number Generator ver. 2.0
[23;80H [24;1HSerial: 8250/16550 driver, 4 ports, IRQ sharing enabled
[23;80H [24;1Homap_uart.0: ttyO0 at MMIO 0x48020000 (irq = 72) is a OMAP UART0
[23;80H [24;1Homap_uart.1: ttyO1 at MMIO 0x48022000 (irq = 73) is a OMAP UART1
[23;80H [24;1Homap_uart.2: ttyO2 at MMIO 0x48024000 (irq = 74) is a OMAP UART2
[23;80H [24;1Hconsole [ttyO2] enabled
[23;80H [24;1Hbrd: module loaded
[23;80H [24;1Hloop: module loaded
[23;80H [24;1Homap2-nand driver initializing
[23;80H [24;1HNAND device: Maf ID: 0xec, Chip ID: 0xda (Samsung, )
[23;80H [24;1H erasesize: 0x20000, writesize: 2048, oobsize: 64
[23;80H [24;1Homap2-nand: detected x8 NAND flash 
[23;80H [24;1HCreating 6 MTD partitions on "omap2-nand.0":
[23;80H [24;1H0x000000000000-0x000000240000 : "U-Boot"
[23;80H [24;1H0x000000240000-0x000000280000 : "U-Boot Env"
[23;80H [24;1H0x000000280000-0x000000580000 : "U-Boot Logo"
[23;80H [24;1H0x000000580000-0x0000009c0000 : "Kernel"
[23;80H [24;1H0x0000009c0000-0x00000d1e0000 : "File System"
[23;80H [24;1H0x00000d1e0000-0x000010000000 : "Reserved"
[23;80H [24;1HUBI: attaching mtd4 to ubi0
[23;80H [24;1HUBI: physical eraseblock size:   131072 bytes (128 KiB)
[23;80H [24;1HUBI: logical eraseblock size:    126976 bytes
[23;80H [24;1HUBI: smallest flash I/O unit:    2048
[23;80H [24;1HUBI: sub-page size:              512
[23;80H [24;1HUBI: VID header offset:          2048 (aligned 2048)
[23;80H [24;1HUBI: data offset:                4096
[23;80H [24;1HUBI: max. sequence number:       0
[23;80H [24;1HUBI warning: print_rsvd_warning: cannot reserve enough PEBs for bad PEB handlin[24;80H[24;80H[24;80H[24;80H[24;80H[24;80H[24;80H[24;80H[24;80H[24;80H[24;80H[24;80H[24;80H[24;80H[24;80H[24;80H[24;80H[24;80H[24;80H[24;80H[24;80H[24;80H[24;80H
[23;80H6[24;1HUBI: volume 0 ("rootfs") re-sized from 1586 to 1586 LEBs
[23;80H [24;1HUBI: attached mtd4 to ubi0
[23;80H [24;1HUBI: MTD device name:            "File System"
[23;80H [24;1HUBI: MTD device size:            200 MiB
[23;80H [24;1HUBI: number of good PEBs:        1601
[23;80H [24;1HUBI: number of bad PEBs:         0
[23;80H [24;1HUBI: number of corrupted PEBs:   0
[23;80H [24;1HUBI: max. allowed volumes:       128
[23;80H [24;1HUBI: wear-leveling threshold:    4096
[23;80H [24;1HUBI: number of internal volumes: 1
[23;80H [24;1HUBI: number of user volumes:     1
[23;80H [24;1HUBI: available PEBs:             0
[23;80H [24;1HUBI: total number of reserved PEBs: 1601
[23;80H [24;1HUBI: number of PEBs reserved for bad PEB handling: 11
[23;80H [24;1HUBI: max/mean erase counter: 1/0
[23;80H [24;1HUBI: image sequence number:  1139334063
[23;80H [24;1HUBI: background thread "ubi_bgt0d" started, PID 39
[23;80H [24;1Hdavinci_mdio davinci_mdio.0: davinci mdio revision 1.6
[23;80H [24;1Hdavinci_mdio davinci_mdio.0: detected phy mask fffffffd
[23;80H [24;1Hdavinci_mdio.0: probed
[23;80H [24;1Hdavinci_mdio davinci_mdio.0: phy[1]: device 0:01, driver ET1011C
[23;80H [24;1Hmice: PS/2 mouse device common for all mice
[23;80H [24;1Hrtc-ds1307 1-0068: rtc core: registered ds1337 as rtc0
[23;80H [24;1Homap_rtc omap_rtc: rtc core: registered omap_rtc as rtc1
[23;80H [24;1Hi2c /dev entries driver
[23;80H [24;1HLinux video capture interface: v2.00
[23;80H [24;1HOMAP Watchdog Timer Rev 0x00: initial timeout 0 sec
[23;80H [24;1Hnss_aes_mod_init: loading NSS AES driver
[23;80H [24;1Hnss-aes nss-aes: NSS AES hw accel rev: 3.2 (context 0 @0x41140000)
[23;80H [24;1Hnss-aes nss-aes: NSS AES hw accel rev: 3.2 (context 1 @0x41141000)
[23;80H [24;1Hnss-aes nss-aes: NSS AES hw accel rev: 3.2 (context 2 @0x411a0000)
[23;80H [24;1Hnss-aes nss-aes: NSS AES hw accel rev: 3.2 (context 3 @0x411a1000)
[23;80H [24;1Hnss_aes_probe: probe() done
[23;80H [24;1Hnss_des_mod_init: loading NSS DES driver
[23;80H [24;1Hnss-des nss-des: NSS DES hw accel rev: 2.2 (context 0 @0x41160000)
[23;80H [24;1Hnss-des nss-des: NSS DES hw accel rev: 2.2 (context 1 @0x41161000)
[23;80H [24;1Hnss_des_probe: probe() done
[23;80H [24;1Hnss_sham_mod_init: loading NSS SHA/MD5 driver
[23;80H [24;1Hnss-sham nss-sham: NSS SHA/MD5 hw accel rev: 4.03 (context 0 @0x41100000)
[23;80H [24;1Hnss-sham nss-sham: NSS SHA/MD5 hw accel rev: 4.03 (context 1 @0x41101000)
[23;80H [24;1Hnss-sham nss-sham: NSS SHA/MD5 hw accel rev: 4.03 (context 2 @0x411c0000)
[23;80H [24;1Hnss-sham nss-sham: NSS SHA/MD5 hw accel rev: 4.03 (context 3 @0x411c1000)
[23;80H [24;1Hnss_sham_probe: probe() done
[23;80H [24;1Hnotify_init : notify drivercreated  for  remote proc id 2 at physical Address 0[24;80H[24;80H[24;80H[24;80H[24;80H[24;80H[24;80H[24;80H[24;80H
[23;80H0[24;1Hoprofile: hardware counters not available
[23;80H [24;1Hoprofile: using timer interrupt.
[23;80H [24;1HTCP cubic registered
[23;80H [24;1HNET: Registered protocol family 17
[23;80H [24;1HVFP support v0.3: implementor 41 architecture 3 part 30 variant c rev 3
[23;80H [24;1Homap_voltage_late_init: Voltage driver support not added
[23;80H [24;1HPower Management for TI81XX.
[23;80H [24;1Hrtc-ds1307 1-0068: setting system clock to 2016-08-31 12:24:11 UTC (1472646251)
[23;80H [24;1Hmmc0: new high speed SDHC card at address 1234
[23;80H [24;1Hmmcblk0: mmc0:1234 SA08G 7.21 GiB 
[23;80H [24;1H mmcblk0: p1
[23;80H [24;1Hdavinci_mdio davinci_mdio.0: resetting idled controller
[23;80H [24;1HDaVinci EMAC: EricDebug Kernel EMAC add LED configure
[23;80H [24;1HEricDebug  Kernel EMAC: davinci_mdio_write, 217, data = 0xffff
[23;80H [24;1HDaVinci EMAC: EricDebug Kernel EMAC add LED configure ret= 0
[23;80H [24;1Hnet eth0: attached PHY driver [ET1011C] (mii_bus:phy_addr=0:01, id=282f014)
[23;80H [24;1HIP-Config: Guessing netmask 255.255.255.0
[23;80H [24;1HIP-Config: Complete:
[23;80H [24;1H     device=eth0, addr=192.168.1.210, mask=255.255.255.0, gw=255.255.255.255,
[23;80H [24;1H     host=192.168.1.210, domain=, nis-domain=(none),
[23;80H [24;1H     bootserver=255.255.255.255, rootserver=255.255.255.255, rootpath=
[23;80H [24;1HUBIFS: start fixing up free space
[23;80H [24;1HPHY: 0:01 - Link is Up - 100/Full
[23;80H [24;1HUBIFS: free space fixup complete
[23;80H [24;1HUBIFS: mounted UBI device 0, volume 0, name "rootfs"
[23;80H [24;1HUBIFS: file system size:   199225344 bytes (194556 KiB, 189 MiB, 1569 LEBs)
[23;80H [24;1HUBIFS: journal size:       9023488 bytes (8812 KiB, 8 MiB, 72 LEBs)
[23;80H [24;1HUBIFS: media format:       w4/r0 (latest is w4/r0)
[23;80H [24;1HUBIFS: default compressor: lzo
[23;80H [24;1HUBIFS: reserved for root:  0 bytes (0 KiB)
[23;80H [24;1HVFS: Mounted root (ubifs filesystem) on device 0:14.
[23;80H [24;1Hdevtmpfs: mounted
[23;80H [24;1HFreeing init memory: 208K
[23;80H [24;1HINIT: version 2.88 booting
[23;80H [24;1H Mounting /dev/shm              :  Mounting /dev/pts          :  Mounting other[24;80H[24;80H[24;80H[24;80H[24;80H[24;80H[24;80H[24;80H[24;80H[24;80H[24;80H[24;80H[24;80H[24;80H[24;80H[24;80H[24;80H[24;80H[24;80H[24;80H[24;80H[24;80H[24;80H[24;80H[24;80H[24;80H[24;80H[24;80H[24;80H[24;80H[24;80H[24;80H[24;80H[24;80H[24;80H[24;80H[24;80H[24;80H[24;80H[24;80H[24;80H[24;80H[24;80H[24;80H[24;80H[24;80H[24;80H[24;80H[24;80H[24;80H[24;80H[24;80H[24;80H[24;80H[24;80H[24;80H[24;80H[24;80H[24;80H[24;80H[24;80H[24;80H[24;80H[24;80H[24;80H[24;80H[24;80H[24;80H[24;80H[24;80H[24;80H[24;80H[24;80H[24;80H[24;80H[24;80H[24;80H[24;80H[24;80H[24;80H[24;80H[24;80H[24;80H[24;80H[24;80H[24;80H[24;80H
[23;80Hy[24;1HSync command ...Error opening /dev/fb0: No such file or directory
[23;80H [24;1HStarting udev
[23;80H [24;1Hudev[98]: starting version 164
[23;80H [24;1HEXT3-fs: barriers not enabled
[23;80H [24;1Hkjournald starting.  Commit interval 5 seconds
[23;80H [24;1HEXT3-fs (mmcblk0p1): using internal journal
[23;80H [24;1HEXT3-fs (mmcblk0p1): mounted filesystem with writeback data mode
[23;80H [24;1HStarting Bootlog daemon: bootlogd.
[23;80H [24;1HApplying sync command
[23;80H [24;1H/dev/mmcblk0p1 on /media/mmcblk0p1 type ext3 (rw,relatime,errors=continue,user_[24;80H[24;80H[24;80H[24;80H[24;80H[24;80H[24;80H[24;80H[24;80H[24;80H[24;80H[24;80H[24;80H[24;80H[24;80H[24;80H[24;80H[24;80H[24;80H[24;80H[24;80H[24;80H[24;80H[24;80H[24;80H[24;80H[24;80H[24;80H[24;80H[24;80H[24;80H[24;80H[24;80H[24;80H[24;80H
[23;80H)[24;1Hsystem SDcard exist !
[23;80H [24;1H-------------------Start XZRS application-------------
[23;80H [24;1H+++++++++++++++++++++++main,122++++++++++++++++++++++++
[23;80H [24;1H*** Bootargs Validated for mem param ***
[23;80H [24;1H*** Bootargs Validated for notifyk.vpssm3 params ***
[23;80H [24;1H*** Kernel Base address validated ***
[23;80H [24;1HKernel bootargs validated
[23;80H [24;1Hamixer: Control default open error: No such file or directory
[23;80H [24;1H
[23;80H [24;1Hamixer: Control default open error: No such file or directory
[23;80H [24;1H
[23;80H [24;1HSysLink version : 2.20.02.20
[23;80H [24;1HSysLink module created on Date:Jul 29 2016 Time:10:09:42
[23;80H [24;1HTrace enabled
[23;80H [24;1HTrace SetFailureReason enabled
[23;80H [24;1H Setting DMM priority for [DUCATI  ] to [0] ( 0x4e000624 = 0x08000000 )
[23;80H [24;1H Setting DMM priority for [HDVICP0 ] to [2] ( 0x4e000634 = 0x0000000a )
[23;80H [24;1H Setting DMM priority for [HDVICP1 ] to [2] ( 0x4e000634 = 0x000a0000 )
[23;80H [24;1H Setting DMM priority for [HDVICP2 ] to [2] ( 0x4e000634 = 0x00a00000 )
[23;80H [24;1H/dev/mmcblk0p1 on /media/mmcblk0p1 type ext3 (rw,relatime,errors=continue,user_[24;80H[24;80H[24;80H[24;80H[24;80H[24;80H[24;80H[24;80H[24;80H[24;80H[24;80H[24;80H[24;80H[24;80H[24;80H[24;80H[24;80H[24;80H[24;80H[24;80H[24;80H[24;80H[24;80H[24;80H[24;80H[24;80H[24;80H[24;80H[24;80H[24;80H[24;80H[24;80H[24;80H[24;80H[24;80H
[23;80H)[24;1HRecovery will remove database!
[23;80H [24;1HSDcard backup database file didn't exist !
[23;80H [24;1H./write_default_db to create a default database file!
[23;80H [24;1Heth0,This is a test, 
[23;80H [24;1HSDcard appconfig database file didn't exist, will create a default database fil[24;80H
[23;80He[24;1Hcp /media/mmcblk0p1/backup/config.db /media/mmcblk0p1/appconfig/config.db !
[23;80H [24;1HSDcard backup log4plus configuration file didn't exist, will create a default c[24;80H[24;80H[24;80H[24;80H[24;80H[24;80H[24;80H[24;80H[24;80H[24;80H[24;80H[24;80H[24;80H[24;80H[24;80H[24;80H[24;80H
[23;80He[24;1HSDcard appconfig log4plus configuration file didn't exist, will create a defaul[24;80H[24;80H[24;80H[24;80H[24;80H[24;80H[24;80H[24;80H[24;80H[24;80H[24;80H[24;80H[24;80H[24;80H[24;80H[24;80H[24;80H[24;80H[24;80H[24;80H
[23;80He[24;1HAttached to slave procId 2.
[23;80H [24;1HLoaded file ../firmware/dvr_rdk_fw_m3vpss_2048M_512M.xem3 on slave procId 2.
[23;80H [24;1HStarted slave procId 2.
[23;80H [24;1HAfter Ipc_loadcallback status [0x00000000]
[23;80H [24;1HAfter Ipc_startcallback status [0x00000000]
[23;80H [24;1HAttached to slave procId 1.
[23;80H [24;1HDMA: Module install successful, device major num = 250 
[23;80H [24;1HDRV: Module install successful
[23;80H [24;1HDRV: Module built on Jul 29 2016 10:09:58 
[23;80H [24;1H [c6xdsp ] Remote Debug Shared Memory @ 0xbfd00000
[23;80H [24;1H [m3video] Remote Debug Shared Memory @ 0xbfd10820
[23;80H [24;1H [m3vpss ] Remote Debug Shared Memory @ 0xbfd21040
[23;80H [24;1H

[23;80H [24;1HLoaded file ../firmware/dvr_rdk_fw_m3video_2048M_512M.xem3 on slave procId 1.
[23;80H [24;1HStarted slave procId 1.
[23;80H [24;1HAfter Ipc_loadcallback status [0x00000000]
[23;80H [24;1HAfter Ipc_startcallback status [0x00000000]
[23;80H [24;1HAttached to slave procId 0.
[23;80H [24;1HLoaded file ../firmware/dvr_rdk_fw_c6xdsp_2048M_512M.xe674 on slave procId 0.
[23;80H [24;1HStarted slave procId 0.
[23;80H [24;1HAfter Ipc_loadcallback status [0x00000000]
[23;80H [24;1HAfter Ipc_startcallback status [0x00000000]
[23;80H [24;1H [m3vpss ] Received character 's'
[23;80H [24;1H [c6xdsp ] Remote Debug Shared Memory @ 0xbfd00000
[23;80H [24;1H [m3video] Remote Debug Shared Memory @ 0xbfd10820
[23;80H [24;1H [m3vpss ] Remote Debug Shared Memory @ 0xbfd21040
[23;80H [24;1H [m3video] Received character 's'
[23;80H [24;1H [c6xdsp ] Remote Debug Shared Memory @ 0xbfd00000
[23;80H [24;1H [m3video] Remote Debug Shared Memory @ 0xbfd10820
[23;80H [24;1H [m3vpss ] Remote Debug Shared Memory @ 0xbfd21040
[23;80H [24;1H [c6xdsp ] Received character 's'
[23;80H [24;1H/opt/dvr_rdk/ti816x
[23;80H [24;1H[module] vpss probe done.
[23;80H [24;1H[module] ti81xxfb probe done.
[23;80H [24;1HHDMI W1 rev 2.0
[23;80H [24;1HHDMI CEC Spec version 1.2
[23;80H [24;1HI2C No Ack
[23;80H [24;1H
[23;80H [24;1HHDMI failed to read E-EDID
[23;80H [24;1HEricDebug  Kernel EMAC: davinci_mdio_write, 217, data = 0xa4ff
[23;80H [24;1H 
[23;80H [24;1H ORG 0x46c00524: 0
[23;80H [24;1H NEW 0x46c00524: 2
[23;80H [24;1H 
[23;80H [24;1H
[23;80H [24;1H                         #####    ###     ###
[23;80H [24;1H #    #     #    #    # #     #  #   #   #   #
[23;80H [24;1H  #  #      #    ##   #       # # #   # # #   #
[23;80H [24;1H   ##       #    # #  #  #####  #  #  # #  #  #
[23;80H [24;1H   ##       #    #  # #       # #   # # #   # #
[23;80H [24;1H  #  #      #    #   ## #     #  #   #   #   #
[23;80H [24;1H #    #     #    #    #  #####    ###     ###
[23;80H [24;1H
[23;80H [24;1HXZRS http://cdxzrs.com xzrs ttyO2
[23;80H [24;1H
[23;80H [24;1Hxzrs login: root
root
[23;80H [24;17HPassword: xzrsP@ssw0rd

[23;80H [24;1Hroot@xzrs:~#