
Lockfile is stale. Overriding it..

[!p[?3;4l[4l>[0m(B[?1h=[H[2J[?12l[?25h
Welcome to minicom 2.7

OPTIONS: I18n 
Compiled on Jan  1 2014, 17:13:19.
Port /dev/ttyUSB1, 11:27:04

Press CTRL-A Z for help on special keys



U-Boot 2010.06 (Jan 06 2016 - 09:51:51)

CDXZRS-GP rev 1.0

I2C:   ready
DRAM:  2 GiB
NAND:  HW ECC BCH8 Selected
256 MiB
MMC:   OMAP SD/MMC: 0
:,;;:;:;;;;;;;;r;;:,;;:;:;;;;;;;;:,;;:;:;;;;;;;;:,;;:;:;;;;;;;;:;;;;;;;;:,;;:;:
;,;:::;;;;r;;;rssiSiS552X5252525259GX2X9hX9X9XX2325S55252i5:,;;:;:;;;;;;;;:,;;:
;:;;;;;;;rrssSsS52S22h52299GGAAMHMM#BBH#B#HMM#HMBA&&XX2255S2S5Si:,;;:;:;;;;;;;;
;:;;r;;rsrrriiXS5S329&A&MH#BMB#A&9XXA252GXiSXX39AAMMMBB&G22S5i2SSiiiisi:,;;:;:;
[23;80H [24;1H;;;;;r;rr2iisiih393HB#B#AA99i22irrrX3X52AGsisss2Xii2299HBMA&X2S5S5iSiisSsi:,;;:
[23;80H [24;1Hr:r;rrsrsihXSi2&##MHB&Ahh3AGHGA9G9h&#H##@@@##MAMMXXX9SSS29&&HGGX2i5iisiiisisi:,
[23;80H [24;1H;;rrrrsSiiiA&ABH&A9GAGhAhBAMHA9HM@@@@@@@@@@@@@@@@@@@HHhAh2S2SX9&Gh22SSiisiiisii
[23;80H [24;1Hr:rrssisiS2XM##&h3AGAX&3GG3Ssr5H@M#HM2; ;2X&&&MHMB###GBB#B&XXSSs529XX55iSsisisi
[23;80H [24;1Hr;rsrisSi2XHAhX99A3XXG&&XS;:,rH#HGhAS   @@@@3rs2XBM@@A552&&AHA2XiisSS252SSsisSs
[23;80H [24;1Hr;issi5S22&&3iSSX292&hXsr;;:;h@&G339&S9@@@@2@MA&9&HB##Xris29ABMAAX2ir;rsSi5iss5
[23;80H [24;1HrrsSi2XhG&9GXh399&X99i;;;;;;r#H&293H9X#@@@@@@@B&9GhAH@XrrsrsiXABHB&HG2rr;rrSiSi
[23;80H [24;1H;:rsisS599&AA9XG&3A35r;:::;,;BMh&&2iX5A@@@@@@@&392X5GB2;;;r;iSX393A##A&Xi:::rsi
[23;80H [24;1H;:rss552222X553&XHMhir;;::,:,h#HhGSXhG3#@@@@#AXXS2XAHA;::;;;;ss55XShBA3239r:,;;
[23;80H [24;1Hr;ii2S5SSi2i53hirsh2srr::,,,,;MMXX359&Ah3h&Si59SX99A#i:,::::;;sri2,.2r;:SGAr;,:
[23;80H [24;1H;:;rrrrssiriXGSi::shs;;;,,,:,,rBBA9h5s5h5iS5isi2SAHB5:,,,:::;rrs5&SrisSX5Srrr:,
[23;80H [24;1H;,r;;;;rsriSSrrrr;;5Xrr;;,:,,.,;9AA2SsisS5323XXXG9&i:.,,::;;r;;;srrrrrr;;:;::::
[23;80H [24;1H:,;r;r;rrissrrr;:;::;s;;;;,:,,..,r293h222hXXAAGGGX;:,,,:,:,::;:;::,:,,,,...,,,,
[23;80H [24;1H;,;;;;rrrrrrrrirr;,.,,:::::::,,,,.,;SX&ABAB2hhXir:,,.,,.,,:,,,,..,,,..,..,,,..:
[23;80H [24;1H:.:;:;;;:;;;;r;rrs;:.. ,,:::::,:,:,,.::rrsrr;;,,.......,..,....,,,,,,,...,.,,:,
[23;80H [24;1H:.:::,::::::;;r;rrr;:.......,.,.,,:::,,...............,,::.,,,,:,::,,:,:,,,:,;:
[23;80H [24;1H,.::,:,,,,,;;;;;;;;r;;::,..............................;;;:;::::,:::::::,:,:,,,
[23;80H [24;1H: ,,:,,,,,,,,,,,,,:;rrr;;:;,,,,,,,::,.,.:.,.,;s,:;;;;:;:;;;;;::::,:::,:::,:,:,:
[23;80H [24;1H,.,,,,,,,...,,.,,....................................:,............:,,,:,:,,,,,
[23;80H [24;1H
[23;80H [24;1HEricDebug uboot WDT timeout is 600 seconds 
[23;80H [24;1HNet:   set mac addr : 70:74: 0:27:aa:44
[23;80H [24;1Hset mac addr1 : 71:74: 0:27:aa:44
[23;80H [24;1HEthernet PHY: GENERIC @ 0x01
[23;80H [24;1HDaVinci EMAC
[23;80H [24;1HHit any key to stop autoboot:  1  0 
[23;80H [24;1H
[23;80H [24;1HNAND read: device 0 offset 0x580000, size 0x300000
[23;80H [24;1H 3145728 bytes read: OK
[23;80H [24;1H## Booting kernel from Legacy Image at 81000000 ...
[23;80H [24;1H   Image Name:   Linux-2.6.37
[23;80H [24;1H   Created:      2016-04-15   2:48:48 UTC
[23;80H [24;1H   Image Type:   ARM Linux Kernel Image (uncompressed)
[23;80H [24;1H   Data Size:    2357152 Bytes = 2.2 MiB
[23;80H [24;1H   Load Address: c0008000
[23;80H [24;1H   Entry Point:  c0008000
[23;80H [24;1H   Verifying Checksum ... OK
[23;80H [24;1H   Loading Kernel Image ... OK
[23;80H [24;1HOK
[23;80H [24;1H
[23;80H [24;1HStarting kernel ...
[23;80H [24;1H
[23;80H [24;1HLinux version 2.6.37 (hsw@ubuntu) (gcc version 4.5.3 20110311 (prerelease) (GCC[24;80H[24;80H[24;80H[24;80H[24;80H[24;80H[24;80H[24;80H[24;80H[24;80H[24;80H[24;80H[24;80H[24;80H[24;80H[24;80H[24;80H[24;80H[24;80H[24;80H[24;80H[24;80H[24;80H[24;80H[24;80H[24;80H[24;80H[24;80H[24;80H[24;80H[24;80H[24;80H[24;80H[24;80H[24;80H[24;80H
[23;80H6[24;1HCPU: ARMv7 Processor [413fc082] revision 2 (ARMv7), cr=10c53c7f
[23;80H [24;1HCPU: VIPT nonaliasing data cache, VIPT aliasing instruction cache
[23;80H [24;1HMachine: xzrs_ipnc
[23;80H [24;1Hvram size = 20971520 at 0x0
[23;80H [24;1Hti81xx_reserve: ### Reserved DDR region @dff00000
[23;80H [24;1Hreserved size = 20971520 at 0x0
[23;80H [24;1HFB: Reserving 20971520 bytes SDRAM for VRAM
[23;80H [24;1HMemory policy: ECC disabled, Data cache writeback
[23;80H [24;1HOMAP chip is TI8168 2.1
[23;80H [24;1HBuilt 1 zonelists in Zone order, mobility grouping on.  Total pages: 124672
[23;80H [24;1HKernel command line: mem=512M console=ttyO2,115200n8 rootwait=1 rw ubi.mtd=4,20[24;80H[24;80H[24;80H[24;80H[24;80H[24;80H[24;80H[24;80H[24;80H[24;80H[24;80H[24;80H[24;80H[24;80H[24;80H[24;80H[24;80H[24;80H[24;80H[24;80H[24;80H[24;80H[24;80H[24;80H[24;80H[24;80H[24;80H[24;80H[24;80H[24;80H[24;80H[24;80H[24;80H[24;80H[24;80H[24;80H[24;80H[24;80H[24;80H[24;80H[24;80H[24;80H[24;80H[24;80H[24;80H[24;80H[24;80H[24;80H[24;80H[24;80H[24;80H[24;80H[24;80H[24;80H[24;80H[24;80H[24;80H[24;80H[24;80H[24;80H[24;80H[24;80H[24;80H[24;80H[24;80H[24;80H[24;80H[24;80H[24;80H[24;80H[24;80H[24;80H[24;80H[24;80H[24;80H[24;80H[24;80H[24;80H[24;80H[24;80H[24;80H[24;80H[24;80H[24;80H[24;80H[24;80H[24;80H[24;80H[24;80H[24;80H[24;80H[24;80H[24;80H[24;80H[24;80H[24;80H[24;80H[24;80H[24;80H[24;80H[24;80H[24;80H[24;80H[24;80H[24;80H[24;80H[24;80H[24;80H[24;80H[24;80H[24;80H[24;80H[24;80H[24;80H[24;80H[24;80H
[23;80HM[24;1HPID hash table entries: 2048 (order: 1, 8192 bytes)
[23;80H [24;1HDentry cache hash table entries: 65536 (order: 6, 262144 bytes)
[23;80H [24;1HInode-cache hash table entries: 32768 (order: 5, 131072 bytes)
[23;80H [24;1HMemory: 490MB 1MB = 491MB total
[23;80H [24;1HMemory: 493192k/493192k available, 31096k reserved, 72704K highmem
[23;80H [24;1HVirtual kernel memory layout:
[23;80H [24;1H    vector  : 0xffff0000 - 0xffff1000   (   4 kB)
[23;80H [24;1H    fixmap  : 0xfff00000 - 0xfffe0000   ( 896 kB)
[23;80H [24;1H    DMA     : 0xffc00000 - 0xffe00000   (   2 MB)
[23;80H [24;1H    vmalloc : 0xda800000 - 0xf8000000   ( 472 MB)
[23;80H [24;1H    lowmem  : 0xc0000000 - 0xda400000   ( 420 MB)
[23;80H [24;1H    pkmap   : 0xbfe00000 - 0xc0000000   (   2 MB)
[23;80H [24;1H    modules : 0xbf000000 - 0xbfe00000   (  14 MB)
[23;80H [24;1H      .init : 0xc0008000 - 0xc003d000   ( 212 kB)
[23;80H [24;1H      .text : 0xc003d000 - 0xc0474000   (4316 kB)
[23;80H [24;1H      .data : 0xc0474000 - 0xc04b7c80   ( 272 kB)
[23;80H [24;1HSLUB: Genslabs=11, HWalign=64, Order=0-3, MinObjects=0, CPUs=1, Nodes=1
[23;80H [24;1HNR_IRQS:375
[23;80H [24;1HIRQ: Found an INTC at 0xfa200000 (revision 5.0) with 128 interrupts
[23;80H [24;1HTotal of 128 interrupts on 1 active controller
[23;80H [24;1HGPMC revision 6.0
[23;80H [24;1HTrying to install interrupt handler for IRQ368
[23;80H [24;1HTrying to install interrupt handler for IRQ369
[23;80H [24;1HTrying to install interrupt handler for IRQ370
[23;80H [24;1HTrying to install interrupt handler for IRQ371
[23;80H [24;1HTrying to install interrupt handler for IRQ372
[23;80H [24;1HTrying to install interrupt handler for IRQ373
[23;80H [24;1HTrying to install interrupt handler for IRQ374
[23;80H [24;1HTrying to install type control for IRQ375
[23;80H [24;1HTrying to set irq flags for IRQ375
[23;80H [24;1HOMAP clockevent source: GPTIMER1 at 27000000 Hz
[23;80H [24;1HConsole: colour dummy device 80x30
[23;80H [24;1HCalibrating delay loop... 986.31 BogoMIPS (lpj=4931584)
[23;80H [24;1Hpid_max: default: 32768 minimum: 301
[23;80H [24;1HSecurity Framework initialized
[23;80H [24;1HMount-cache hash table entries: 512
[23;80H [24;1HCPU: Testing write buffer coherency: ok
[23;80H [24;1Hdevtmpfs: initialized
[23;80H [24;1HTI81XX: Map 0xdff00000 to 0xfe500000 for dram barrier
[23;80H [24;1HTI81XX: Map 0x40300000 to 0xfe600000 for sram barrier
[23;80H [24;1Homap_voltage_early_init: voltage driver support not added
[23;80H [24;1Hregulator: core version 0.5
[23;80H [24;1Hregulator: dummy: 
[23;80H [24;1HNET: Registered protocol family 16
[23;80H [24;1Homap_voltage_domain_lookup: Voltage driver init not yet happened.Faulting!
[23;80H [24;1Homap_voltage_add_dev: VDD specified does not exist!
[23;80H [24;1HOMAP GPIO hardware version 0.1
[23;80H [24;1HOMAP GPIO hardware version 0.1
[23;80H [24;1Homap_mux_init: Add partition: #1: core, flags: 0
[23;80H [24;1H_omap_mux_get_by_name: Could not find signal i2c2_scl.i2c2_scl
[23;80H [24;1H_omap_mux_get_by_name: Could not find signal i2c2_sda.i2c2_sda
[23;80H [24;1Hregistered ti816x_sr device
[23;80H [24;1HCannot clk_get ck_32
[23;80H [24;1Hpm_dbg_init: only OMAP3 supported
[23;80H [24;1Hregistered ti81xx_vpss device
[23;80H [24;1Hregistered ti81xx_vidout device
[23;80H [24;1Hregistered ti81xx on-chip HDMI device
[23;80H [24;1Hregistered ti81xx_fb device
[23;80H [24;1HNSS Crypto DMA hardware revision 1.9 @ IRQ 116
[23;80H [24;1Hbio: create slab <bio-0> at 0
[23;80H [24;1HEricDebug TPS40400: tps40400_init, 408
[23;80H [24;1HSCSI subsystem initialized
[23;80H [24;1Homap_i2c omap_i2c.1: bus 1 rev4.0 at 100 kHz
[23;80H [24;1HEricDebug TPS40400: tps40400_probe, 212
[23;80H [24;1HEricDebug TPS40400: tps40400_enable, 153
[23;80H [24;1H84:tps40400_get_voltage Current voltage :1000000
[23;80H [24;1Hregulator: pmbus_vr: 800 <--> 1050 mV at 1000 mV 
[23;80H [24;1Hregulator: tps40400 probe done.
[23;80H [24;1Homap_i2c omap_i2c.2: bus 2 rev4.0 at 100 kHz
[23;80H [24;1HSwitching to clocksource gp timer
[23;80H [24;1HNET: Registered protocol family 2
[23;80H [24;1HIP route cache hash table entries: 4096 (order: 2, 16384 bytes)
[23;80H [24;1HTCP established hash table entries: 16384 (order: 5, 131072 bytes)
[23;80H [24;1HTCP bind hash table entries: 16384 (order: 4, 65536 bytes)
[23;80H [24;1HTCP: Hash tables configured (established 16384 bind 16384)
[23;80H [24;1HTCP reno registered
[23;80H [24;1HUDP hash table entries: 256 (order: 0, 4096 bytes)
[23;80H [24;1HUDP-Lite hash table entries: 256 (order: 0, 4096 bytes)
[23;80H [24;1HNET: Registered protocol family 1
[23;80H [24;1HRPC: Registered udp transport module.
[23;80H [24;1HRPC: Registered tcp transport module.
[23;80H [24;1HRPC: Registered tcp NFSv4.1 backchannel transport module.
[23;80H [24;1HNetWinder Floating Point Emulator V0.97 (double precision)
[23;80H [24;1HPMU: registered new PMU device of type 0
[23;80H [24;1Homap-iommu omap-iommu.0: ducati registered
[23;80H [24;1Homap-iommu omap-iommu.1: sys registered
[23;80H [24;1Hhighmem bounce pool size: 64 pages
[23;80H [24;1HJFFS2 version 2.2. (NAND) ÂÂ© 2001-2006 Red Hat, Inc.
[23;80H [24;1Hmsgmni has been set to 821
[23;80H [24;1Halg: No test for stdrng (krng)
[23;80H [24;1Hio scheduler noop registered
[23;80H [24;1Hio scheduler deadline registered
[23;80H [24;1Hio scheduler cfq registered (default)
[23;80H [24;1Hnss_rng nss_rng: NSS Random Number Generator ver. 2.0
[23;80H [24;1HSerial: 8250/16550 driver, 4 ports, IRQ sharing enabled
[23;80H [24;1Homap_uart.0: ttyO0 at MMIO 0x48020000 (irq = 72) is a OMAP UART0
[23;80H [24;1Homap_uart.1: ttyO1 at MMIO 0x48022000 (irq = 73) is a OMAP UART1
[23;80H [24;1Homap_uart.2: ttyO2 at MMIO 0x48024000 (irq = 74) is a OMAP UART2
[23;80H [24;1Hconsole [ttyO2] enabled
[23;80H [24;1Hbrd: module loaded
[23;80H [24;1Hloop: module loaded
[23;80H [24;1Homap2-nand driver initializing
[23;80H [24;1HNAND device: Maf ID: 0xec, Chip ID: 0xda (Samsung, )
[23;80H [24;1H erasesize: 0x20000, writesize: 2048, oobsize: 64
[23;80H [24;1Homap2-nand: detected x8 NAND flash 
[23;80H [24;1HCreating 6 MTD partitions on "omap2-nand.0":
[23;80H [24;1H0x000000000000-0x000000240000 : "U-Boot"
[23;80H [24;1H0x000000240000-0x000000280000 : "U-Boot Env"
[23;80H [24;1H0x000000280000-0x000000580000 : "U-Boot Logo"
[23;80H [24;1H0x000000580000-0x0000009c0000 : "Kernel"
[23;80H [24;1H0x0000009c0000-0x00000d1e0000 : "File System"
[23;80H [24;1H0x00000d1e0000-0x000010000000 : "Reserved"
[23;80H [24;1HUBI: attaching mtd4 to ubi0
[23;80H [24;1HUBI: physical eraseblock size:   131072 bytes (128 KiB)
[23;80H [24;1HUBI: logical eraseblock size:    126976 bytes
[23;80H [24;1HUBI: smallest flash I/O unit:    2048
[23;80H [24;1HUBI: sub-page size:              512
[23;80H [24;1HUBI: VID header offset:          2048 (aligned 2048)
[23;80H [24;1HUBI: data offset:                4096
[23;80H [24;1HUBI: max. sequence number:       1367
[23;80H [24;1HUBI warning: print_rsvd_warning: cannot reserve enough PEBs for bad PEB handlin[24;80H[24;80H[24;80H[24;80H[24;80H[24;80H[24;80H[24;80H[24;80H[24;80H[24;80H[24;80H[24;80H[24;80H[24;80H[24;80H[24;80H[24;80H[24;80H[24;80H[24;80H[24;80H[24;80H
[23;80H6[24;1HUBI: attached mtd4 to ubi0
[23;80H [24;1HUBI: MTD device name:            "File System"
[23;80H [24;1HUBI: MTD device size:            200 MiB
[23;80H [24;1HUBI: number of good PEBs:        1601
[23;80H [24;1HUBI: number of bad PEBs:         0
[23;80H [24;1HUBI: number of corrupted PEBs:   0
[23;80H [24;1HUBI: max. allowed volumes:       128
[23;80H [24;1HUBI: wear-leveling threshold:    4096
[23;80H [24;1HUBI: number of internal volumes: 1
[23;80H [24;1HUBI: number of user volumes:     1
[23;80H [24;1HUBI: available PEBs:             0
[23;80H [24;1HUBI: total number of reserved PEBs: 1601
[23;80H [24;1HUBI: number of PEBs reserved for bad PEB handling: 11
[23;80H [24;1HUBI: max/mean erase counter: 3/1
[23;80H [24;1HUBI: image sequence number:  464681962
[23;80H [24;1HUBI: background thread "ubi_bgt0d" started, PID 39
[23;80H [24;1Hdavinci_mdio davinci_mdio.0: davinci mdio revision 1.6
[23;80H [24;1Hdavinci_mdio davinci_mdio.0: detected phy mask fffffffd
[23;80H [24;1Hdavinci_mdio.0: probed
[23;80H [24;1Hdavinci_mdio davinci_mdio.0: phy[1]: device 0:01, driver ET1011C
[23;80H [24;1Hmice: PS/2 mouse device common for all mice
[23;80H [24;1Hrtc-ds1307 1-0068: rtc core: registered ds1337 as rtc0
[23;80H [24;1Homap_rtc omap_rtc: rtc core: registered omap_rtc as rtc1
[23;80H [24;1Hi2c /dev entries driver
[23;80H [24;1HLinux video capture interface: v2.00
[23;80H [24;1HOMAP Watchdog Timer Rev 0x00: initial timeout 0 sec
[23;80H [24;1Hnss_aes_mod_init: loading NSS AES driver
[23;80H [24;1Hnss-aes nss-aes: NSS AES hw accel rev: 3.2 (context 0 @0x41140000)
[23;80H [24;1Hnss-aes nss-aes: NSS AES hw accel rev: 3.2 (context 1 @0x41141000)
[23;80H [24;1Hnss-aes nss-aes: NSS AES hw accel rev: 3.2 (context 2 @0x411a0000)
[23;80H [24;1Hnss-aes nss-aes: NSS AES hw accel rev: 3.2 (context 3 @0x411a1000)
[23;80H [24;1Hnss_aes_probe: probe() done
[23;80H [24;1Hnss_des_mod_init: loading NSS DES driver
[23;80H [24;1Hnss-des nss-des: NSS DES hw accel rev: 2.2 (context 0 @0x41160000)
[23;80H [24;1Hnss-des nss-des: NSS DES hw accel rev: 2.2 (context 1 @0x41161000)
[23;80H [24;1Hnss_des_probe: probe() done
[23;80H [24;1Hnss_sham_mod_init: loading NSS SHA/MD5 driver
[23;80H [24;1Hnss-sham nss-sham: NSS SHA/MD5 hw accel rev: 4.03 (context 0 @0x41100000)
[23;80H [24;1Hnss-sham nss-sham: NSS SHA/MD5 hw accel rev: 4.03 (context 1 @0x41101000)
[23;80H [24;1Hnss-sham nss-sham: NSS SHA/MD5 hw accel rev: 4.03 (context 2 @0x411c0000)
[23;80H [24;1Hnss-sham nss-sham: NSS SHA/MD5 hw accel rev: 4.03 (context 3 @0x411c1000)
[23;80H [24;1Hnss_sham_probe: probe() done
[23;80H [24;1Hnotify_init : notify drivercreated  for  remote proc id 2 at physical Address 0[24;80H[24;80H[24;80H[24;80H[24;80H[24;80H[24;80H[24;80H[24;80H
[23;80H0[24;1Hoprofile: hardware counters not available
[23;80H [24;1Hoprofile: using timer interrupt.
[23;80H [24;1HTCP cubic registered
[23;80H [24;1HNET: Registered protocol family 17
[23;80H [24;1HVFP support v0.3: implementor 41 architecture 3 part 30 variant c rev 3
[23;80H [24;1Homap_voltage_late_init: Voltage driver support not added
[23;80H [24;1HPower Management for TI81XX.
[23;80H [24;1H84:tps40400_get_voltage Current voltage :1000000
[23;80H [24;1Hsmartreflex smartreflex: Driver initialized
[23;80H [24;1Hrtc-ds1307 1-0068: setting system clock to 2016-06-25 12:27:04 UTC (1466857624)
[23;80H [24;1Hmmc0: new high speed SDHC card at address 1234
[23;80H [24;1Hmmcblk0: mmc0:1234 SA08G 7.21 GiB 
[23;80H [24;1H mmcblk0: p1
[23;80H [24;1Hdavinci_mdio davinci_mdio.0: resetting idled controller
[23;80H [24;1Hnet eth0: attached PHY driver [ET1011C] (mii_bus:phy_addr=0:01, id=282f014)
[23;80H [24;1HIP-Config: Guessing netmask 255.0.0.0
[23;80H [24;1HIP-Config: Complete:
[23;80H [24;1H     device=eth0, addr=10.1.1.140, mask=255.0.0.0, gw=255.255.255.255,
[23;80H [24;1H     host=10.1.1.140, domain=, nis-domain=(none),
[23;80H [24;1H     bootserver=255.255.255.255, rootserver=255.255.255.255, rootpath=
[23;80H [24;1HUBIFS: recovery needed
[23;80H [24;1HUBIFS: recovery completed
[23;80H [24;1HUBIFS: mounted UBI device 0, volume 0, name "rootfs"
[23;80H [24;1HUBIFS: file system size:   199225344 bytes (194556 KiB, 189 MiB, 1569 LEBs)
[23;80H [24;1HUBIFS: journal size:       9023488 bytes (8812 KiB, 8 MiB, 72 LEBs)
[23;80H [24;1HUBIFS: media format:       w4/r0 (latest is w4/r0)
[23;80H [24;1HUBIFS: default compressor: lzo
[23;80H [24;1HUBIFS: reserved for root:  0 bytes (0 KiB)
[23;80H [24;1HVFS: Mounted root (ubifs filesystem) on device 0:14.
[23;80H [24;1Hdevtmpfs: mounted
[23;80H [24;1HFreeing init memory: 212K
[23;80H [24;1HINIT: version 2.88 booting
[23;80H [24;1H Mounting /dev/shm              :  Mounting /dev/pts          :  Mounting other[24;80H[24;80H[24;80H[24;80H[24;80H[24;80H[24;80H[24;80H[24;80H[24;80H[24;80H[24;80H[24;80H[24;80H[24;80H[24;80H[24;80H[24;80H[24;80H[24;80H[24;80H[24;80H[24;80H[24;80H[24;80H[24;80H[24;80H[24;80H[24;80H[24;80H[24;80H[24;80H[24;80H[24;80H[24;80H[24;80H[24;80H[24;80H[24;80H[24;80H[24;80H[24;80H[24;80H[24;80H[24;80H[24;80H[24;80H[24;80H[24;80H[24;80H[24;80H[24;80H[24;80H[24;80H[24;80H[24;80H[24;80H[24;80H[24;80H[24;80H[24;80H[24;80H[24;80H[24;80H[24;80H[24;80H[24;80H[24;80H[24;80H[24;80H[24;80H[24;80H[24;80H[24;80H[24;80H[24;80H[24;80H[24;80H[24;80H[24;80H[24;80H[24;80H[24;80H[24;80H[24;80H[24;80H[24;80H
[23;80Hy[24;1HSync command ...Error opening /dev/fb0: No such file or directory
[23;80H [24;1HStarting udev
[23;80H [24;1Hudev[98]: starting version 164
[23;80H [24;1Hudevd-work[103]: error changing net interface name eth0 to eth2: Device or reso[24;80H[24;80H[24;80H[24;80H[24;80H[24;80H[24;80H[24;80H[24;80H
[23;80Hy[24;1H
[23;80H [24;1HPHY: 0:01 - Link is Up - 100/Full
[23;80H [24;1HEXT3-fs: barriers not enabled
[23;80H [24;1Hkjournald starting.  Commit interval 5 seconds
[23;80H [24;1HEXT3-fs (mmcblk0p1): using internal journal
[23;80H [24;1HEXT3-fs (mmcblk0p1): recovery complete
[23;80H [24;1HEXT3-fs (mmcblk0p1): mounted filesystem with writeback data mode
[23;80H [24;1HStarting Bootlog daemon: bootlogd.
[23;80H [24;1HApplying sync command
[23;80H [24;1H/dev/mmcblk0p1 on /media/mmcblk0p1 type ext3 (rw,relatime,errors=continue,user_[24;80H[24;80H[24;80H[24;80H[24;80H[24;80H[24;80H[24;80H[24;80H[24;80H[24;80H[24;80H[24;80H[24;80H[24;80H[24;80H[24;80H[24;80H[24;80H[24;80H[24;80H[24;80H[24;80H[24;80H[24;80H[24;80H[24;80H[24;80H[24;80H[24;80H[24;80H[24;80H[24;80H[24;80H[24;80H
[23;80H)[24;1Hsystem SDcard exist !
[23;80H [24;1H-------------------Start XZRS application-------------
[23;80H [24;1H*** Bootargs Validated for mem param ***
[23;80H [24;1H*** Bootargs Validated for notifyk.vpssm3 params ***
[23;80H [24;1H*** Kernel Base address validated ***
[23;80H [24;1HKernel bootargs validated
[23;80H [24;1H+++++++++++++++++++++++main,141++++++++++++++++++++++++
[23;80H [24;1H
[23;80H [24;1HCurrent timeout value is : 0 seconds
[23;80H [24;1H
[23;80H [24;1HNew timeout value is : 30 seconds
[23;80H [24;1HCurrent timeout value is : 30 seconds
[23;80H [24;1HCreate init_net_wdg_sess thread sucess .
[23;80H [24;1Hamixer: Control default open error: No such file or directory
[23;80H [24;1H
[23;80H [24;1H[create_wdg_server]-560: create_wdg_server, fd = 7
[23;80H [24;1Hamixer: Control default open error: No such file or directory
[23;80H [24;1H
[23;80H [24;1H [c6xdsp ] Remote Debug Shared Memory @ 0xbfd00000
[23;80H [24;1H [m3video] Remote Debug Shared Memory @ 0xbfd10820
[23;80H [24;1H [m3vpss ] Remote Debug Shared Memory @ 0xbfd21040
[23;80H [24;1HSysLink version : 2.20.02.20
[23;80H [24;1HSysLink module created on Date:Apr  1 2016 Time:15:23:49
[23;80H [24;1HTrace enabled
[23;80H [24;1HTrace SetFailureReason enabled
[23;80H [24;1H Setting DMM priority for [DUCATI  ] to [0] ( 0x4e000624 = 0x08000000 )
[23;80H [24;1H Setting DMM priority for [HDVICP0 ] to [2] ( 0x4e000634 = 0x0000000a )
[23;80H [24;1H Setting DMM priority for [HDVICP1 ] to [2] ( 0x4e000634 = 0x000a0000 )
[23;80H [24;1H Setting DMM priority for [HDVICP2 ] to [2] ( 0x4e000634 = 0x00a00000 )
[23;80H [24;1H/dev/mmcblk0p1 on /media/mmcblk0p1 type ext3 (rw,relatime,errors=continue,user_[24;80H[24;80H[24;80H[24;80H[24;80H[24;80H[24;80H[24;80H[24;80H[24;80H[24;80H[24;80H[24;80H[24;80H[24;80H[24;80H[24;80H[24;80H[24;80H[24;80H[24;80H[24;80H[24;80H[24;80H[24;80H[24;80H[24;80H[24;80H[24;80H[24;80H[24;80H[24;80H[24;80H[24;80H[24;80H
[23;80H)[24;1HAttached to slave procId 2.
[23;80H [24;1HLoaded file ../firmware/dvr_rdk_fw_m3vpss_2048M_512M.xem3 on slave procId 2.
[23;80H [24;1HStarted slave procId 2.
[23;80H [24;1HAfter Ipc_loadcallback status [0x00000000]
[23;80H [24;1H [m3vpss ] ***** VPSS Firmware build time 14:28:34 Mar  1 2016  EDG gcc 3.0 mod[24;80H
[23;80He[24;1H [m3vpss ] ***** SYSTEM  : Frequency <ORG> - 250000000, <NEW> - 250000000
[23;80H [24;1H [m3vpss ] notify_attach  rtnVal  0
[23;80H [24;1H [m3vpss ] initProxyServer  rtnVal  0
[23;80H [24;1H [m3vpss ]  
[23;80H [24;1H [m3vpss ]  *** UTILS: CPU KHz = 500000 Khz ***
[23;80H [24;1H [m3vpss ]  
[23;80H [24;1H [m3vpss ]  38: SYSTEM  : System Common Init in progress !!!
[23;80H [24;1H [m3vpss ]  38: SYSTEM: IPC init in progress !!!
[23;80H [24;1H [m3vpss ]  39: SYSTEM: Attaching to [HOST] ... 
[23;80H [24;1H [m3vpss ]  40: SYSTEM: Attaching to [HOST] ... SUCCESS !!!
[23;80H [24;1H [m3vpss ]  40: SYSTEM: Attaching to [DSP] ... 
[23;80H [24;1HAfter Ipc_startcallback status [0x00000000]
[23;80H [24;1HAttached to slave procId 0.
[23;80H [24;1HDMA: Module install successful, device major num = 250 
[23;80H [24;1HDRV: Module install successful
[23;80H [24;1HDRV: Module built on Mar  1 2016 14:36:27 
[23;80H [24;1H [c6xdsp ] Remote Debug Shared Memory @ 0xbfd00000
[23;80H [24;1H [m3video] Remote Debug Shared Memory @ 0xbfd10820
[23;80H [24;1H [m3vpss ] Remote Debug Shared Memory @ 0xbfd21040
[23;80H [24;1HAttached to slave procId 1.
[23;80H [24;1HLoaded file ../firmware/dvr_rdk_fw_c6xdsp_2048M_512M.xe674 on slave procId 0.
[23;80H [24;1HStarted slave procId 0.
[23;80H [24;1HAfter Ipc_loadcallback status [0x00000000]
[23;80H [24;1H [c6xdsp ] ***** VIDEO Firmware build time 14:27:36 Mar  1 2016  EDG gcc 3.0 mo[24;80H[24;80H
[23;80He[24;1HAfter Ipc_startcallback status [0x00000000]
[23;80H [24;1H [c6xdsp ] ***** SYSTEM  : Frequency <ORG> - 800000000, <NEW> - 800000000
[23;80H [24;1H [c6xdsp ]  
[23;80H [24;1H [c6xdsp ]  *** UTILS: CPU KHz = 800000 Khz ***
[23;80H [24;1H [c6xdsp ]  
[23;80H [24;1H [c6xdsp ]  5: SYSTEM  : System Common Init in progress !!!
[23;80H [24;1H [c6xdsp ]  5: SYSTEM: IPC init in progress !!!
[23;80H [24;1H [c6xdsp ]  5: SYSTEM: Attaching to [HOST] ... 
[23;80H [24;1H [c6xdsp ]  8: SYSTEM: Attaching to [HOST] ... SUCCESS !!!
[23;80H [24;1H [m3vpss ]  1040: SYSTEM: Attaching to [DSP] ... 
[23;80H [24;1HLoaded file ../firmware/dvr_rdk_fw_m3video_2048M_512M.xem3 on slave procId 1.
[23;80H [24;1HStarted slave procId 1.
[23;80H [24;1HAfter Ipc_loadcallback status [0x00000000]
[23;80H [24;1HAfter Ipc_startcallback status [0x00000000]
[23;80H [24;1H [m3video] ***** VIDEO Firmware build time 14:29:24 Mar  1 2016  EDG gcc 3.0 mo[24;80H[24;80H
[23;80He[24;1H [m3video] ***** SYSTEM  : Frequency <ORG> - 250000000, <NEW> - 250000000
[23;80H [24;1H [m3video]  
[23;80H [24;1H [m3video]  *** UTILS: CPU KHz = 500000 Khz ***
[23;80H [24;1H [m3video]  
[23;80H [24;1H [m3video]  1051: SYSTEM  : System Common Init in progress !!!
[23;80H [24;1H [m3video]  1051: SYSTEM: IPC init in progress !!!
[23;80H [24;1H [m3video]  1051: SYSTEM: Attaching to [HOST] ... 
[23;80H [24;1H [m3video]  1054: SYSTEM: Attaching to [HOST] ... SUCCESS !!!
[23;80H [24;1H [c6xdsp ]  31: SYSTEM: Attaching to [VIDEO-M3] ... SUCCESS !!!
[23;80H [24;1H [m3video]  1055: SYSTEM: Attaching to [DSP] ... SUCCESS !!!
[23;80H [24;1H [m3vpss ]  1058: SYSTEM: Attaching to [DSP] ... SUCCESS !!!
[23;80H [24;1H [c6xdsp ]  34: SYSTEM: Attaching to [VPSS-M3] ... SUCCESS !!!
[23;80H [24;1H [m3video]  1059: SYSTEM: Attaching to [VPSS-M3] ... SUCCESS !!!
[23;80H [24;1H [m3vpss ]  1059: SYSTEM: Attaching to [VIDEO-M3] ... SUCCESS !!!
[23;80H [24;1H [c6xdsp ]  34: SYSTEM: Creating MsgQ Heap [IPC_MSGQ_MSG_HEAP_0] ...
[23;80H [24;1H [m3video]  1059: SYSTEM: Creating MsgQ Heap [IPC_MSGQ_MSG_HEAP_1] ...
[23;80H [24;1H [m3vpss ]  1059: SYSTEM: Creating MsgQ Heap [IPC_MSGQ_MSG_HEAP_2] ...
[23;80H [24;1H [c6xdsp ]  34: SYSTEM: Creating MsgQ [DSP_MSGQ] ...
[23;80H [24;1H [m3video]  1059: SYSTEM: Creating MsgQ [VIDEO-M3_MSGQ] ...
[23;80H [24;1H [m3vpss ]  1059: SYSTEM: Creating MsgQ [VPSS-M3_MSGQ] ...
[23;80H [24;1H [c6xdsp ]  34: SYSTEM: Creating MsgQ [DSP_ACK_MSGQ] ...
[23;80H [24;1H [m3video]  1060: SYSTEM: Creating MsgQ [VIDEO-M3_ACK_MSGQ] ...
[23;80H [24;1H [m3vpss ]  1060: SYSTEM: Creating MsgQ [VPSS-M3_ACK_MSGQ] ...
[23;80H [24;1H [c6xdsp ]  35: SYSTEM: Notify register to [HOST] line 0, event 15 ... 
[23;80H [24;1H [m3video]  1061: SYSTEM: Notify register to [HOST] line 0, event 15 ... 
[23;80H [24;1H [m3vpss ]  1061: SYSTEM: Notify register to [HOST] line 0, event 15 ... 
[23;80H [24;1H [c6xdsp ]  35: SYSTEM: Notify register to [VIDEO-M3] line 0, event 15 ... 
[23;80H [24;1H [m3video]  1062: SYSTEM: Notify register to [DSP] line 0, event 15 ... 
[23;80H [24;1H [m3vpss ]  1061: SYSTEM: Notify register to [DSP] line 0, event 15 ... 
[23;80H [24;1H [c6xdsp ]  35: SYSTEM: Notify register to [VPSS-M3] line 0, event 15 ... 
[23;80H [24;1H [m3video]  1062: SYSTEM: Notify register to [VPSS-M3] line 0, event 15 ... 
[23;80H [24;1H [m3vpss ]  1062: SYSTEM: Notify register to [VIDEO-M3] line 0, event 15 ... 
[23;80H [24;1H [c6xdsp ]  35: SYSTEM: IPC init DONE !!!
[23;80H [24;1H [m3video]  1062: SYSTEM: IPC init DONE !!!
[23;80H [24;1H [m3vpss ]  1062: SYSTEM: IPC init DONE !!!
[23;80H [24;1H [c6xdsp ]  37: MEM: Shared Region 2: Base = 0x96000000, Length = 0x28000000 (6[24;80H[24;80H[24;80H[24;80H[24;80H[24;80H[24;80H
[23;80H [24;1H [c6xdsp ]  37: MEM: Shared Region 1: Base = 0x80000000, Length = 0x0e300000 (2[24;80H[24;80H[24;80H[24;80H[24;80H[24;80H[24;80H
[23;80H [24;1H [c6xdsp ]  38: SYSTEM  : System Common Init Done !!!
[23;80H [24;1H [c6xdsp ]  32: SYSTEM  : System DSP Init in progress !!!
[23;80H [24;1H [c6xdsp ]  32: SYSTEM  : RpeServer_init() done... Ret Val 0!!!
[23;80H [24;1H [c6xdsp ]  41: SYSTEM: Creating ListMP [DSP_IPC_OUT_19] in region 0 ...
[23;80H [24;1H [c6xdsp ]  41: SYSTEM: Creating ListMP [DSP_IPC_IN_19] in region 0 ...
[23;80H [24;1H [c6xdsp ]  41: SYSTEM: ListElem Shared Addr = 0xbe1b3e00
[23;80H [24;1H [c6xdsp ]  42: SYSTEM: Creating ListMP [DSP_IPC_OUT_20] in region 0 ...
[23;80H [24;1H [c6xdsp ]  42: SYSTEM: Creating ListMP [DSP_IPC_IN_20] in region 0 ...
[23;80H [24;1H [c6xdsp ]  42: SYSTEM: ListElem Shared Addr = 0xbe1d9600
[23;80H [24;1H [c6xdsp ]  42: SYSTEM: Creating ListMP [DSP_IPC_OUT_21] in region 0 ...
[23;80H [24;1H [m3video]  1069: MEM: Shared Region 2: Base = 0x96000000, Length = 0x28000000 [24;80H[24;80H[24;80H[24;80H[24;80H[24;80H[24;80H[24;80H[24;80H
[23;80H [24;1H [m3vpss ]  1069: MEM: Shared Region 2: Base = 0x96000000, Length = 0x28000000 [24;80H[24;80H[24;80H[24;80H[24;80H[24;80H[24;80H[24;80H[24;80H
[23;80H [24;1H [c6xdsp ]  43: SYSTEM: Creating ListMP [DSP_IPC_IN_21] in region 0 ...
[23;80H [24;1H [m3video]  1069: MEM: Shared Region 1: Base = 0x80000000, Length = 0x0e300000 [24;80H[24;80H[24;80H[24;80H[24;80H[24;80H[24;80H[24;80H[24;80H
[23;80H [24;1H [m3vpss ]  1069: MEM: Shared Region 1: Base = 0x80000000, Length = 0x0e300000 [24;80H[24;80H[24;80H[24;80H[24;80H[24;80H[24;80H[24;80H[24;80H
[23;80H [24;1H [c6xdsp ]  43: SYSTEM: ListElem Shared Addr = 0xbe1fee00
[23;80H [24;1H [m3video]  1071: SYSTEM  : System Common Init Done !!!
[23;80H [24;1H [m3vpss ]  1071: SYSTEM  : System Common
[23;80H [24;1H
[23;80H [24;1HU-Boot 2010.06 (Jan 06 2016 - 09:51:51)
[23;80H [24;1H
[23;80H [24;1HCDXZRS-GP rev 1.0
[23;80H [24;1H
[23;80H [24;1HI2C:   ready
[23;80H [24;1HDRAM:  2 GiB
[23;80H [24;1HNAND:  HW ECC BCH8 Selected
[23;80H [24;1H256 MiB
[23;80H [24;1HMMC:   OMAP SD/MMC: 0
[23;80H [24;1H:,;;:;:;;;;;;;;r;;:,;;:;:;;;;;;;;:,;;:;:;;;;;;;;:,;;:;:;;;;;;;;:;;;;;;;;:,;;:;:
[23;80H [24;1H;,;:::;;;;r;;;rssiSiS552X5252525259GX2X9hX9X9XX2325S55252i5:,;;:;:;;;;;;;;:,;;:
[23;80H [24;1H;:;;;;;;;rrssSsS52S22h52299GGAAMHMM#BBH#B#HMM#HMBA&&XX2255S2S5Si:,;;:;:;;;;;;;;
[23;80H [24;1H;:;;r;;rsrrriiXS5S329&A&MH#BMB#A&9XXA252GXiSXX39AAMMMBB&G22S5i2SSiiiisi:,;;:;:;
[23;80H [24;1H;;;;;r;rr2iisiih393HB#B#AA99i22irrrX3X52AGsisss2Xii2299HBMA&X2S5S5iSiisSsi:,;;:
[23;80H [24;1Hr:r;rrsrsihXSi2&##MHB&Ahh3AGHGA9G9h&#H##@@@##MAMMXXX9SSS29&&HGGX2i5iisiiisisi:,
[23;80H [24;1H;;rrrrsSiiiA&ABH&A9GAGhAhBAMHA9HM@@@@@@@@@@@@@@@@@@@HHhAh2S2SX9&Gh22SSiisiiisii
[23;80H [24;1Hr:rrssisiS2XM##&h3AGAX&3GG3Ssr5H@M#HM2; ;2X&&&MHMB###GBB#B&XXSSs529XX55iSsisisi
[23;80H [24;1Hr;rsrisSi2XHAhX99A3XXG&&XS;:,rH#HGhAS   @@@@3rs2XBM@@A552&&AHA2XiisSS252SSsisSs
[23;80H [24;1Hr;issi5S22&&3iSSX292&hXsr;;:;h@&G339&S9@@@@2@MA&9&HB##Xris29ABMAAX2ir;rsSi5iss5
[23;80H [24;1HrrsSi2XhG&9GXh399&X99i;;;;;;r#H&293H9X#@@@@@@@B&9GhAH@XrrsrsiXABHB&HG2rr;rrSiSi
[23;80H [24;1H;:rsisS599&AA9XG&3A35r;:::;,;BMh&&2iX5A@@@@@@@&392X5GB2;;;r;iSX393A##A&Xi:::rsi
[23;80H [24;1H;:rss552222X553&XHMhir;;::,:,h#HhGSXhG3#@@@@#AXXS2XAHA;::;;;;ss55XShBA3239r:,;;
[23;80H [24;1Hr;ii2S5SSi2i53hirsh2srr::,,,,;MMXX359&Ah3h&Si59SX99A#i:,::::;;sri2,.2r;:SGAr;,:
[23;80H [24;1H;:;rrrrssiriXGSi::shs;;;,,,:,,rBBA9h5s5h5iS5isi2SAHB5:,,,:::;rrs5&SrisSX5Srrr:,
[23;80H [24;1H;,r;;;;rsriSSrrrr;;5Xrr;;,:,,.,;9AA2SsisS5323XXXG9&i:.,,::;;r;;;srrrrrr;;:;::::
[23;80H [24;1H:,;r;r;rrissrrr;:;::;s;;;;,:,,..,r293h222hXXAAGGGX;:,,,:,:,::;:;::,:,,,,...,,,,
[23;80H [24;1H;,;;;;rrrrrrrrirr;,.,,:::::::,,,,.,;SX&ABAB2hhXir:,,.,,.,,:,,,,..,,,..,..,,,..:
[23;80H [24;1H:.:;:;;;:;;;;r;rrs;:.. ,,:::::,:,:,,.::rrsrr;;,,.......,..,....,,,,,,,...,.,,:,
[23;80H [24;1H:.:::,::::::;;r;rrr;:.......,.,.,,:::,,...............,,::.,,,,:,::,,:,:,,,:,;:
[23;80H [24;1H,.::,:,,,,,;;;;;;;;r;;::,..............................;;;:;::::,:::::::,:,:,,,
[23;80H [24;1H: ,,:,,,,,,,,,,,,,:;rrr;;:;,,,,,,,::,.,.:.,.,;s,:;;;;:;:;;;;;::::,:::,:::,:,:,:
[23;80H [24;1H,.,,,,,,,...,,.,,....................................:,............:,,,:,:,,,,,
[23;80H [24;1H
[23;80H [24;1HEricDebug uboot WDT timeout is 600 seconds 
[23;80H [24;1HNet:   set mac addr : 70:74: 0:27:aa:44
[23;80H [24;1Hset mac addr1 : 71:74: 0:27:aa:44
[23;80H [24;1HEthernet PHY: GENERIC @ 0x01
[23;80H [24;1HDaVinci EMAC
[23;80H [24;1HHit any key to stop autoboot:  1  0 
[23;80H [24;1H
[23;80H [24;1HNAND read: device 0 offset 0x580000, size 0x300000
[23;80H [24;1H 3145728 bytes read: OK
[23;80H [24;1H## Booting kernel from Legacy Image at 81000000 ...
[23;80H [24;1H   Image Name:   Linux-2.6.37
[23;80H [24;1H   Created:      2016-04-15   2:48:48 UTC
[23;80H [24;1H   Image Type:   ARM Linux Kernel Image (uncompressed)
[23;80H [24;1H   Data Size:    2357152 Bytes = 2.2 MiB
[23;80H [24;1H   Load Address: c0008000
[23;80H [24;1H   Entry Point:  c0008000
[23;80H [24;1H   Verifying Checksum ... OK
[23;80H [24;1H   Loading Kernel Image ... OK
[23;80H [24;1HOK
[23;80H [24;1H
[23;80H [24;1HStarting kernel ...
[23;80H [24;1H
[23;80H [24;1HLinux version 2.6.37 (hsw@ubuntu) (gcc version 4.5.3 20110311 (prerelease) (GCC[24;80H[24;80H[24;80H[24;80H[24;80H[24;80H[24;80H[24;80H[24;80H[24;80H[24;80H[24;80H[24;80H[24;80H[24;80H[24;80H[24;80H[24;80H[24;80H[24;80H[24;80H[24;80H[24;80H[24;80H[24;80H[24;80H[24;80H[24;80H[24;80H[24;80H[24;80H[24;80H[24;80H[24;80H[24;80H[24;80H
[23;80H6[24;1HCPU: ARMv7 Processor [413fc082] revision 2 (ARMv7), cr=10c53c7f
[23;80H [24;1HCPU: VIPT nonaliasing data cache, VIPT aliasing instruction cache
[23;80H [24;1HMachine: xzrs_ipnc
[23;80H [24;1Hvram size = 20971520 at 0x0
[23;80H [24;1Hti81xx_reserve: ### Reserved DDR region @dff00000
[23;80H [24;1Hreserved size = 20971520 at 0x0
[23;80H [24;1HFB: Reserving 20971520 bytes SDRAM for VRAM
[23;80H [24;1HMemory policy: ECC disabled, Data cache writeback
[23;80H [24;1HOMAP chip is TI8168 2.1
[23;80H [24;1HBuilt 1 zonelists in Zone order, mobility grouping on.  Total pages: 124672
[23;80H [24;1HKernel command line: mem=512M console=ttyO2,115200n8 rootwait=1 rw ubi.mtd=4,20[24;80H[24;80H[24;80H[24;80H[24;80H[24;80H[24;80H[24;80H[24;80H[24;80H[24;80H[24;80H[24;80H[24;80H[24;80H[24;80H[24;80H[24;80H[24;80H[24;80H[24;80H[24;80H[24;80H[24;80H[24;80H[24;80H[24;80H[24;80H[24;80H[24;80H[24;80H[24;80H[24;80H[24;80H[24;80H[24;80H[24;80H[24;80H[24;80H[24;80H[24;80H[24;80H[24;80H[24;80H[24;80H[24;80H[24;80H[24;80H[24;80H[24;80H[24;80H[24;80H[24;80H[24;80H[24;80H[24;80H[24;80H[24;80H[24;80H[24;80H[24;80H[24;80H[24;80H[24;80H[24;80H[24;80H[24;80H[24;80H[24;80H[24;80H[24;80H[24;80H[24;80H[24;80H[24;80H[24;80H[24;80H[24;80H[24;80H[24;80H[24;80H[24;80H[24;80H[24;80H[24;80H[24;80H[24;80H[24;80H[24;80H[24;80H[24;80H[24;80H[24;80H[24;80H[24;80H[24;80H[24;80H[24;80H[24;80H[24;80H[24;80H[24;80H[24;80H[24;80H[24;80H[24;80H[24;80H[24;80H[24;80H[24;80H[24;80H[24;80H[24;80H[24;80H[24;80H[24;80H
[23;80HM[24;1HPID hash table entries: 2048 (order: 1, 8192 bytes)
[23;80H [24;1HDentry cache hash table entries: 65536 (order: 6, 262144 bytes)
[23;80H [24;1HInode-cache hash table entries: 32768 (order: 5, 131072 bytes)
[23;80H [24;1HMemory: 490MB 1MB = 491MB total
[23;80H [24;1HMemory: 493192k/493192k available, 31096k reserved, 72704K highmem
[23;80H [24;1HVirtual kernel memory layout:
[23;80H [24;1H    vector  : 0xffff0000 - 0xffff1000   (   4 kB)
[23;80H [24;1H    fixmap  : 0xfff00000 - 0xfffe0000   ( 896 kB)
[23;80H [24;1H    DMA     : 0xffc00000 - 0xffe00000   (   2 MB)
[23;80H [24;1H    vmalloc : 0xda800000 - 0xf8000000   ( 472 MB)
[23;80H [24;1H    lowmem  : 0xc0000000 - 0xda400000   ( 420 MB)
[23;80H [24;1H    pkmap   : 0xbfe00000 - 0xc0000000   (   2 MB)
[23;80H [24;1H    modules : 0xbf000000 - 0xbfe00000   (  14 MB)
[23;80H [24;1H      .init : 0xc0008000 - 0xc003d000   ( 212 kB)
[23;80H [24;1H      .text : 0xc003d000 - 0xc0474000   (4316 kB)
[23;80H [24;1H      .data : 0xc0474000 - 0xc04b7c80   ( 272 kB)
[23;80H [24;1HSLUB: Genslabs=11, HWalign=64, Order=0-3, MinObjects=0, CPUs=1, Nodes=1
[23;80H [24;1HNR_IRQS:375
[23;80H [24;1HIRQ: Found an INTC at 0xfa200000 (revision 5.0) with 128 interrupts
[23;80H [24;1HTotal of 128 interrupts on 1 active controller
[23;80H [24;1HGPMC revision 6.0
[23;80H [24;1HTrying to install interrupt handler for IRQ368
[23;80H [24;1HTrying to install interrupt handler for IRQ369
[23;80H [24;1HTrying to install interrupt handler for IRQ370
[23;80H [24;1HTrying to install interrupt handler for IRQ371
[23;80H [24;1HTrying to install interrupt handler for IRQ372
[23;80H [24;1HTrying to install interrupt handler for IRQ373
[23;80H [24;1HTrying to install interrupt handler for IRQ374
[23;80H [24;1HTrying to install type control for IRQ375
[23;80H [24;1HTrying to set irq flags for IRQ375
[23;80H [24;1HOMAP clockevent source: GPTIMER1 at 27000000 Hz
[23;80H [24;1HConsole: colour dummy device 80x30
[23;80H [24;1HCalibrating delay loop... 986.31 BogoMIPS (lpj=4931584)
[23;80H [24;1Hpid_max: default: 32768 minimum: 301
[23;80H [24;1HSecurity Framework initialized
[23;80H [24;1HMount-cache hash table entries: 512
[23;80H [24;1HCPU: Testing write buffer coherency: ok
[23;80H [24;1Hdevtmpfs: initialized
[23;80H [24;1HTI81XX: Map 0xdff00000 to 0xfe500000 for dram barrier
[23;80H [24;1HTI81XX: Map 0x40300000 to 0xfe600000 for sram barrier
[23;80H [24;1Homap_voltage_early_init: voltage driver support not added
[23;80H [24;1Hregulator: core version 0.5
[23;80H [24;1Hregulator: dummy: 
[23;80H [24;1HNET: Registered protocol family 16
[23;80H [24;1Homap_voltage_domain_lookup: Voltage driver init not yet happened.Faulting!
[23;80H [24;1Homap_voltage_add_dev: VDD specified does not exist!
[23;80H [24;1HOMAP GPIO hardware version 0.1
[23;80H [24;1HOMAP GPIO hardware version 0.1
[23;80H [24;1Homap_mux_init: Add partition: #1: core, flags: 0
[23;80H [24;1H_omap_mux_get_by_name: Could not find signal i2c2_scl.i2c2_scl
[23;80H [24;1H_omap_mux_get_by_name: Could not find signal i2c2_sda.i2c2_sda
[23;80H [24;1Hregistered ti816x_sr device
[23;80H [24;1HCannot clk_get ck_32
[23;80H [24;1Hpm_dbg_init: only OMAP3 supported
[23;80H [24;1Hregistered ti81xx_vpss device
[23;80H [24;1Hregistered ti81xx_vidout device
[23;80H [24;1Hregistered ti81xx on-chip HDMI device
[23;80H [24;1Hregistered ti81xx_fb device
[23;80H [24;1HNSS Crypto DMA hardware revision 1.9 @ IRQ 116
[23;80H [24;1Hbio: create slab <bio-0> at 0
[23;80H [24;1HEricDebug TPS40400: tps40400_init, 408
[23;80H [24;1HSCSI subsystem initialized
[23;80H [24;1Homap_i2c omap_i2c.1: bus 1 rev4.0 at 100 kHz
[23;80H [24;1HEricDebug TPS40400: tps40400_probe, 212
[23;80H [24;1HEricDebug TPS40400: tps40400_enable, 153
[23;80H [24;1H84:tps40400_get_voltage Current voltage :1000000
[23;80H [24;1Hregulator: pmbus_vr: 800 <--> 1050 mV at 1000 mV 
[23;80H [24;1Hregulator: tps40400 probe done.
[23;80H [24;1Homap_i2c omap_i2c.2: bus 2 rev4.0 at 100 kHz
[23;80H [24;1HSwitching to clocksource gp timer
[23;80H [24;1HNET: Registered protocol family 2
[23;80H [24;1HIP route cache hash table entries: 4096 (order: 2, 16384 bytes)
[23;80H [24;1HTCP established hash table entries: 16384 (order: 5, 131072 bytes)
[23;80H [24;1HTCP bind hash table entries: 16384 (order: 4, 65536 bytes)
[23;80H [24;1HTCP: Hash tables configured (established 16384 bind 16384)
[23;80H [24;1HTCP reno registered
[23;80H [24;1HUDP hash table entries: 256 (order: 0, 4096 bytes)
[23;80H [24;1HUDP-Lite hash table entries: 256 (order: 0, 4096 bytes)
[23;80H [24;1HNET: Registered protocol family 1
[23;80H [24;1HRPC: Registered udp transport module.
[23;80H [24;1HRPC: Registered tcp transport module.
[23;80H [24;1HRPC: Registered tcp NFSv4.1 backchannel transport module.
[23;80H [24;1HNetWinder Floating Point Emulator V0.97 (double precision)
[23;80H [24;1HPMU: registered new PMU device of type 0
[23;80H [24;1Homap-iommu omap-iommu.0: ducati registered
[23;80H [24;1Homap-iommu omap-iommu.1: sys registered
[23;80H [24;1Hhighmem bounce pool size: 64 pages
[23;80H [24;1HJFFS2 version 2.2. (NAND) ÂÂ© 2001-2006 Red Hat, Inc.
[23;80H [24;1Hmsgmni has been set to 821
[23;80H [24;1Halg: No test for stdrng (krng)
[23;80H [24;1Hio scheduler noop registered
[23;80H [24;1Hio scheduler deadline registered
[23;80H [24;1Hio scheduler cfq registered (default)
[23;80H [24;1Hnss_rng nss_rng: NSS Random Number Generator ver. 2.0
[23;80H [24;1HSerial: 8250/16550 driver, 4 ports, IRQ sharing enabled
[23;80H [24;1Homap_uart.0: ttyO0 at MMIO 0x48020000 (irq = 72) is a OMAP UART0
[23;80H [24;1Homap_uart.1: ttyO1 at MMIO 0x48022000 (irq = 73) is a OMAP UART1
[23;80H [24;1Homap_uart.2: ttyO2 at MMIO 0x48024000 (irq = 74) is a OMAP UART2
[23;80H [24;1Hconsole [ttyO2] enabled
[23;80H [24;1Hbrd: module loaded
[23;80H [24;1Hloop: module loaded
[23;80H [24;1Homap2-nand driver initializing
[23;80H [24;1HNAND device: Maf ID: 0xec, Chip ID: 0xda (Samsung, )
[23;80H [24;1H erasesize: 0x20000, writesize: 2048, oobsize: 64
[23;80H [24;1Homap2-nand: detected x8 NAND flash 
[23;80H [24;1HCreating 6 MTD partitions on "omap2-nand.0":
[23;80H [24;1H0x000000000000-0x000000240000 : "U-Boot"
[23;80H [24;1H0x000000240000-0x000000280000 : "U-Boot Env"
[23;80H [24;1H0x000000280000-0x000000580000 : "U-Boot Logo"
[23;80H [24;1H0x000000580000-0x0000009c0000 : "Kernel"
[23;80H [24;1H0x0000009c0000-0x00000d1e0000 : "File System"
[23;80H [24;1H0x00000d1e0000-0x000010000000 : "Reserved"
[23;80H [24;1HUBI: attaching mtd4 to ubi0
[23;80H [24;1HUBI: physical eraseblock size:   131072 bytes (128 KiB)
[23;80H [24;1HUBI: logical eraseblock size:    126976 bytes
[23;80H [24;1HUBI: smallest flash I/O unit:    2048
[23;80H [24;1HUBI: sub-page size:              512
[23;80H [24;1HUBI: VID header offset:          2048 (aligned 2048)
[23;80H [24;1HUBI: data offset:                4096
[23;80H [24;1HUBI: max. sequence number:       1372
[23;80H [24;1HUBI warning: print_rsvd_warning: cannot reserve enough PEBs for bad PEB handlin[24;80H[24;80H[24;80H[24;80H[24;80H[24;80H[24;80H[24;80H[24;80H[24;80H[24;80H[24;80H[24;80H[24;80H[24;80H[24;80H[24;80H[24;80H[24;80H[24;80H[24;80H[24;80H[24;80H
[23;80H6[24;1HUBI: attached mtd4 to ubi0
[23;80H [24;1HUBI: MTD device name:            "File System"
[23;80H [24;1HUBI: MTD device size:            200 MiB
[23;80H [24;1HUBI: number of good PEBs:        1601
[23;80H [24;1HUBI: number of bad PEBs:         0
[23;80H [24;1HUBI: number of corrupted PEBs:   0
[23;80H [24;1HUBI: max. allowed volumes:       128
[23;80H [24;1HUBI: wear-leveling threshold:    4096
[23;80H [24;1HUBI: number of internal volumes: 1
[23;80H [24;1HUBI: number of user volumes:     1
[23;80H [24;1HUBI: available PEBs:             0
[23;80H [24;1HUBI: total number of reserved PEBs: 1601
[23;80H [24;1HUBI: number of PEBs reserved for bad PEB handling: 11
[23;80H [24;1HUBI: max/mean erase counter: 3/1
[23;80H [24;1HUBI: image sequence number:  464681962
[23;80H [24;1HUBI: background thread "ubi_bgt0d" started, PID 39
[23;80H [24;1Hdavinci_mdio davinci_mdio.0: davinci mdio revision 1.6
[23;80H [24;1Hdavinci_mdio davinci_mdio.0: detected phy mask fffffffd
[23;80H [24;1Hdavinci_mdio.0: probed
[23;80H [24;1Hdavinci_mdio davinci_mdio.0: phy[1]: device 0:01, driver ET1011C
[23;80H [24;1Hmice: PS/2 mouse device common for all mice
[23;80H [24;1Hrtc-ds1307 1-0068: rtc core: registered ds1337 as rtc0
[23;80H [24;1Homap_rtc omap_rtc: rtc core: registered omap_rtc as rtc1
[23;80H [24;1Hi2c /dev entries driver
[23;80H [24;1HLinux video capture interface: v2.00
[23;80H [24;1HOMAP Watchdog Timer Rev 0x00: initial timeout 0 sec
[23;80H [24;1Hnss_aes_mod_init: loading NSS AES driver
[23;80H [24;1Hnss-aes nss-aes: NSS AES hw accel rev: 3.2 (context 0 @0x41140000)
[23;80H [24;1Hnss-aes nss-aes: NSS AES hw accel rev: 3.2 (context 1 @0x41141000)
[23;80H [24;1Hnss-aes nss-aes: NSS AES hw accel rev: 3.2 (context 2 @0x411a0000)
[23;80H [24;1Hnss-aes nss-aes: NSS AES hw accel rev: 3.2 (context 3 @0x411a1000)
[23;80H [24;1Hnss_aes_probe: probe() done
[23;80H [24;1Hnss_des_mod_init: loading NSS DES driver
[23;80H [24;1Hnss-des nss-des: NSS DES hw accel rev: 2.2 (context 0 @0x41160000)
[23;80H [24;1Hnss-des nss-des: NSS DES hw accel rev: 2.2 (context 1 @0x41161000)
[23;80H [24;1Hnss_des_probe: probe() done
[23;80H [24;1Hnss_sham_mod_init: loading NSS SHA/MD5 driver
[23;80H [24;1Hnss-sham nss-sham: NSS SHA/MD5 hw accel rev: 4.03 (context 0 @0x41100000)
[23;80H [24;1Hnss-sham nss-sham: NSS SHA/MD5 hw accel rev: 4.03 (context 1 @0x41101000)
[23;80H [24;1Hnss-sham nss-sham: NSS SHA/MD5 hw accel rev: 4.03 (context 2 @0x411c0000)
[23;80H [24;1Hnss-sham nss-sham: NSS SHA/MD5 hw accel rev: 4.03 (context 3 @0x411c1000)
[23;80H [24;1Hnss_sham_probe: probe() done
[23;80H [24;1Hnotify_init : notify drivercreated  for  remote proc id 2 at physical Address 0[24;80H[24;80H[24;80H[24;80H[24;80H[24;80H[24;80H[24;80H[24;80H
[23;80H0[24;1Hoprofile: hardware counters not available
[23;80H [24;1Hoprofile: using timer interrupt.
[23;80H [24;1HTCP cubic registered
[23;80H [24;1HNET: Registered protocol family 17
[23;80H [24;1HVFP support v0.3: implementor 41 architecture 3 part 30 variant c rev 3
[23;80H [24;1Homap_voltage_late_init: Voltage driver support not added
[23;80H [24;1HPower Management for TI81XX.
[23;80H [24;1H84:tps40400_get_voltage Current voltage :1000000
[23;80H [24;1Hsmartreflex smartreflex: Driver initialized
[23;80H [24;1Hrtc-ds1307 1-0068: setting system clock to 2016-06-25 12:27:04 UTC (1466857624)
[23;80H [24;1Hmmc0: new high speed SDHC card at address 1234
[23;80H [24;1Hmmcblk0: mmc0:1234 SA08G 7.21 GiB 
[23;80H [24;1H mmcblk0: p1
[23;80H [24;1Hdavinci_mdio davinci_mdio.0: resetting idled controller
[23;80H [24;1Hnet eth0: attached PHY driver [ET1011C] (mii_bus:phy_addr=0:01, id=282f014)
[23;80H [24;1HIP-Config: Guessing netmask 255.0.0.0
[23;80H [24;1HIP-Config: Complete:
[23;80H [24;1H     device=eth0, addr=10.1.1.140, mask=255.0.0.0, gw=255.255.255.255,
[23;80H [24;1H     host=10.1.1.140, domain=, nis-domain=(none),
[23;80H [24;1H     bootserver=255.255.255.255, rootserver=255.255.255.255, rootpath=
[23;80H [24;1HUBIFS: recovery needed
[23;80H [24;1HUBIFS: recovery completed
[23;80H [24;1HUBIFS: mounted UBI device 0, volume 0, name "rootfs"
[23;80H [24;1HUBIFS: file system size:   199225344 bytes (194556 KiB, 189 MiB, 1569 LEBs)
[23;80H [24;1HUBIFS: journal size:       9023488 bytes (8812 KiB, 8 MiB, 72 LEBs)
[23;80H [24;1HUBIFS: media format:       w4/r0 (latest is w4/r0)
[23;80H [24;1HUBIFS: default compressor: lzo
[23;80H [24;1HUBIFS: reserved for root:  0 bytes (0 KiB)
[23;80H [24;1HVFS: Mounted root (ubifs filesystem) on device 0:14.
[23;80H [24;1Hdevtmpfs: mounted
[23;80H [24;1HFreeing init memory: 212K
[23;80H [24;1HINIT: version 2.88 booting