
[!p[?3;4l[4l>[0m(B[?1h=[H[2J[?12l[?25h
Welcome to minicom 2.7

OPTIONS: I18n 
Compiled on Jan  1 2014, 17:13:19.
Port /dev/ttyUSB0, 18:05:36

Press CTRL-A Z for help on special keys



U-Boot 2010.06 (Aug 14 2014 - 21:58:33)

TI8168-GP rev 2.1

HDVICP clk     : 533MHz
L3 Fast clk    : 500MHz
HDVPSS clk     : 250MHz
Ducati M3 clk  : 250MHz
DSP clk        : 800MHz
ARM clk        : 987MHz
DDR clk        : 796MHz

I2C:   ready
[23;80H [24;1HDRAM:  2 GiB
[23;80H [24;1HNAND:  HW ECC BCH8 Selected
[23;80H [24;1H256 MiB
[23;80H [24;1HMMC:   OMAP SD/MMC: 0
[23;80H [24;1H                                                                 
[23;80H [24;1H                                                                 
[23;80H [24;1H                   D S P D S P D S P D S                         
[23;80H [24;1H               P D S P D S P D S P D S P D                       
[23;80H [24;1H             S P D S P D S P D S P D S P D                       
[23;80H [24;1H             S P D S P D S P D S P D S P D   S P D               
[23;80H [24;1H               S P D S P D S P D S P D S     P D S P             
[23;80H [24;1H                 D S P D S P D S P D S P   D S P D S P           
[23;80H [24;1H                   D S P D S P D S P D S P D S P D S P           
[23;80H [24;1H                     D S P D S P D S P D S P D S P D S P         
[23;80H [24;1H                     D S P D S P D S P D S P D S P D S P         
[23;80H [24;1H                       D S P D S P D S P D S P D S P D S P       
[23;80H [24;1H                       D S P D S P D S P D S P D S P D S P       
[23;80H [24;1H                       D S P D S P D S P D S P D S P D S P       
[23;80H [24;1H                       D S P D S P D S P D S P D S P D S P       
[23;80H [24;1H                       D S P D S P D S P D S P D S P D S P       
[23;80H [24;1H                       D S P D S P D S P D S P D S P D S P       
[23;80H [24;1H                       D S P D S P D S P D S P D S P D S P       
[23;80H [24;1H                     D S P D S P D S P D S P D S P D S P D       
[23;80H [24;1H                     S P D S P D S         P D S P D S P D       
[23;80H [24;1H                   S P D S P D               S P D S P D         
[23;80H [24;1H                   S P D S P                   D S P D S         
[23;80H [24;1H                 P D S P D                       S P D S         
[23;80H [24;1H                 P D S P                         D S P           
[23;80H [24;1H               D S P D                           S P D           
[23;80H [24;1H             S P D S                             P D             
[23;80H [24;1H             S P D                                               
[23;80H [24;1H             S P D                                               
[23;80H [24;1H                                                                 
[23;80H [24;1H
[23;80H [24;1HNet:   Ethernet PHY: GENERIC @ 0x01
[23;80H [24;1HDaVinci EMAC
[23;80H [24;1HHit any key to stop autoboot:  3  2  1  0 
[23;80H [24;1H
[23;80H [24;1HNAND read: device 0 offset 0x580000, size 0x300000
[23;80H [24;1H 3145728 bytes read: OK
[23;80H [24;1H#reboot
# Booting kernel from Legacy Image at 81000000 ...
[23;80H [24;1H   Image Name:   Linux-2.6.37
[23;80H [24;1H   Created:      2015-05-12   9:50:06 UTC
[23;80H [24;1H   Image Type:   ARM Linux Kernel Image (uncompressed)
[23;80H [24;1H   Data Size:    2583180 Bytes = 2.5 MiB
[23;80H [24;1H   Load Address: 80008000
[23;80H [24;1H   Entry Point:  80008000
[23;80H [24;1H   Verifying Checksum ... OK
[23;80H [24;1H   Loading Kernel Image ... OK
[23;80H [24;1HOK
[23;80H [24;1H
[23;80H [24;1HStarting kernel ...
[23;80H [24;1H
[23;80H [24;1HUncompressing Linux... done, booting the kernel.
[23;80H [24;1HLinux version 2.6.37 (mxf@ubuntu) (gcc version 4.5.3 20110311 (prerelease) (GCC[24;80H[24;80H[24;80H[24;80H[24;80H[24;80H[24;80H[24;80H[24;80H[24;80H[24;80H[24;80H[24;80H[24;80H[24;80H[24;80H[24;80H[24;80H[24;80H[24;80H[24;80H[24;80H[24;80H[24;80H[24;80H[24;80H[24;80H[24;80H[24;80H[24;80H[24;80H[24;80H[24;80H[24;80H[24;80H
[23;80H5[24;1HCPU: ARMv7 Processor [413fc082] revision 2 (ARMv7), cr=10c53c7f
[23;80H [24;1HCPU: VIPT nonaliasing data cache, VIPT aliasing instruction cache
[23;80H [24;1HMachine: ti8168evm
[23;80H [24;1Hvram size = 20971520 at 0x0
[23;80H [24;1Hti81xx_reserve: ### Reserved DDR region @8ff00000
[23;80H [24;1Hreserved size = 20971520 at 0x0
[23;80H [24;1HFB: Reserving 20971520 bytes SDRAM for VRAM
[23;80H [24;1HMemory policy: ECC disabled, Data cache writeback
[23;80H [24;1HOMAP chip is TI8168 2.1
[23;80H [24;1HBuilt 1 zonelists in Zone order, mobility grouping on.  Total pages: 59648
[23;80H [24;1HKernel command line: console=ttyO2,115200n8 noinitrd ip=192.168.1.194 mem=256M [24;80H[24;80H[24;80H[24;80H[24;80H[24;80H[24;80H[24;80H[24;80H[24;80H[24;80H[24;80H[24;80H[24;80H[24;80H[24;80H[24;80H[24;80H[24;80H[24;80H[24;80H[24;80H[24;80H[24;80H[24;80H[24;80H[24;80H[24;80H[24;80H[24;80H[24;80H[24;80H[24;80H[24;80H[24;80H[24;80H[24;80H[24;80H[24;80H[24;80H[24;80H[24;80H[24;80H[24;80H[24;80H[24;80H[24;80H[24;80H[24;80H[24;80H[24;80H[24;80H[24;80H[24;80H[24;80H[24;80H[24;80H[24;80H[24;80H[24;80H[24;80H[24;80H[24;80H[24;80H[24;80H[24;80H[24;80H[24;80H[24;80H[24;80H[24;80H[24;80H[24;80H[24;80H[24;80H[24;80H[24;80H[24;80H[24;80H[24;80H[24;80H[24;80H[24;80H[24;80H[24;80H[24;80H[24;80H[24;80H[24;80H[24;80H[24;80H[24;80H[24;80H[24;80H[24;80H[24;80H[24;80H[24;80H[24;80H[24;80H[24;80H[24;80H[24;80H[24;80H[24;80H[24;80H[24;80H[24;80H[24;80H[24;80H[24;80H[24;80H[24;80H[24;80H[24;80H[24;80H[24;80H[24;80H[24;80H[24;80H[24;80H[24;80H[24;80H[24;80H[24;80H[24;80H[24;80H[24;80H[24;80H[24;80H[24;80H[24;80H[24;80H[24;80H[24;80H[24;80H[24;80H[24;80H[24;80H
[23;80HM[24;1HPID hash table entries: 1024 (order: 0, 4096 bytes)
[23;80H [24;1HDentry cache hash table entries: 32768 (order: 5, 131072 bytes)
[23;80H [24;1HInode-cache hash table entries: 16384 (order: 4, 65536 bytes)
[23;80H [24;1HMemory: 234MB 1MB = 235MB total
[23;80H [24;1HMemory: 232800k/232800k available, 29344k reserved, 0K highmem
[23;80H [24;1HVirtual kernel memory layout:
[23;80H [24;1H    vector  : 0xffff0000 - 0xffff1000   (   4 kB)
[23;80H [24;1H    fixmap  : 0xfff00000 - 0xfffe0000   ( 896 kB)
[23;80H [24;1H    DMA     : 0xffc00000 - 0xffe00000   (   2 MB)
[23;80H [24;1H    vmalloc : 0xd0800000 - 0xf8000000   ( 632 MB)
[23;80H [24;1H    lowmem  : 0xc0000000 - 0xd0000000   ( 256 MB)
[23;80H [24;1H    pkmap   : 0xbfe00000 - 0xc0000000   (   2 MB)
[23;80H [24;1H    modules : 0xbf000000 - 0xbfe00000   (  14 MB)
[23;80H [24;1H      .init : 0xc0008000 - 0xc0040000   ( 224 kB)
[23;80H [24;1H      .text : 0xc0040000 - 0xc04e1000   (4740 kB)
[23;80H [24;1H      .data : 0xc04e2000 - 0xc0531840   ( 319 kB)
[23;80H [24;1HSLUB: Genslabs=11, HWalign=64, Order=0-3, MinObjects=0, CPUs=1, Nodes=1
[23;80H [24;1HNR_IRQS:375
[23;80H [24;1HIRQ: Found an INTC at 0xfa200000 (revision 5.0) with 128 interrupts
[23;80H [24;1HTotal of 128 interrupts on 1 active controller
[23;80H [24;1HGPMC revision 6.0
[23;80H [24;1HTrying to install interrupt handler for IRQ368
[23;80H [24;1HTrying to install interrupt handler for IRQ369
[23;80H [24;1HTrying to install interrupt handler for IRQ370
[23;80H [24;1HTrying to install interrupt handler for IRQ371
[23;80H [24;1HTrying to install interrupt handler for IRQ372
[23;80H [24;1HTrying to install interrupt handler for IRQ373
[23;80H [24;1HTrying to install interrupt handler for IRQ374
[23;80H [24;1HTrying to install type control for IRQ375
[23;80H [24;1HTrying to set irq flags for IRQ375
[23;80H [24;1HOMAP clockevent source: GPTIMER1 at 27000000 Hz
[23;80H [24;1HConsole: colour dummy device 80x30
[23;80H [24;1HCalibrating delay loop... 986.31 BogoMIPS (lpj=4931584)
[23;80H [24;1Hpid_max: default: 32768 minimum: 301
[23;80H [24;1HSecurity Framework initialized
[23;80H [24;1HMount-cache hash table entries: 512
[23;80H [24;1HCPU: Testing write buffer coherency: ok
[23;80H [24;1Hdevtmpfs: initialized
[23;80H [24;1HTI81XX: Map 0x8ff00000 to 0xfe500000 for dram barrier
[23;80H [24;1HTI81XX: Map 0x40300000 to 0xfe600000 for sram barrier
[23;80H [24;1Homap_voltage_early_init: voltage driver support not added
[23;80H [24;1Hregulator: core version 0.5
[23;80H [24;1Hregulator: dummy: 
[23;80H [24;1HNET: Registered protocol family 16
[23;80H [24;1Homap_voltage_domain_lookup: Voltage driver init not yet happened.Faulting!
[23;80H [24;1Homap_voltage_add_dev: VDD specified does not exist!
[23;80H [24;1HOMAP GPIO hardware version 0.1
[23;80H [24;1HOMAP GPIO hardware version 0.1
[23;80H [24;1Homap_mux_init: Add partition: #1: core, flags: 0
[23;80H [24;1H_omap_mux_get_by_name: Could not find signal i2c2_scl.i2c2_scl
[23;80H [24;1H_omap_mux_get_by_name: Could not find signal i2c2_sda.i2c2_sda
[23;80H [24;1HNOR: Can't request GPMC CS
[23;80H [24;1Hregistered ti816x_gpio_vr device
[23;80H [24;1Hregistered ti816x_sr device
[23;80H [24;1HCannot clk_get ck_32
[23;80H [24;1Hpm_dbg_init: only OMAP3 supported
[23;80H [24;1Hregistered ti81xx_vpss device
[23;80H [24;1Hregistered ti81xx_vidout device
[23;80H [24;1Hregistered ti81xx on-chip HDMI device
[23;80H [24;1Hregistered ti81xx_fb device
[23;80H [24;1Hregistered ti81xx_vin device
[23;80H [24;1HNSS Crypto DMA hardware revision 1.9 @ IRQ 116
[23;80H [24;1Hbio: create slab <bio-0> at 0
[23;80H [24;1Hregulator: VFB: 800 <--> 1025 mV at 800 mV 
[23;80H [24;1HSCSI subsystem initialized
[23;80H [24;1Husbcore: registered new interface driver usbfs
[23;80H [24;1Husbcore: registered new interface driver hub
[23;80H [24;1Husbcore: registered new device driver usb
[23;80H [24;1HUSBSS revision 4ea20809
[23;80H [24;1Hregisterd cppi-dma Intr @ IRQ 17
[23;80H [24;1HCppi41 Init Done
[23;80H [24;1Homap_i2c omap_i2c.1: bus 1 rev4.0 at 100 kHz
[23;80H [24;1HI2C: Read failed at pcf8575_cir_enable 673 with error code: -121
[23;80H [24;1HI2C: Transfer failed at pcf8575_cir_enable 679 with error code: -121
[23;80H [24;1Homap_i2c omap_i2c.2: bus 2 rev4.0 at 100 kHz
[23;80H [24;1HAdvanced Linux Sound Architecture Driver Version 1.0.23.
[23;80H [24;1HSwitching to clocksource gp timer
[23;80H [24;1Hmusb-hdrc: version 6.0, host, debug=0
[23;80H [24;1Hmusb-hdrc musb-hdrc.0: dma type: dma-cppi41
[23;80H [24;1HMUSB controller-0 revision 4ea20800
[23;80H [24;1Hmusb-hdrc musb-hdrc.0: MUSB HDRC host driver
[23;80H [24;1Hmusb-hdrc musb-hdrc.0: new USB bus registered, assigned bus number 1
[23;80H [24;1Husb usb1: New USB device found, idVendor=1d6b, idProduct=0002
[23;80H [24;1Husb usb1: New USB device strings: Mfr=3, Product=2, SerialNumber=1
[23;80H [24;1Husb usb1: Product: MUSB HDRC host driver
[23;80H [24;1Husb usb1: Manufacturer: Linux 2.6.37 musb-hcd
[23;80H [24;1Husb usb1: SerialNumber: musb-hdrc.0
[23;80H [24;1Hhub 1-0:1.0: USB hub found
[23;80H [24;1Hhub 1-0:1.0: 1 port detected
[23;80H [24;1Hmusb-hdrc musb-hdrc.0: USB Host mode controller at d081e000 using DMA, IRQ 18
[23;80H [24;1Hmusb-hdrc musb-hdrc.1: dma type: dma-cppi41
[23;80H [24;1HMUSB controller-1 revision 4ea20800
[23;80H [24;1Hmusb-hdrc musb-hdrc.1: MUSB HDRC host driver
[23;80H [24;1Hmusb-hdrc musb-hdrc.1: new USB bus registered, assigned bus number 2
[23;80H [24;1Husb usb2: New USB device found, idVendor=1d6b, idProduct=0002
[23;80H [24;1Husb usb2: New USB device strings: Mfr=3, Product=2, SerialNumber=1
[23;80H [24;1Husb usb2: Product: MUSB HDRC host driver
[23;80H [24;1Husb usb2: Manufacturer: Linux 2.6.37 musb-hcd
[23;80H [24;1Husb usb2: SerialNumber: musb-hdrc.1
[23;80H [24;1Hhub 2-0:1.0: USB hub found
[23;80H [24;1Hhub 2-0:1.0: 1 port detected
[23;80H [24;1Hmusb-hdrc musb-hdrc.1: USB Host mode controller at d082a800 using DMA, IRQ 19
[23;80H [24;1HNET: Registered protocol family 2
[23;80H [24;1HIP route cache hash table entries: 2048 (order: 1, 8192 bytes)
[23;80H [24;1HTCP established hash table entries: 8192 (order: 4, 65536 bytes)
[23;80H [24;1HTCP bind hash table entries: 8192 (order: 3, 32768 bytes)
[23;80H [24;1HTCP: Hash tables configured (established 8192 bind 8192)
[23;80H [24;1HTCP reno registered
[23;80H [24;1HUDP hash table entries: 256 (order: 0, 4096 bytes)
[23;80H [24;1HUDP-Lite hash table entries: 256 (order: 0, 4096 bytes)
[23;80H [24;1HNET: Registered protocol family 1
[23;80H [24;1HRPC: Registered udp transport module.
[23;80H [24;1HRPC: Registered tcp transport module.
[23;80H [24;1HRPC: Registered tcp NFSv4.1 backchannel transport module.
[23;80H [24;1HNetWinder Floating Point Emulator V0.97 (double precision)
[23;80H [24;1HPMU: registered new PMU device of type 0
[23;80H [24;1Homap-iommu omap-iommu.0: ducati registered
[23;80H [24;1Homap-iommu omap-iommu.1: sys registered
[23;80H [24;1HJFFS2 version 2.2. (NAND) ÂÂ© 2001-2006 Red Hat, Inc.
[23;80H [24;1Hmsgmni has been set to 454
[23;80H [24;1Halg: No test for stdrng (krng)
[23;80H [24;1Hio scheduler noop registered
[23;80H [24;1Hio scheduler deadline registered
[23;80H [24;1Hio scheduler cfq registered (default)
[23;80H [24;1Hnss_rng nss_rng: NSS Random Number Generator ver. 2.0
[23;80H [24;1HSerial: 8250/16550 driver, 4 ports, IRQ sharing enabled
[23;80H [24;1Homap_uart.0: ttyO0 at MMIO 0x48020000 (irq = 72) is a OMAP UART0
[23;80H [24;1Homap_uart.1: ttyO1 at MMIO 0x48022000 (irq = 73) is a OMAP UART1
[23;80H [24;1Homap_uart.2: ttyO2 at MMIO 0x48024000 (irq = 74) is a OMAP UART2
[23;80H [24;1Hconsole [ttyO2] enabled
[23;80H [24;1Hbrd: module loaded
[23;80H [24;1Hloop: module loaded
[23;80H [24;1Hahci probe: devid name is ahci
[23;80H [24;1Hahci CAP register dump =0x6726ff81
[23;80H [24;1HModified ahci CAP register dump =0x6f26ff81
[23;80H [24;1Hahci ahci.0: forcing PORTS_IMPL to 0x3
[23;80H [24;1Hahci: SSS flag set, parallel bus scan disabled
[23;80H [24;1Hahci ahci.0: AHCI 0001.0100 32 slots 2 ports 3 Gbps 0x3 impl platform mode
[23;80H [24;1Hahci ahci.0: flags: ncq sntf stag pm led clo only pmp pio slum part ccc 
[23;80H [24;1Hscsi0 : ahci_platform
[23;80H [24;1Hscsi1 : ahci_platform
[23;80H [24;1Hata1: SATA max UDMA/133 mmio [mem 0x4a140000-0x4a150fff] port 0x100 irq 16
[23;80H [24;1Hata2: SATA max UDMA/133 mmio [mem 0x4a140000-0x4a150fff] port 0x180 irq 16
[23;80H [24;1Hm25p80 spi1.0: found m25p05-nonjedec, expected m25p80
[23;80H [24;1Hm25p80 spi1.0: m25p05-nonjedec (64 Kbytes)
[23;80H [24;1HCreating 4 MTD partitions on "spi_flash":
[23;80H [24;1H0x000000000000-0x000000040000 : "U-Boot"
[23;80H [24;1Hmtd: partition "U-Boot" extends beyond the end of device "spi_flash" -- size tr[24;80H[24;80H[24;80H[24;80H[24;80H[24;80H[24;80H[24;80H[24;80H[24;80H[24;80H[24;80H[24;80H[24;80H[24;80H[24;80H[24;80H[24;80H
[23;80H0[24;1H0x000000010000-0x000000012000 : "U-Boot Env"
[23;80H [24;1Hmtd: partition "U-Boot Env" is out of reach -- disabled
[23;80H [24;1H0x000000000000-0x000000280000 : "Kernel"
[23;80H [24;1Hmtd: partition "Kernel" extends beyond the end of device "spi_flash" -- size tr[24;80H[24;80H[24;80H[24;80H[24;80H[24;80H[24;80H[24;80H[24;80H[24;80H[24;80H[24;80H[24;80H[24;80H[24;80H[24;80H[24;80H[24;80H
[23;80H0[24;1H0x000000010000-0x000000010000 : "File System"
[23;80H [24;1Hmtd: partition "File System" is out of reach -- disabled
[23;80H [24;1Homap2-nand driver initializing
[23;80H [24;1HNAND device: Maf ID: 0xec, Chip ID: 0xda (Samsung, )
[23;80H [24;1H erasesize: 0x20000, writesize: 2048, oobsize: 64
[23;80H [24;1Homap2-nand: detected x8 NAND flash 
[23;80H [24;1HCreating 6 MTD partitions on "omap2-nand.0":
[23;80H [24;1H0x000000000000-0x000000260000 : "U-Boot"
[23;80H [24;1H0x000000260000-0x000000280000 : "U-Boot Env"
[23;80H [24;1H0x000000280000-0x000000580000 : "U-Boot Logo"
[23;80H [24;1H0x000000580000-0x0000009c0000 : "Kernel"
[23;80H [24;1H0x0000009c0000-0x00000d1e0000 : "File System"
[23;80H [24;1H0x00000d1e0000-0x000010000000 : "Reserved"
[23;80H [24;1HUBI: attaching mtd8 to ubi0
[23;80H [24;1HUBI: physical eraseblock size:   131072 bytes (128 KiB)
[23;80H [24;1HUBI: logical eraseblock size:    126976 bytes
[23;80H [24;1HUBI: smallest flash I/O unit:    2048
[23;80H [24;1HUBI: sub-page size:              512
[23;80H [24;1HUBI: VID header offset:          2048 (aligned 2048)
[23;80H [24;1HUBI: data offset:                4096
[23;80H [24;1Hata1: SATA link down (SStatus 0 SControl 300)
[23;80H [24;1Hhub 2-0:1.0: over-current change on port 1
[23;80H [24;1Hata2: SATA link down (SStatus 0 SControl 300)
[23;80H [24;1HUBI error: process_eb: bad image sequence number 512081553 in PEB 1050, expecte[24;80H[24;80H[24;80H[24;80H[24;80H[24;80H[24;80H[24;80H[24;80H[24;80H[24;80H[24;80H
[23;80H1[24;1HUBI error: ubi_init: cannot attach mtd8
[23;80H [24;1Hdavinci_mdio davinci_mdio.0: davinci mdio revision 1.6
[23;80H [24;1Hdavinci_mdio davinci_mdio.0: detected phy mask fffffffd
[23;80H [24;1Hdavinci_mdio.0: probed
[23;80H [24;1Hdavinci_mdio davinci_mdio.0: phy[1]: device 0:01, driver unknown
[23;80H [24;1Husbcore: registered new interface driver cdc_ether
[23;80H [24;1Husbcore: registered new interface driver dm9601
[23;80H [24;1HInitializing USB Mass Storage driver...
[23;80H [24;1Husbcore: registered new interface driver usb-storage
[23;80H [24;1HUSB Mass Storage support registered.
[23;80H [24;1Hmice: PS/2 mouse device common for all mice
[23;80H [24;1Homap_rtc omap_rtc: rtc core: registered omap_rtc as rtc0
[23;80H [24;1Hi2c /dev entries driver
[23;80H [24;1HLinux video capture interface: v2.00
[23;80H [24;1Husbcore: registered new interface driver uvcvideo
[23;80H [24;1HUSB Video Class driver (v1.0.0)
[23;80H [24;1HOMAP Watchdog Timer Rev 0x00: initial timeout 60 sec
[23;80H [24;1Hnss_aes_mod_init: loading NSS AES driver
[23;80H [24;1Hnss-aes nss-aes: NSS AES hw accel rev: 3.2 (context 0 @0x41140000)
[23;80H [24;1Hnss-aes nss-aes: NSS AES hw accel rev: 3.2 (context 1 @0x41141000)
[23;80H [24;1Hnss-aes nss-aes: NSS AES hw accel rev: 3.2 (context 2 @0x411a0000)
[23;80H [24;1Hnss-aes nss-aes: NSS AES hw accel rev: 3.2 (context 3 @0x411a1000)
[23;80H [24;1Hnss_aes_probe: probe() done
[23;80H [24;1Hnss_des_mod_init: loading NSS DES driver
[23;80H [24;1Hnss-des nss-des: NSS DES hw accel rev: 2.2 (context 0 @0x41160000)
[23;80H [24;1Hnss-des nss-des: NSS DES hw accel rev: 2.2 (context 1 @0x41161000)
[23;80H [24;1Hnss_des_probe: probe() done
[23;80H [24;1Hnss_sham_mod_init: loading NSS SHA/MD5 driver
[23;80H [24;1Hnss-sham nss-sham: NSS SHA/MD5 hw accel rev: 4.03 (context 0 @0x41100000)
[23;80H [24;1Hnss-sham nss-sham: NSS SHA/MD5 hw accel rev: 4.03 (context 1 @0x41101000)
[23;80H [24;1Hnss-sham nss-sham: NSS SHA/MD5 hw accel rev: 4.03 (context 2 @0x411c0000)
[23;80H [24;1Hnss-sham nss-sham: NSS SHA/MD5 hw accel rev: 4.03 (context 3 @0x411c1000)
[23;80H [24;1Hnss_sham_probe: probe() done
[23;80H [24;1Husbcore: registered new interface driver usbhid
[23;80H [24;1Husbhid: USB HID core driver
[23;80H [24;1Hnotify_init : notify drivercreated  for  remote proc id 2 at physical Address 0[24;80H[24;80H[24;80H[24;80H[24;80H[24;80H[24;80H[24;80H[24;80H
[23;80H0[24;1Husbcore: registered new interface driver snd-usb-audio
[23;80H [24;1HRegistered tvp5158 audio codec
[23;80H [24;1Hasoc: tvp5158-hifi <-> davinci-mcasp.0 mapping ok
[23;80H [24;1Hasoc: tlv320aic3x-hifi <-> davinci-mcasp.2 mapping ok
[23;80H [24;1Hasoc: HDMI-DAI-CODEC <-> hdmi-dai mapping ok
[23;80H [24;1HALSA device list:
[23;80H [24;1H  #0: TI81XX SOUND0
[23;80H [24;1H  #1: TI81XX SOUND1
[23;80H [24;1HTCP cubic registered
[23;80H [24;1HNET: Registered protocol family 17
[23;80H [24;1HVFP support v0.3: implementor 41 architecture 3 part 30 variant c rev 3
[23;80H [24;1Homap_voltage_late_init: Voltage driver support not added
[23;80H [24;1HPower Management for TI81XX.
[23;80H [24;1Hsmartreflex smartreflex: Driver initialized
[23;80H [24;1Homap_rtc omap_rtc: setting system clock to 2000-01-01 00:00:00 UTC (946684800)
[23;80H [24;1Hdavinci_mdio davinci_mdio.0: resetting idled controller
[23;80H [24;1Hnet eth0: attached PHY driver [Generic PHY] (mii_bus:phy_addr=0:01, id=282f014)
[23;80H [24;1HIP-Config: Guessing netmask 255.255.255.0
[23;80H [24;1HIP-Config: Complete:
[23;80H [24;1H     device=eth0, addr=192.168.1.194, mask=255.255.255.0, gw=255.255.255.255,
[23;80H [24;1H     host=192.168.1.194, domain=, nis-domain=(none),
[23;80H [24;1H     bootserver=255.255.255.255, rootserver=255.255.255.255, rootpath=
[23;80H [24;1HVFS: Cannot open root device "ubi0:rootfs" or unknown-block(0,0)
[23;80H [24;1HPlease append a correct "root=" boot option; here are the available partitions:
[23;80H [24;1H1f00              64 mtdblock0  (driver?)
[23;80H [24;1H1f02              64 mtdblock2  (driver?)
[23;80H [24;1H1f04            2432 mtdblock4  (driver?)
[23;80H [24;1H1f05             128 mtdblock5  (driver?)
[23;80H [24;1H1f06            3072 mtdblock6  (driver?)
[23;80H [24;1H1f07            4352 mtdblock7  (driver?)
[23;80H [24;1H1f08          204928 mtdblock8  (driver?)
[23;80H [24;1H1f09           47232 mtdblock9  (driver?)
[23;80H [24;1HKernel panic - not syncing: VFS: Unable to mount root fs on unknown-block(0,0)
[23;80H [24;1HBacktrace: 
[23;80H [24;1H[<c004dfac>] (dump_backtrace+0x0/0x110) from [<c039b5c4>] (dump_stack+0x18/0x1c[24;80H
[23;80H)[24;1H r6:00008000 r5:ce414000 r4:c05323d8 r3:60000013
[23;80H [24;1H[<c039b5ac>] (dump_stack+0x0/0x1c) from [<c039b624>] (panic+0x5c/0x178)
[23;80H [24;1H[<c039b5c8>] (panic+0x0/0x178) from [<c0009184>] (mount_block_root+0x1c4/0x204)
[23;80H [24;1H r3:00000000 r2:00000000 r1:ce42bf78 r0:c045da55
[23;80H [24;1H r7:c002eb24
[23;80H [24;1H[<c0008fc0>] (mount_block_root+0x0/0x204) from [<c000940c>] (prepare_namespace+[24;80H[24;80H[24;80H[24;80H[24;80H[24;80H[24;80H[24;80H[24;80H[24;80H[24;80H
[23;80H)[24;1H[<c0009378>] (prepare_namespace+0x0/0x1cc) from [<c0008d70>] (kernel_init+0x114[24;80H[24;80H[24;80H[24;80H[24;80H[24;80H[24;80H
[23;80H)[24;1H r5:c002e0ec r4:c002e0ec
[23;80H [24;1H[<c0008c5c>] (kernel_init+0x0/0x154) from [<c00751ec>] (do_exit+0x0/0x5d0)
[23;80H [24;1H r5:c0008c5c r4:00000000
[23;80H [24;1H