Lockfile is stale. Overriding it..
[!p[?3;4l[4l>[0m(B[?1h=[H[2J[?12l[?25h
Welcome to minicom 2.7

OPTIONS: I18n 
Compiled on Jan  1 2014, 17:13:19.
Port /dev/ttyUSB0, 13:16:48

Press CTRL-A Z for help on special keys



U-Boot 2010.06 (Nov 23 2015 - 13:12:40)

CDXZRS-GP rev 1.0

I2C:   ready
DRAM:  2 GiB
NAND:  HW ECC BCH8 Selected
256 MiB
MMC:   OMAP SD/MMC: 0
EricDebug: CONFIG_MISC_INIT_R 
:,;;:;:;;;;;;;;r;;:,;;:;:;;;;;;;;:,;;:;:;;;;;;;;:,;;:;:;;;;;;;;:;;;;;;;;:,;;:;:
;,;:::;;;;r;;;rssiSiS552X5252525259GX2X9hX9X9XX2325S55252i5:,;;:;:;;;;;;;;:,;;:
;:;;;;;;;rrssSsS52S22h52299GGAAMHMM#BBH#B#HMM#HMBA&&XX2255S2S5Si:,;;:;:;;;;;;;;
[23;80H [24;1H;:;;r;;rsrrriiXS5S329&A&MH#BMB#A&9XXA252GXiSXX39AAMMMBB&G22S5i2SSiiiisi:,;;:;:;
[23;80H [24;1H;;;;;r;rr2iisiih393HB#B#AA99i22irrrX3X52AGsisss2Xii2299HBMA&X2S5S5iSiisSsi:,;;:
[23;80H [24;1Hr:r;rrsrsihXSi2&##MHB&Ahh3AGHGA9G9h&#H##@@@##MAMMXXX9SSS29&&HGGX2i5iisiiisisi:,
[23;80H [24;1H;;rrrrsSiiiA&ABH&A9GAGhAhBAMHA9HM@@@@@@@@@@@@@@@@@@@HHhAh2S2SX9&Gh22SSiisiiisii
[23;80H [24;1Hr:rrssisiS2XM##&h3AGAX&3GG3Ssr5H@M#HM2; ;2X&&&MHMB###GBB#B&XXSSs529XX55iSsisisi
[23;80H [24;1Hr;rsrisSi2XHAhX99A3XXG&&XS;:,rH#HGhAS   @@@@3rs2XBM@@A552&&AHA2XiisSS252SSsisSs
[23;80H [24;1Hr;issi5S22&&3iSSX292&hXsr;;:;h@&G339&S9@@@@2@MA&9&HB##Xris29ABMAAX2ir;rsSi5iss5
[23;80H [24;1HrrsSi2XhG&9GXh399&X99i;;;;;;r#H&293H9X#@@@@@@@B&9GhAH@XrrsrsiXABHB&HG2rr;rrSiSi
[23;80H [24;1H;:rsisS599&AA9XG&3A35r;:::;,;BMh&&2iX5A@@@@@@@&392X5GB2;;;r;iSX393A##A&Xi:::rsi
[23;80H [24;1H;:rss552222X553&XHMhir;;::,:,h#HhGSXhG3#@@@@#AXXS2XAHA;::;;;;ss55XShBA3239r:,;;
[23;80H [24;1Hr;ii2S5SSi2i53hirsh2srr::,,,,;MMXX359&Ah3h&Si59SX99A#i:,::::;;sri2,.2r;:SGAr;,:
[23;80H [24;1H;:;rrrrssiriXGSi::shs;;;,,,:,,rBBA9h5s5h5iS5isi2SAHB5:,,,:::;rrs5&SrisSX5Srrr:,
[23;80H [24;1H;,r;;;;rsriSSrrrr;;5Xrr;;,:,,.,;9AA2SsisS5323XXXG9&i:.,,::;;r;;;srrrrrr;;:;::::
[23;80H [24;1H:,;r;r;rrissrrr;:;::;s;;;;,:,,..,r293h222hXXAAGGGX;:,,,:,:,::;:;::,:,,,,...,,,,
[23;80H [24;1H;,;;;;rrrrrrrrirr;,.,,:::::::,,,,.,;SX&ABAB2hhXir:,,.,,.,,:,,,,..,,,..,..,,,..:
[23;80H [24;1H:.:;:;;;:;;;;r;rrs;:.. ,,:::::,:,:,,.::rrsrr;;,,.......,..,....,,,,,,,...,.,,:,
[23;80H [24;1H:.:::,::::::;;r;rrr;:.......,.,.,,:::,,...............,,::.,,,,:,::,,:,:,,,:,;:
[23;80H [24;1H,.::,:,,,,,;;;;;;;;r;;::,..............................;;;:;::::,:::::::,:,:,,,
[23;80H [24;1H: ,,:,,,,,,,,,,,,,:;rrr;;:;,,,,,,,::,.,.:.,.,;s,:;;;;:;:;;;;;::::,:::,:::,:,:,:
[23;80H [24;1H,.,,,,,,,...,,.,,....................................:,............:,,,:,:,,,,,
[23;80H [24;1H
[23;80H [24;1HEricDebug: didn't CONFIG_DRIVER_SMC91111 
[23;80H [24;1HEricDebug: didn't CONFIG_DRIVER_LAN91C96 
[23;80H [24;1HEricDebug: CONFIG_CMD_NET 
[23;80H [24;1HEricDebug: CONFIG_CMD_NET 
[23;80H [24;1HEricDebug: CONFIG_NET_MULTI 
[23;80H [24;1HNet:   EricDebug: eth.c ,204 
[23;80H [24;1HEricDebug: CONFIG_MII 
[23;80H [24;1HEricDebug: didn't CONFIG_CMD_MII 
[23;80H [24;1HEricDebug: didn't CONFIG_DB64360 
[23;80H [24;1HEricDebug: didn't CONFIG_CPCI750 
[23;80H [24;1HEricDebug: didn't CONFIG_DB64460 
[23;80H [24;1HEricDebug: didn't CONFIG_P3Mx 
[23;80H [24;1HEricDebug: CONFIG_NET_MULTI 
[23;80H [24;1Hset mac addr : ae:df: 0:27:aa:44
[23;80H [24;1Hset mac addr1 : af:df: 0:27:aa:44
[23;80H [24;1HEthernet PHY: GENERIC @ 0x01
[23;80H [24;1HEricDebug : dev->write_hwaddr  =(null) 
[23;80H [24;1HDaVinci EMACEricDebug : 0x44,0xaa,0x27,0x00,0xdf,0xae 
[23;80H [24;1HEricDebug :is_valid_ether_addr 
[23;80H [24;1H
[23;80H [24;1H JTAG ID is equal to 0x3b81e02f  
[23;80H [24;1H JTAG ID is equal to 0x3b81e02f  
[23;80H [24;1H JTAG ID is equal to 0x3b81e02f  
[23;80H [24;1H JTAG ID is equal to 0x3b81e02f  
[23;80H [24;1H JTAG ID is equal to 0x3b81e02f  
[23;80H [24;1H JTAG ID is equal to 0x3b81e02f  
[23;80H [24;1H JTAG ID is equal to 0x3b81e02f  
[23;80H [24;1H JTAG ID is equal to 0x3b81e02f  
[23;80H [24;1H JTAG ID is equal to 0x3b81e02f  
[23;80H [24;1H JTAG ID is equal to 0x3b81e02f  
[23;80H [24;1H JTAG ID is equal to 0x3b81e02f  
[23;80H [24;1H JTAG ID is equal to 0x3b81e02f  
[23;80H [24;1H JTAG ID is equal to 0x3b81e02f  
[23;80H [24;1H MAC_ID0_LO is equal to 0xaedf  
[23;80H [24;1H MAC_ID0_LO is equal to 0xaedf  
[23;80H [24;1H MAC_ID0_LO is equal to 0xaedf  
[23;80H [24;1H MAC_ID0_HI is equal to 0x97239d0  
[23;80H [24;1H MAC_ID0_HI is equal to 0x97239d0  
[23;80H [24;1H MAC_ID0_HI is equal to 0x97239d0  
[23;80H [24;1H MAC_ID1_LO is equal to 0xafdf  
[23;80H [24;1H MAC_ID1_LO is equal to 0xafdf  
[23;80H [24;1H MAC_ID1_LO is equal to 0xafdf  
[23;80H [24;1H MAC_ID1_HI is equal to 0x97239d0  
[23;80H [24;1H MAC_ID1_HI is equal to 0x97239d0  
[23;80H [24;1H MAC_ID1_HI is equal to 0x97239d0  
[23;80H [24;1HHit any key to stop autoboot:  1  0 
[23;80H [24;1H
[23;80H [24;1HNAND read: device 0 offset 0x580000, size 0x300000
[23;80H [24;1H 3145728 bytes read: OK
[23;80H [24;1H## Booting kernel from Legacy Image at 81000000 ...
[23;80H [24;1H   Image Name:   Linux-2.6.37
[23;80H [24;1H   Created:      2015-11-17   5:22:03 UTC
[23;80H [24;1H   Image Type:   ARM Linux Kernel Image (uncompressed)
[23;80H [24;1H   Data Size:    2627208 Bytes = 2.5 MiB
[23;80H [24;1H   Load Address: c0008000
[23;80H [24;1H   Entry Point:  c0008000
[23;80H [24;1H   Verifying Checksum ... OK
[23;80H [24;1H   Loading Kernel Image ... OK
[23;80H [24;1HOK
[23;80H [24;1H
[23;80H [24;1HStarting kernel ...
[23;80H [24;1H
[23;80H [24;1HLinux version 2.6.37 (hsw@ubuntu) (gcc version 4.5.3 20110311 (prerelease) (GCC[24;80H[24;80H[24;80H[24;80H[24;80H[24;80H[24;80H[24;80H[24;80H[24;80H[24;80H[24;80H[24;80H[24;80H[24;80H[24;80H[24;80H[24;80H[24;80H[24;80H[24;80H[24;80H[24;80H[24;80H[24;80H[24;80H[24;80H[24;80H[24;80H[24;80H[24;80H[24;80H[24;80H[24;80H[24;80H[24;80H
[23;80H5[24;1HCPU: ARMv7 Processor [413fc082] revision 2 (ARMv7), cr=10c53c7f
[23;80H [24;1HCPU: VIPT nonaliasing data cache, VIPT aliasing instruction cache
[23;80H [24;1HMachine: ud8168_dvr
[23;80H [24;1Hvram size = 20971520 at 0x0
[23;80H [24;1Hti81xx_reserve: ### Reserved DDR region @dff00000
[23;80H [24;1Hreserved size = 20971520 at 0x0
[23;80H [24;1HFB: Reserving 20971520 bytes SDRAM for VRAM
[23;80H [24;1HMemory policy: ECC disabled, Data cache writeback
[23;80H [24;1HOMAP chip is TI8168 2.1
[23;80H [24;1HBuilt 1 zonelists in Zone order, mobility grouping on.  Total pages: 124672
[23;80H [24;1HKernel command line: mem=512M console=ttyO2,115200n8 rootwait=1 rw ubi.mtd=4,20[24;80H[24;80H[24;80H[24;80H[24;80H[24;80H[24;80H[24;80H[24;80H[24;80H[24;80H[24;80H[24;80H[24;80H[24;80H[24;80H[24;80H[24;80H[24;80H[24;80H[24;80H[24;80H[24;80H[24;80H[24;80H[24;80H[24;80H[24;80H[24;80H[24;80H[24;80H[24;80H[24;80H[24;80H[24;80H[24;80H[24;80H[24;80H[24;80H[24;80H[24;80H[24;80H[24;80H[24;80H[24;80H[24;80H[24;80H[24;80H[24;80H[24;80H[24;80H[24;80H[24;80H[24;80H[24;80H[24;80H[24;80H[24;80H[24;80H[24;80H[24;80H[24;80H[24;80H[24;80H[24;80H[24;80H[24;80H[24;80H[24;80H[24;80H[24;80H[24;80H[24;80H[24;80H[24;80H[24;80H[24;80H[24;80H[24;80H[24;80H[24;80H[24;80H[24;80H[24;80H[24;80H[24;80H[24;80H[24;80H[24;80H[24;80H[24;80H[24;80H[24;80H[24;80H[24;80H[24;80H[24;80H[24;80H[24;80H[24;80H[24;80H[24;80H[24;80H[24;80H[24;80H[24;80H[24;80H[24;80H[24;80H[24;80H[24;80H[24;80H[24;80H[24;80H[24;80H[24;80H[24;80H[24;80H[24;80H
[23;80HM[24;1HPID hash table entries: 2048 (order: 1, 8192 bytes)
[23;80H [24;1HDentry cache hash table entries: 65536 (order: 6, 262144 bytes)
[23;80H [24;1HInode-cache hash table entries: 32768 (order: 5, 131072 bytes)
[23;80H [24;1HMemory: 490MB 1MB = 491MB total
[23;80H [24;1HMemory: 492612k/492612k available, 31676k reserved, 72704K highmem
[23;80H [24;1HVirtual kernel memory layout:
[23;80H [24;1H    vector  : 0xffff0000 - 0xffff1000   (   4 kB)
[23;80H [24;1H    fixmap  : 0xfff00000 - 0xfffe0000   ( 896 kB)
[23;80H [24;1H    DMA     : 0xffc00000 - 0xffe00000   (   2 MB)
[23;80H [24;1H    vmalloc : 0xda800000 - 0xf8000000   ( 472 MB)
[23;80H [24;1H    lowmem  : 0xc0000000 - 0xda400000   ( 420 MB)
[23;80H [24;1H    pkmap   : 0xbfe00000 - 0xc0000000   (   2 MB)
[23;80H [24;1H    modules : 0xbf000000 - 0xbfe00000   (  14 MB)
[23;80H [24;1H      .init : 0xc0008000 - 0xc0040000   ( 224 kB)
[23;80H [24;1H      .text : 0xc0040000 - 0xc04f8000   (4832 kB)
[23;80H [24;1H      .data : 0xc04f8000 - 0xc05473c0   ( 317 kB)
[23;80H [24;1HSLUB: Genslabs=11, HWalign=64, Order=0-3, MinObjects=0, CPUs=1, Nodes=1
[23;80H [24;1HNR_IRQS:375
[23;80H [24;1HIRQ: Found an INTC at 0xfa200000 (revision 5.0) with 128 interrupts
[23;80H [24;1HTotal of 128 interrupts on 1 active controller
[23;80H [24;1HGPMC revision 6.0
[23;80H [24;1HTrying to install interrupt handler for IRQ368
[23;80H [24;1HTrying to install interrupt handler for IRQ369
[23;80H [24;1HTrying to install interrupt handler for IRQ370
[23;80H [24;1HTrying to install interrupt handler for IRQ371
[23;80H [24;1HTrying to install interrupt handler for IRQ372
[23;80H [24;1HTrying to install interrupt handler for IRQ373
[23;80H [24;1HTrying to install interrupt handler for IRQ374
[23;80H [24;1HTrying to install type control for IRQ375
[23;80H [24;1HTrying to set irq flags for IRQ375
[23;80H [24;1HOMAP clockevent source: GPTIMER1 at 27000000 Hz
[23;80H [24;1HConsole: colour dummy device 80x30
[23;80H [24;1HCalibrating delay loop... 986.31 BogoMIPS (lpj=4931584)
[23;80H [24;1Hpid_max: default: 32768 minimum: 301
[23;80H [24;1HSecurity Framework initialized
[23;80H [24;1HMount-cache hash table entries: 512
[23;80H [24;1HCPU: Testing write buffer coherency: ok
[23;80H [24;1Hdevtmpfs: initialized
[23;80H [24;1HTI81XX: Map 0xdff00000 to 0xfe500000 for dram barrier
[23;80H [24;1HTI81XX: Map 0x40300000 to 0xfe600000 for sram barrier
[23;80H [24;1Homap_voltage_early_init: voltage driver support not added
[23;80H [24;1Hregulator: core version 0.5
[23;80H [24;1Hregulator: dummy: 
[23;80H [24;1HNET: Registered protocol family 16
[23;80H [24;1Homap_voltage_domain_lookup: Voltage driver init not yet happened.Faulting!
[23;80H [24;1Homap_voltage_add_dev: VDD specified does not exist!
[23;80H [24;1HOMAP GPIO hardware version 0.1
[23;80H [24;1HOMAP GPIO hardware version 0.1
[23;80H [24;1Homap_mux_init: Add partition: #1: core, flags: 0
[23;80H [24;1H3-wired eeprom init done. (H/W ver:ffff)
[23;80H [24;1H_omap_mux_get_by_name: Could not find signal i2c2_scl.i2c2_scl
[23;80H [24;1H_omap_mux_get_by_name: Could not find signal i2c2_sda.i2c2_sda
[23;80H [24;1Hhw-breakpoint: debug architecture 0x4 unsupported.
[23;80H [24;1Hhw perfevents: enabled with ARMv7 Cortex-A8 PMU driver, 5 counters available
[23;80H [24;1HCannot clk_get ck_32
[23;80H [24;1Hpm_dbg_init: only OMAP3 supported
[23;80H [24;1Hregistered ti81xx_vpss device
[23;80H [24;1Hregistered ti81xx_vidout device
[23;80H [24;1Hregistered ti81xx on-chip HDMI device
[23;80H [24;1Hregistered ti81xx_fb device
[23;80H [24;1HNSS Crypto DMA hardware revision 1.9 @ IRQ 116
[23;80H [24;1Hbio: create slab <bio-0> at 0
[23;80H [24;1HSCSI subsystem initialized
[23;80H [24;1Husbcore: registered new interface driver usbfs
[23;80H [24;1Husbcore: registered new interface driver hub
[23;80H [24;1Husbcore: registered new device driver usb
[23;80H [24;1HUSBSS revision 4ea20809
[23;80H [24;1Hregisterd cppi-dma Intr @ IRQ 17
[23;80H [24;1HCppi41 Init Done
[23;80H [24;1Homap_i2c omap_i2c.1: bus 1 rev4.0 at 100 kHz
[23;80H [24;1Homap_i2c omap_i2c.2: bus 2 rev4.0 at 100 kHz
[23;80H [24;1HAdvanced Linux Sound Architecture Driver Version 1.0.23.
[23;80H [24;1HSwitching to clocksource gp timer
[23;80H [24;1Hmusb-hdrc: version 6.0, host, debug=0
[23;80H [24;1Hmusb-hdrc musb-hdrc.0: dma type: dma-cppi41
[23;80H [24;1HMUSB controller-0 revision 4ea20800
[23;80H [24;1Hmusb-hdrc musb-hdrc.0: MUSB HDRC host driver
[23;80H [24;1Hmusb-hdrc musb-hdrc.0: new USB bus registered, assigned bus number 1
[23;80H [24;1Husb usb1: New USB device found, idVendor=1d6b, idProduct=0002
[23;80H [24;1Husb usb1: New USB device strings: Mfr=3, Product=2, SerialNumber=1
[23;80H [24;1Husb usb1: Product: MUSB HDRC host driver
[23;80H [24;1Husb usb1: Manufacturer: Linux 2.6.37 musb-hcd
[23;80H [24;1Husb usb1: SerialNumber: musb-hdrc.0
[23;80H [24;1Hhub 1-0:1.0: USB hub found
[23;80H [24;1Hhub 1-0:1.0: 1 port detected
[23;80H [24;1Hmusb-hdrc musb-hdrc.0: USB Host mode controller at da81e000 using DMA, IRQ 18
[23;80H [24;1Hmusb-hdrc musb-hdrc.1: dma type: dma-cppi41
[23;80H [24;1HMUSB controller-1 revision 4ea20800
[23;80H [24;1Hmusb-hdrc musb-hdrc.1: MUSB HDRC host driver
[23;80H [24;1Hmusb-hdrc musb-hdrc.1: new USB bus registered, assigned bus number 2
[23;80H [24;1Husb usb2: New USB device found, idVendor=1d6b, idProduct=0002
[23;80H [24;1Husb usb2: New USB device strings: Mfr=3, Product=2, SerialNumber=1
[23;80H [24;1Husb usb2: Product: MUSB HDRC host driver
[23;80H [24;1Husb usb2: Manufacturer: Linux 2.6.37 musb-hcd
[23;80H [24;1Husb usb2: SerialNumber: musb-hdrc.1
[23;80H [24;1Hhub 2-0:1.0: USB hub found
[23;80H [24;1Hhub 2-0:1.0: 1 port detected
[23;80H [24;1Hmusb-hdrc musb-hdrc.1: USB Host mode controller at da82a800 using DMA, IRQ 19
[23;80H [24;1HNET: Registered protocol family 2
[23;80H [24;1HIP route cache hash table entries: 4096 (order: 2, 16384 bytes)
[23;80H [24;1HTCP established hash table entries: 16384 (order: 5, 131072 bytes)
[23;80H [24;1HTCP bind hash table entries: 16384 (order: 4, 65536 bytes)
[23;80H [24;1HTCP: Hash tables configured (established 16384 bind 16384)
[23;80H [24;1HTCP reno registered
[23;80H [24;1HUDP hash table entries: 256 (order: 0, 4096 bytes)
[23;80H [24;1HUDP-Lite hash table entries: 256 (order: 0, 4096 bytes)
[23;80H [24;1HNET: Registered protocol family 1
[23;80H [24;1HRPC: Registered udp transport module.
[23;80H [24;1HRPC: Registered tcp transport module.
[23;80H [24;1HRPC: Registered tcp NFSv4.1 backchannel transport module.
[23;80H [24;1HNetWinder Floating Point Emulator V0.97 (double precision)
[23;80H [24;1HPMU: registered new PMU device of type 0
[23;80H [24;1Homap-iommu omap-iommu.0: ducati registered
[23;80H [24;1Homap-iommu omap-iommu.1: sys registered
[23;80H [24;1Hhighmem bounce pool size: 64 pages
[23;80H [24;1HJFFS2 version 2.2. (NAND) ÂÂ© 2001-2006 Red Hat, Inc.
[23;80H [24;1Hmsgmni has been set to 820
[23;80H [24;1Halg: No test for stdrng (krng)
[23;80H [24;1Hio scheduler noop registered
[23;80H [24;1Hio scheduler deadline registered
[23;80H [24;1Hio scheduler cfq registered (default)
[23;80H [24;1Hnss_rng nss_rng: NSS Random Number Generator ver. 2.0
[23;80H [24;1HSerial: 8250/16550 driver, 4 ports, IRQ sharing enabled
[23;80H [24;1Homap_uart.0: ttyO0 at MMIO 0x48020000 (irq = 72) is a OMAP UART0
[23;80H [24;1Homap_uart.1: ttyO1 at MMIO 0x48022000 (irq = 73) is a OMAP UART1
[23;80H [24;1Homap_uart.2: ttyO2 at MMIO 0x48024000 (irq = 74) is a OMAP UART2
[23;80H [24;1Hconsole [ttyO2] enabled
[23;80H [24;1Hbrd: module loaded
[23;80H [24;1Hloop: module loaded
[23;80H [24;1Hahci probe: devid name is ahci
[23;80H [24;1Hahci CAP register dump =0x6726ff81
[23;80H [24;1HModified ahci CAP register dump =0x6f26ff81
[23;80H [24;1Hahci ahci.0: forcing PORTS_IMPL to 0x3
[23;80H [24;1Hahci: SSS flag set, parallel bus scan disabled
[23;80H [24;1Hahci ahci.0: AHCI 0001.0100 32 slots 2 ports 3 Gbps 0x3 impl platform mode
[23;80H [24;1Hahci ahci.0: flags: ncq sntf stag pm led clo only pmp pio slum part ccc 
[23;80H [24;1Hscsi0 : ahci_platform
[23;80H [24;1Hscsi1 : ahci_platform
[23;80H [24;1Hata1: SATA max UDMA/133 mmio [mem 0x4a140000-0x4a150fff] port 0x100 irq 16
[23;80H [24;1Hata2: SATA max UDMA/133 mmio [mem 0x4a140000-0x4a150fff] port 0x180 irq 16
[23;80H [24;1Homap2-nand driver initializing
[23;80H [24;1HNAND device: Maf ID: 0xec, Chip ID: 0xda (Samsung, )
[23;80H [24;1H erasesize: 0x20000, writesize: 2048, oobsize: 64
[23;80H [24;1Homap2-nand: detected x8 NAND flash 
[23;80H [24;1HCreating 6 MTD partitions on "omap2-nand.0":
[23;80H [24;1H0x000000000000-0x000000240000 : "U-Boot"
[23;80H [24;1H0x000000240000-0x000000280000 : "U-Boot Env"
[23;80H [24;1H0x000000280000-0x000000580000 : "U-Boot Logo"
[23;80H [24;1H0x000000580000-0x0000009c0000 : "Kernel"
[23;80H [24;1H0x0000009c0000-0x00000d1e0000 : "File System"
[23;80H [24;1H
[23;80H [24;1H
[23;80H [24;1HU-Boot 2010.06 (Nov 23 2015 - 13:12:40)
[23;80H [24;1H
[23;80H [24;1HCDXZRS-GP rev 1.0
[23;80H [24;1H
[23;80H [24;1HI2C:   ready
[23;80H [24;1HDRAM:  2 GiB
[23;80H [24;1HNAND:  HW ECC BCH8 Selected
[23;80H [24;1H256 MiB
[23;80H [24;1HMMC:   OMAP SD/MMC: 0
[23;80H [24;1HEricDebug: CONFIG_MISC_INIT_R 
[23;80H [24;1H:,;;:;:;;;;;;;;r;;:,;;:;:;;;;;;;;:,;;:;:;;;;;;;;:,;;:;:;;;;;;;;:;;;;;;;;:,;;:;:
[23;80H [24;1H;,;:::;;;;r;;;rssiSiS552X5252525259GX2X9hX9X9XX2325S55252i5:,;;:;:;;;;;;;;:,;;:
[23;80H [24;1H;:;;;;;;;rrssSsS52S22h52299GGAAMHMM#BBH#B#HMM#HMBA&&XX2255S2S5Si:,;;:;:;;;;;;;;
[23;80H [24;1H;:;;r;;rsrrriiXS5S329&A&MH#BMB#A&9XXA252GXiSXX39AAMMMBB&G22S5i2SSiiiisi:,;;:;:;
[23;80H [24;1H;;;;;r;rr2iisiih393HB#B#AA99i22irrrX3X52AGsisss2Xii2299HBMA&X2S5S5iSiisSsi:,;;:
[23;80H [24;1Hr:r;rrsrsihXSi2&##MHB&Ahh3AGHGA9G9h&#H##@@@##MAMMXXX9SSS29&&HGGX2i5iisiiisisi:,
[23;80H [24;1H;;rrrrsSiiiA&ABH&A9GAGhAhBAMHA9HM@@@@@@@@@@@@@@@@@@@HHhAh2S2SX9&Gh22SSiisiiisii
[23;80H [24;1Hr:rrssisiS2XM##&h3AGAX&3GG3Ssr5H@M#HM2; ;2X&&&MHMB###GBB#B&XXSSs529XX55iSsisisi
[23;80H [24;1Hr;rsrisSi2XHAhX99A3XXG&&XS;:,rH#HGhAS   @@@@3rs2XBM@@A552&&AHA2XiisSS252SSsisSs
[23;80H [24;1Hr;issi5S22&&3iSSX292&hXsr;;:;h@&G339&S9@@@@2@MA&9&HB##Xris29ABMAAX2ir;rsSi5iss5
[23;80H [24;1HrrsSi2XhG&9GXh399&X99i;;;;;;r#H&293H9X#@@@@@@@B&9GhAH@XrrsrsiXABHB&HG2rr;rrSiSi
[23;80H [24;1H;:rsisS599&AA9XG&3A35r;:::;,;BMh&&2iX5A@@@@@@@&392X5GB2;;;r;iSX393A##A&Xi:::rsi
[23;80H [24;1H;:rss552222X553&XHMhir;;::,:,h#HhGSXhG3#@@@@#AXXS2XAHA;::;;;;ss55XShBA3239r:,;;
[23;80H [24;1Hr;ii2S5SSi2i53hirsh2srr::,,,,;MMXX359&Ah3h&Si59SX99A#i:,::::;;sri2,.2r;:SGAr;,:
[23;80H [24;1H;:;rrrrssiriXGSi::shs;;;,,,:,,rBBA9h5s5h5iS5isi2SAHB5:,,,:::;rrs5&SrisSX5Srrr:,
[23;80H [24;1H;,r;;;;rsriSSrrrr;;5Xrr;;,:,,.,;9AA2SsisS5323XXXG9&i:.,,::;;r;;;srrrrrr;;:;::::
[23;80H [24;1H:,;r;r;rrissrrr;:;::;s;;;;,:,,..,r293h222hXXAAGGGX;:,,,:,:,::;:;::,:,,,,...,,,,
[23;80H [24;1H;,;;;;rrrrrrrrirr;,.,,:::::::,,,,.,;SX&ABAB2hhXir:,,.,,.,,:,,,,..,,,..,..,,,..:
[23;80H [24;1H:.:;:;;;:;;;;r;rrs;:.. ,,:::::,:,:,,.::rrsrr;;,,.......,..,....,,,,,,,...,.,,:,
[23;80H [24;1H:.:::,::::::;;r;rrr;:.......,.,.,,:::,,...............,,::.,,,,:,::,,:,:,,,:,;:
[23;80H [24;1H,.::,:,,,,,;;;;;;;;r;;::,..............................;;;:;::::,:::::::,:,:,,,
[23;80H [24;1H: ,,:,,,,,,,,,,,,,:;rrr;;:;,,,,,,,::,.,.:.,.,;s,:;;;;:;:;;;;;::::,:::,:::,:,:,:
[23;80H [24;1H,.,,,,,,,...,,.,,....................................:,............:,,,:,:,,,,,
[23;80H [24;1H
[23;80H [24;1HEricDebug: didn't CONFIG_DRIVER_SMC91111 
[23;80H [24;1HEricDebug: didn't CONFIG_DRIVER_LAN91C96 
[23;80H [24;1HEricDebug: CONFIG_CMD_NET 
[23;80H [24;1HEricDebug: CONFIG_CMD_NET 
[23;80H [24;1HEricDebug: CONFIG_NET_MULTI 
[23;80H [24;1HNet:   EricDebug: eth.c ,204 
[23;80H [24;1HEricDebug: CONFIG_MII 
[23;80H [24;1HEricDebug: didn't CONFIG_CMD_MII 
[23;80H [24;1HEricDebug: didn't CONFIG_DB64360 
[23;80H [24;1HEricDebug: didn't CONFIG_CPCI750 
[23;80H [24;1HEricDebug: didn't CONFIG_DB64460 
[23;80H [24;1HEricDebug: didn't CONFIG_P3Mx 
[23;80H [24;1HEricDebug: CONFIG_NET_MULTI 
[23;80H [24;1Hset mac addr : ae:df: 0:27:aa:44
[23;80H [24;1Hset mac addr1 : af:df: 0:27:aa:44
[23;80H [24;1HEthernet PHY: GENERIC @ 0x01
[23;80H [24;1HEricDebug : dev->write_hwaddr  =(null) 
[23;80H [24;1HDaVinci EMACEricDebug : 0x44,0xaa,0x27,0x00,0xdf,0xae 
[23;80H [24;1HEricDebug :is_valid_ether_addr 
[23;80H [24;1H
[23;80H [24;1H JTAG ID is equal to 0x3b81e02f  
[23;80H [24;1H JTAG ID is equal to 0x3b81e02f  
[23;80H [24;1H JTAG ID is equal to 0x3b81e02f  
[23;80H [24;1H JTAG ID is equal to 0x3b81e02f  
[23;80H [24;1H JTAG ID is equal to 0x3b81e02f  
[23;80H [24;1H JTAG ID is equal to 0x3b81e02f  
[23;80H [24;1H JTAG ID is equal to 0x3b81e02f  
[23;80H [24;1H JTAG ID is equal to 0x3b81e02f  
[23;80H [24;1H JTAG ID is equal to 0x3b81e02f  
[23;80H [24;1H JTAG ID is equal to 0x3b81e02f  
[23;80H [24;1H JTAG ID is equal to 0x3b81e02f  
[23;80H [24;1H JTAG ID is equal to 0x3b81e02f  
[23;80H [24;1H JTAG ID is equal to 0x3b81e02f  
[23;80H [24;1H MAC_ID0_LO is equal to 0xaedf  
[23;80H [24;1H MAC_ID0_LO is equal to 0xaedf  
[23;80H [24;1H MAC_ID0_LO is equal to 0xaedf  
[23;80H [24;1H MAC_ID0_HI is equal to 0x97239d0  
[23;80H [24;1H MAC_ID0_HI is equal to 0x97239d0  
[23;80H [24;1H MAC_ID0_HI is equal to 0x97239d0  
[23;80H [24;1H MAC_ID1_LO is equal to 0xafdf  
[23;80H [24;1H MAC_ID1_LO is equal to 0xafdf  
[23;80H [24;1H MAC_ID1_LO is equal to 0xafdf  
[23;80H [24;1H MAC_ID1_HI is equal to 0x97239d0  
[23;80H [24;1H MAC_ID1_HI is equal to 0x97239d0  
[23;80H [24;1H MAC_ID1_HI is equal to 0x97239d0  
[23;80H [24;1HHit any key to stop autoboot:  1  0 
[23;80H [24;1H
[23;80H [24;1HNAND read: device 0 offset 0x580000, size 0x300000
[23;80H [24;1H 3145728 bytes read: OK
[23;80H [24;1H## Booting kernel from Legacy Image at 81000000 ...
[23;80H [24;1H   Image Name:   Linux-2.6.37
[23;80H [24;1H   Created:      2015-11-17   5:22:03 UTC
[23;80H [24;1H   Image Type:   ARM Linux Kernel Image (uncompressed)
[23;80H [24;1H   Data Size:    2627208 Bytes = 2.5 MiB
[23;80H [24;1H   Load Address: c0008000
[23;80H [24;1H   Entry Point:  c0008000
[23;80H [24;1H   Verifying Checksum ... OK
[23;80H [24;1H   Loading Kernel Image ... OK
[23;80H [24;1HOK
[23;80H [24;1H
[23;80H [24;1HStarting kernel ...
[23;80H [24;1H
[23;80H [24;1HLinux version 2.6.37 